Archive member included to satisfy reference by file (symbol)

C:/ST/STM32CubeIDE_1.19.0/STM32CubeIDE/plugins/com.st.stm32cube.ide.mcu.externaltools.gnu-tools-for-stm32.13.3.rel1.win32_1.0.0.202411081344/tools/bin/../lib/gcc/arm-none-eabi/13.3.1/../../../../arm-none-eabi/lib/thumb/v7e-m+dp/hard\libc_nano.a(libc_a-exit.o)
                              C:/ST/STM32CubeIDE_1.19.0/STM32CubeIDE/plugins/com.st.stm32cube.ide.mcu.externaltools.gnu-tools-for-stm32.13.3.rel1.win32_1.0.0.202411081344/tools/bin/../lib/gcc/arm-none-eabi/13.3.1/../../../../arm-none-eabi/lib/thumb/v7e-m+dp/hard/crt0.o (exit)
C:/ST/STM32CubeIDE_1.19.0/STM32CubeIDE/plugins/com.st.stm32cube.ide.mcu.externaltools.gnu-tools-for-stm32.13.3.rel1.win32_1.0.0.202411081344/tools/bin/../lib/gcc/arm-none-eabi/13.3.1/../../../../arm-none-eabi/lib/thumb/v7e-m+dp/hard\libc_nano.a(libc_a-findfp.o)
                              C:/ST/STM32CubeIDE_1.19.0/STM32CubeIDE/plugins/com.st.stm32cube.ide.mcu.externaltools.gnu-tools-for-stm32.13.3.rel1.win32_1.0.0.202411081344/tools/bin/../lib/gcc/arm-none-eabi/13.3.1/../../../../arm-none-eabi/lib/thumb/v7e-m+dp/hard\libc_nano.a(libc_a-exit.o) (__stdio_exit_handler)
C:/ST/STM32CubeIDE_1.19.0/STM32CubeIDE/plugins/com.st.stm32cube.ide.mcu.externaltools.gnu-tools-for-stm32.13.3.rel1.win32_1.0.0.202411081344/tools/bin/../lib/gcc/arm-none-eabi/13.3.1/../../../../arm-none-eabi/lib/thumb/v7e-m+dp/hard\libc_nano.a(libc_a-fwalk.o)
                              C:/ST/STM32CubeIDE_1.19.0/STM32CubeIDE/plugins/com.st.stm32cube.ide.mcu.externaltools.gnu-tools-for-stm32.13.3.rel1.win32_1.0.0.202411081344/tools/bin/../lib/gcc/arm-none-eabi/13.3.1/../../../../arm-none-eabi/lib/thumb/v7e-m+dp/hard\libc_nano.a(libc_a-findfp.o) (_fwalk_sglue)
C:/ST/STM32CubeIDE_1.19.0/STM32CubeIDE/plugins/com.st.stm32cube.ide.mcu.externaltools.gnu-tools-for-stm32.13.3.rel1.win32_1.0.0.202411081344/tools/bin/../lib/gcc/arm-none-eabi/13.3.1/../../../../arm-none-eabi/lib/thumb/v7e-m+dp/hard\libc_nano.a(libc_a-stdio.o)
                              C:/ST/STM32CubeIDE_1.19.0/STM32CubeIDE/plugins/com.st.stm32cube.ide.mcu.externaltools.gnu-tools-for-stm32.13.3.rel1.win32_1.0.0.202411081344/tools/bin/../lib/gcc/arm-none-eabi/13.3.1/../../../../arm-none-eabi/lib/thumb/v7e-m+dp/hard\libc_nano.a(libc_a-findfp.o) (__sread)
C:/ST/STM32CubeIDE_1.19.0/STM32CubeIDE/plugins/com.st.stm32cube.ide.mcu.externaltools.gnu-tools-for-stm32.13.3.rel1.win32_1.0.0.202411081344/tools/bin/../lib/gcc/arm-none-eabi/13.3.1/../../../../arm-none-eabi/lib/thumb/v7e-m+dp/hard\libc_nano.a(libc_a-memset.o)
                              C:/ST/STM32CubeIDE_1.19.0/STM32CubeIDE/plugins/com.st.stm32cube.ide.mcu.externaltools.gnu-tools-for-stm32.13.3.rel1.win32_1.0.0.202411081344/tools/bin/../lib/gcc/arm-none-eabi/13.3.1/../../../../arm-none-eabi/lib/thumb/v7e-m+dp/hard/crt0.o (memset)
C:/ST/STM32CubeIDE_1.19.0/STM32CubeIDE/plugins/com.st.stm32cube.ide.mcu.externaltools.gnu-tools-for-stm32.13.3.rel1.win32_1.0.0.202411081344/tools/bin/../lib/gcc/arm-none-eabi/13.3.1/../../../../arm-none-eabi/lib/thumb/v7e-m+dp/hard\libc_nano.a(libc_a-closer.o)
                              C:/ST/STM32CubeIDE_1.19.0/STM32CubeIDE/plugins/com.st.stm32cube.ide.mcu.externaltools.gnu-tools-for-stm32.13.3.rel1.win32_1.0.0.202411081344/tools/bin/../lib/gcc/arm-none-eabi/13.3.1/../../../../arm-none-eabi/lib/thumb/v7e-m+dp/hard\libc_nano.a(libc_a-stdio.o) (_close_r)
C:/ST/STM32CubeIDE_1.19.0/STM32CubeIDE/plugins/com.st.stm32cube.ide.mcu.externaltools.gnu-tools-for-stm32.13.3.rel1.win32_1.0.0.202411081344/tools/bin/../lib/gcc/arm-none-eabi/13.3.1/../../../../arm-none-eabi/lib/thumb/v7e-m+dp/hard\libc_nano.a(libc_a-reent.o)
                              C:/ST/STM32CubeIDE_1.19.0/STM32CubeIDE/plugins/com.st.stm32cube.ide.mcu.externaltools.gnu-tools-for-stm32.13.3.rel1.win32_1.0.0.202411081344/tools/bin/../lib/gcc/arm-none-eabi/13.3.1/../../../../arm-none-eabi/lib/thumb/v7e-m+dp/hard\libc_nano.a(libc_a-closer.o) (errno)
C:/ST/STM32CubeIDE_1.19.0/STM32CubeIDE/plugins/com.st.stm32cube.ide.mcu.externaltools.gnu-tools-for-stm32.13.3.rel1.win32_1.0.0.202411081344/tools/bin/../lib/gcc/arm-none-eabi/13.3.1/../../../../arm-none-eabi/lib/thumb/v7e-m+dp/hard\libc_nano.a(libc_a-impure.o)
                              C:/ST/STM32CubeIDE_1.19.0/STM32CubeIDE/plugins/com.st.stm32cube.ide.mcu.externaltools.gnu-tools-for-stm32.13.3.rel1.win32_1.0.0.202411081344/tools/bin/../lib/gcc/arm-none-eabi/13.3.1/../../../../arm-none-eabi/lib/thumb/v7e-m+dp/hard\libc_nano.a(libc_a-reent.o) (_impure_ptr)
C:/ST/STM32CubeIDE_1.19.0/STM32CubeIDE/plugins/com.st.stm32cube.ide.mcu.externaltools.gnu-tools-for-stm32.13.3.rel1.win32_1.0.0.202411081344/tools/bin/../lib/gcc/arm-none-eabi/13.3.1/../../../../arm-none-eabi/lib/thumb/v7e-m+dp/hard\libc_nano.a(libc_a-lseekr.o)
[...]
Memory Configuration

Name             Origin             Length             Attributes
RAM              0x20000000         0x00080000         xrw
FLASH            0x08000000         0x00200000         xr
*default*        0x00000000         0xffffffff

Linker script and memory map

LOAD C:/ST/STM32CubeIDE_1.19.0/STM32CubeIDE/plugins/com.st.stm32cube.ide.mcu.externaltools.gnu-tools-for-stm32.13.3.rel1.win32_1.0.0.202411081344/tools/bin/../lib/gcc/arm-none-eabi/13.3.1/thumb/v7e-m+dp/hard/crti.o
LOAD C:/ST/STM32CubeIDE_1.19.0/STM32CubeIDE/plugins/com.st.stm32cube.ide.mcu.externaltools.gnu-tools-for-stm32.13.3.rel1.win32_1.0.0.202411081344/tools/bin/../lib/gcc/arm-none-eabi/13.3.1/thumb/v7e-m+dp/hard/crtbegin.o
LOAD C:/ST/STM32CubeIDE_1.19.0/STM32CubeIDE/plugins/com.st.stm32cube.ide.mcu.externaltools.gnu-tools-for-stm32.13.3.rel1.win32_1.0.0.202411081344/tools/bin/../lib/gcc/arm-none-eabi/13.3.1/../../../../arm-none-eabi/lib/thumb/v7e-m+dp/hard/crt0.o
LOAD ./Core/Src/adc.o
LOAD ./Core/Src/dma.o
LOAD ./Core/Src/eth.o
LOAD ./Core/Src/gpio.o
LOAD ./Core/Src/i2c.o
LOAD ./Core/Src/main.o
LOAD ./Core/Src/rng.o
LOAD ./Core/Src/stm32f7xx_hal_msp.o
LOAD ./Core/Src/stm32f7xx_it.o
LOAD ./Core/Src/syscalls.o
LOAD ./Core/Src/sysmem.o
LOAD ./Core/Src/system_stm32f7xx.o
LOAD ./Core/Src/usart.o
LOAD ./Core/Src/usb_otg.o
LOAD ./Core/Startup/startup_stm32f767zitx.o
LOAD ./Drivers/STM32F7xx_HAL_Driver/Src/stm32f7xx_hal.o
LOAD ./Drivers/STM32F7xx_HAL_Driver/Src/stm32f7xx_hal_adc.o
LOAD ./Drivers/STM32F7xx_HAL_Driver/Src/stm32f7xx_hal_adc_ex.o
LOAD ./Drivers/STM32F7xx_HAL_Driver/Src/stm32f7xx_hal_cortex.o
LOAD ./Drivers/STM32F7xx_HAL_Driver/Src/stm32f7xx_hal_dma.o
LOAD ./Drivers/STM32F7xx_HAL_Driver/Src/stm32f7xx_hal_dma_ex.o
LOAD ./Drivers/STM32F7xx_HAL_Driver/Src/stm32f7xx_hal_eth.o
LOAD ./Drivers/STM32F7xx_HAL_Driver/Src/stm32f7xx_hal_exti.o
LOAD ./Drivers/STM32F7xx_HAL_Driver/Src/stm32f7xx_hal_flash.o
LOAD ./Drivers/STM32F7xx_HAL_Driver/Src/stm32f7xx_hal_flash_ex.o
LOAD ./Drivers/STM32F7xx_HAL_Driver/Src/stm32f7xx_hal_gpio.o
LOAD ./Drivers/STM32F7xx_HAL_Driver/Src/stm32f7xx_hal_i2c.o
LOAD ./Drivers/STM32F7xx_HAL_Driver/Src/stm32f7xx_hal_i2c_ex.o
LOAD ./Drivers/STM32F7xx_HAL_Driver/Src/stm32f7xx_hal_pcd.o
LOAD ./Drivers/STM32F7xx_HAL_Driver/Src/stm32f7xx_hal_pcd_ex.o
LOAD ./Drivers/STM32F7xx_HAL_Driver/Src/stm32f7xx_hal_pwr.o
LOAD ./Drivers/STM32F7xx_HAL_Driver/Src/stm32f7xx_hal_pwr_ex.o
LOAD ./Drivers/STM32F7xx_HAL_Driver/Src/stm32f7xx_hal_rcc.o
LOAD ./Drivers/STM32F7xx_HAL_Driver/Src/stm32f7xx_hal_rcc_ex.o
LOAD ./Drivers/STM32F7xx_HAL_Driver/Src/stm32f7xx_hal_rng.o
LOAD ./Drivers/STM32F7xx_HAL_Driver/Src/stm32f7xx_hal_uart.o
LOAD ./Drivers/STM32F7xx_HAL_Driver/Src/stm32f7xx_hal_uart_ex.o
LOAD ./Drivers/STM32F7xx_HAL_Driver/Src/stm32f7xx_ll_usb.o
START GROUP
LOAD C:/ST/STM32CubeIDE_1.19.0/STM32CubeIDE/plugins/com.st.stm32cube.ide.mcu.externaltools.gnu-tools-for-stm32.13.3.rel1.win32_1.0.0.202411081344/tools/bin/../lib/gcc/arm-none-eabi/13.3.1/../../../../arm-none-eabi/lib/thumb/v7e-m+dp/hard\libc_nano.a
LOAD C:/ST/STM32CubeIDE_1.19.0/STM32CubeIDE/plugins/com.st.stm32cube.ide.mcu.externaltools.gnu-tools-for-stm32.13.3.rel1.win32_1.0.0.202411081344/tools/bin/../lib/gcc/arm-none-eabi/13.3.1/../../../../arm-none-eabi/lib/thumb/v7e-m+dp/hard\libm.a
END GROUP
START GROUP
LOAD C:/ST/STM32CubeIDE_1.19.0/STM32CubeIDE/plugins/com.st.stm32cube.ide.mcu.externaltools.gnu-tools-for-stm32.13.3.rel1.win32_1.0.0.202411081344/tools/bin/../lib/gcc/arm-none-eabi/13.3.1/thumb/v7e-m+dp/hard\libgcc.a
LOAD C:/ST/STM32CubeIDE_1.19.0/STM32CubeIDE/plugins/com.st.stm32cube.ide.mcu.externaltools.gnu-tools-for-stm32.13.3.rel1.win32_1.0.0.202411081344/tools/bin/../lib/gcc/arm-none-eabi/13.3.1/../../../../arm-none-eabi/lib/thumb/v7e-m+dp/hard\libc_nano.a
END GROUP
START GROUP
LOAD C:/ST/STM32CubeIDE_1.19.0/STM32CubeIDE/plugins/com.st.stm32cube.ide.mcu.externaltools.gnu-tools-for-stm32.13.3.rel1.win32_1.0.0.202411081344/tools/bin/../lib/gcc/arm-none-eabi/13.3.1/thumb/v7e-m+dp/hard\libgcc.a
LOAD C:/ST/STM32CubeIDE_1.19.0/STM32CubeIDE/plugins/com.st.stm32cube.ide.mcu.externaltools.gnu-tools-for-stm32.13.3.rel1.win32_1.0.0.202411081344/tools/bin/../lib/gcc/arm-none-eabi/13.3.1/../../../../arm-none-eabi/lib/thumb/v7e-m+dp/hard\libc_nano.a
LOAD C:/ST/STM32CubeIDE_1.19.0/STM32CubeIDE/plugins/com.st.stm32cube.ide.mcu.externaltools.gnu-tools-for-stm32.13.3.rel1.win32_1.0.0.202411081344/tools/bin/../lib/gcc/arm-none-eabi/13.3.1/../../../../arm-none-eabi/lib/thumb/v7e-m+dp/hard\libnosys.a
END GROUP
START GROUP
LOAD C:/ST/STM32CubeIDE_1.19.0/STM32CubeIDE/plugins/com.st.stm32cube.ide.mcu.externaltools.gnu-tools-for-stm32.13.3.rel1.win32_1.0.0.202411081344/tools/bin/../lib/gcc/arm-none-eabi/13.3.1/thumb/v7e-m+dp/hard\libgcc.a
LOAD C:/ST/STM32CubeIDE_1.19.0/STM32CubeIDE/plugins/com.st.stm32cube.ide.mcu.externaltools.gnu-tools-for-stm32.13.3.rel1.win32_1.0.0.202411081344/tools/bin/../lib/gcc/arm-none-eabi/13.3.1/../../../../arm-none-eabi/lib/thumb/v7e-m+dp/hard\libc_nano.a
LOAD C:/ST/STM32CubeIDE_1.19.0/STM32CubeIDE/plugins/com.st.stm32cube.ide.mcu.externaltools.gnu-tools-for-stm32.13.3.rel1.win32_1.0.0.202411081344/tools/bin/../lib/gcc/arm-none-eabi/13.3.1/../../../../arm-none-eabi/lib/thumb/v7e-m+dp/hard\libnosys.a
END GROUP
LOAD C:/ST/STM32CubeIDE_1.19.0/STM32CubeIDE/plugins/com.st.stm32cube.ide.mcu.externaltools.gnu-tools-for-stm32.13.3.rel1.win32_1.0.0.202411081344/tools/bin/../lib/gcc/arm-none-eabi/13.3.1/thumb/v7e-m+dp/hard/crtend.o
LOAD C:/ST/STM32CubeIDE_1.19.0/STM32CubeIDE/plugins/com.st.stm32cube.ide.mcu.externaltools.gnu-tools-for-stm32.13.3.rel1.win32_1.0.0.202411081344/tools/bin/../lib/gcc/arm-none-eabi/13.3.1/thumb/v7e-m+dp/hard/crtn.o
                0x20080000                        _estack = (ORIGIN (RAM) + LENGTH (RAM))
                0x00000200                        _Min_Heap_Size = 0x200
                0x00000400                        _Min_Stack_Size = 0x400

.isr_vector     0x08000000      0x1f8
                0x08000000                        . = ALIGN (0x4)
 *(.isr_vector)
 .isr_vector    0x08000000      0x1f8 ./Core/Startup/startup_stm32f767zitx.o
                0x08000000                g_pfnVectors
                0x080001f8                        . = ALIGN (0x4)

.text           0x080001f8     0x53d4
                0x080001f8                        . = ALIGN (0x4)
 *(.text)
 .text          0x080001f8       0x40 C:/ST/STM32CubeIDE_1.19.0/STM32CubeIDE/plugins/com.st.stm32cube.ide.mcu.externaltools.gnu-tools-for-stm32.13.3.rel1.win32_1.0.0.202411081344/tools/bin/../lib/gcc/arm-none-eabi/13.3.1/thumb/v7e-m+dp/hard/crtbegin.o
 .text          0x08000238       0x30 C:/ST/STM32CubeIDE_1.19.0/STM32CubeIDE/plugins/com.st.stm32cube.ide.mcu.externaltools.gnu-tools-for-stm32.13.3.rel1.win32_1.0.0.202411081344/tools/bin/../lib/gcc/arm-none-eabi/13.3.1/thumb/v7e-m+dp/hard\libgcc.a(_aeabi_uldivmod.o)
                0x08000238                __aeabi_uldivmod
 .text          0x08000268      0x2f8 C:/ST/STM32CubeIDE_1.19.0/STM32CubeIDE/plugins/com.st.stm32cube.ide.mcu.externaltools.gnu-tools-for-stm32.13.3.rel1.win32_1.0.0.202411081344/tools/bin/../lib/gcc/arm-none-eabi/13.3.1/thumb/v7e-m+dp/hard\libgcc.a(_udivmoddi4.o)
                0x08000268                __udivmoddi4
 .text          0x08000560        0x4 C:/ST/STM32CubeIDE_1.19.0/STM32CubeIDE/plugins/com.st.stm32cube.ide.mcu.externaltools.gnu-tools-for-stm32.13.3.rel1.win32_1.0.0.202411081344/tools/bin/../lib/gcc/arm-none-eabi/13.3.1/thumb/v7e-m+dp/hard\libgcc.a(_dvmd_tls.o)
                0x08000560                __aeabi_idiv0
                0x08000560                __aeabi_ldiv0
 *(.text*)
 .text.MX_ADC3_Init
                0x08000564      0x130 ./Core/Src/adc.o
                0x08000564                MX_ADC3_Init
 .text.HAL_ADC_MspInit
                0x08000694      0x154 ./Core/Src/adc.o
                0x08000694                HAL_ADC_MspInit
 .text.MX_DMA_Init
                0x080007e8       0x3c ./Core/Src/dma.o
                0x080007e8                MX_DMA_Init
 .text.MX_ETH_Init
                0x08000824       0x9c ./Core/Src/eth.o
                0x08000824                MX_ETH_Init
 .text.HAL_ETH_MspInit
                0x080008c0      0x170 ./Core/Src/eth.o
                0x080008c0                HAL_ETH_MspInit
 .text.MX_GPIO_Init
                0x08000a30      0x34c ./Core/Src/gpio.o
                0x08000a30                MX_GPIO_Init
 .text.MX_I2C2_Init
                0x08000d7c       0x80 ./Core/Src/i2c.o
                0x08000d7c                MX_I2C2_Init
 .text.HAL_I2C_MspInit
                0x08000dfc       0xbc ./Core/Src/i2c.o
                0x08000dfc                HAL_I2C_MspInit
 .text.set_array
                0x08000eb8       0x48 ./Core/Src/main.o
 .text.set_led  0x08000f00       0x26 ./Core/Src/main.o
 *fill*         0x08000f26        0x2 
 .text.main     0x08000f28       0xa8 ./Core/Src/main.o
                0x08000f28                main
 .text.SystemClock_Config
                0x08000fd0       0xdc ./Core/Src/main.o
                0x08000fd0                SystemClock_Config
 .text.HAL_GPIO_EXTI_Callback
                0x080010ac       0x68 ./Core/Src/main.o
                0x080010ac                HAL_GPIO_EXTI_Callback
 .text.Error_Handler
                0x08001114        0xc ./Core/Src/main.o
                0x08001114                Error_Handler
 .text.MX_RNG_Init
                0x08001120       0x28 ./Core/Src/rng.o
                0x08001120                MX_RNG_Init
 .text.HAL_RNG_MspInit
                0x08001148       0x68 ./Core/Src/rng.o
                0x08001148                HAL_RNG_MspInit
 .text.HAL_MspInit
                0x080011b0       0x48 ./Core/Src/stm32f7xx_hal_msp.o
                0x080011b0                HAL_MspInit
 .text.NMI_Handler
                0x080011f8        0x8 ./Core/Src/stm32f7xx_it.o
                0x080011f8                NMI_Handler
 .text.HardFault_Handler
                0x08001200        0x8 ./Core/Src/stm32f7xx_it.o
                0x08001200                HardFault_Handler
 .text.MemManage_Handler
                0x08001208        0x8 ./Core/Src/stm32f7xx_it.o
                0x08001208                MemManage_Handler
 .text.BusFault_Handler
                0x08001210        0x8 ./Core/Src/stm32f7xx_it.o
                0x08001210                BusFault_Handler
 .text.UsageFault_Handler
                0x08001218        0x8 ./Core/Src/stm32f7xx_it.o
                0x08001218                UsageFault_Handler
 .text.SVC_Handler
                0x08001220        0xe ./Core/Src/stm32f7xx_it.o
                0x08001220                SVC_Handler
 .text.DebugMon_Handler
                0x0800122e        0xe ./Core/Src/stm32f7xx_it.o
                0x0800122e                DebugMon_Handler
 .text.PendSV_Handler
                0x0800123c        0xe ./Core/Src/stm32f7xx_it.o
                0x0800123c                PendSV_Handler
 .text.SysTick_Handler
                0x0800124a        0xc ./Core/Src/stm32f7xx_it.o
                0x0800124a                SysTick_Handler
 .text.EXTI9_5_IRQHandler
                0x08001256       0x10 ./Core/Src/stm32f7xx_it.o
                0x08001256                EXTI9_5_IRQHandler
 .text.EXTI15_10_IRQHandler
                0x08001266       0x28 ./Core/Src/stm32f7xx_it.o
                0x08001266                EXTI15_10_IRQHandler
 *fill*         0x0800128e        0x2 
 .text.DMA2_Stream0_IRQHandler
                0x08001290       0x14 ./Core/Src/stm32f7xx_it.o
                0x08001290                DMA2_Stream0_IRQHandler
 .text.SystemInit
                0x080012a4       0x24 ./Core/Src/system_stm32f7xx.o
                0x080012a4                SystemInit
 .text.MX_USART3_UART_Init
                0x080012c8       0x60 ./Core/Src/usart.o
                0x080012c8                MX_USART3_UART_Init
 .text.HAL_UART_MspInit
                0x08001328       0xc0 ./Core/Src/usart.o
                0x08001328                HAL_UART_MspInit
 .text.MX_USB_OTG_FS_PCD_Init
                0x080013e8       0x5c ./Core/Src/usb_otg.o
                0x080013e8                MX_USB_OTG_FS_PCD_Init
 .text.HAL_PCD_MspInit
                0x08001444       0xf4 ./Core/Src/usb_otg.o
                0x08001444                HAL_PCD_MspInit
 .text.Reset_Handler
                0x08001538       0x50 ./Core/Startup/startup_stm32f767zitx.o
                0x08001538                Reset_Handler
 .text.Default_Handler
                0x08001588        0x2 ./Core/Startup/startup_stm32f767zitx.o
                0x08001588                RTC_Alarm_IRQHandler
                0x08001588                EXTI2_IRQHandler
                0x08001588                TIM8_CC_IRQHandler
                0x08001588                UART8_IRQHandler
                0x08001588                SPI4_IRQHandler
                0x08001588                TIM1_CC_IRQHandler
                0x08001588                DMA2_Stream5_IRQHandler
                0x08001588                JPEG_IRQHandler
                0x08001588                DMA1_Stream5_IRQHandler
                0x08001588                CAN3_RX1_IRQHandler
                0x08001588                PVD_IRQHandler
                0x08001588                TAMP_STAMP_IRQHandler
                0x08001588                CAN2_RX1_IRQHandler
                0x08001588                EXTI3_IRQHandler
                0x08001588                TIM8_TRG_COM_TIM14_IRQHandler
                0x08001588                DFSDM1_FLT1_IRQHandler
                0x08001588                TIM1_UP_TIM10_IRQHandler
                0x08001588                TIM8_UP_TIM13_IRQHandler
                0x08001588                I2C3_ER_IRQHandler
                0x08001588                DFSDM1_FLT2_IRQHandler
                0x08001588                EXTI0_IRQHandler
                0x08001588                I2C2_EV_IRQHandler
                0x08001588                DMA1_Stream2_IRQHandler
                0x08001588                CAN1_RX0_IRQHandler
                0x08001588                FPU_IRQHandler
                0x08001588                OTG_HS_WKUP_IRQHandler
                0x08001588                CAN3_SCE_IRQHandler
                0x08001588                LTDC_ER_IRQHandler
                0x08001588                CAN2_SCE_IRQHandler
                0x08001588                DMA2_Stream2_IRQHandler
                0x08001588                SPI1_IRQHandler
                0x08001588                TIM6_DAC_IRQHandler
                0x08001588                TIM1_BRK_TIM9_IRQHandler
                0x08001588                DCMI_IRQHandler
                0x08001588                CAN2_RX0_IRQHandler
                0x08001588                DMA2_Stream3_IRQHandler
                0x08001588                SAI2_IRQHandler
                0x08001588                DFSDM1_FLT3_IRQHandler
                0x08001588                USART6_IRQHandler
                0x08001588                CAN3_RX0_IRQHandler
                0x08001588                USART3_IRQHandler
                0x08001588                CAN1_RX1_IRQHandler
                0x08001588                UART5_IRQHandler
                0x08001588                TIM4_IRQHandler
                0x08001588                QUADSPI_IRQHandler
                0x08001588                I2C1_EV_IRQHandler
                0x08001588                DMA1_Stream6_IRQHandler
                0x08001588                DMA1_Stream1_IRQHandler
                0x08001588                UART4_IRQHandler
                0x08001588                TIM3_IRQHandler
                0x08001588                RCC_IRQHandler
                0x08001588                TIM8_BRK_TIM12_IRQHandler
                0x08001588                Default_Handler
                0x08001588                CEC_IRQHandler
                0x08001588                ADC_IRQHandler
                0x08001588                DMA1_Stream7_IRQHandler
                0x08001588                SPI5_IRQHandler
                0x08001588                TIM7_IRQHandler
                0x08001588                SDMMC1_IRQHandler
                0x08001588                CAN2_TX_IRQHandler
                0x08001588                TIM5_IRQHandler
                0x08001588                DMA2_Stream7_IRQHandler
                0x08001588                I2C3_EV_IRQHandler
                0x08001588                RTC_WKUP_IRQHandler
                0x08001588                LTDC_IRQHandler
                0x08001588                ETH_WKUP_IRQHandler
                0x08001588                SPDIF_RX_IRQHandler
                0x08001588                SPI2_IRQHandler
                0x08001588                OTG_HS_EP1_IN_IRQHandler
                0x08001588                DMA1_Stream0_IRQHandler
                0x08001588                CAN1_TX_IRQHandler
                0x08001588                EXTI4_IRQHandler
                0x08001588                RNG_IRQHandler
                0x08001588                ETH_IRQHandler
                0x08001588                OTG_HS_EP1_OUT_IRQHandler
                0x08001588                WWDG_IRQHandler
                0x08001588                SPI6_IRQHandler
                0x08001588                MDIOS_IRQHandler
                0x08001588                I2C4_EV_IRQHandler
                0x08001588                CAN3_TX_IRQHandler
                0x08001588                TIM2_IRQHandler
                0x08001588                OTG_FS_WKUP_IRQHandler
                0x08001588                TIM1_TRG_COM_TIM11_IRQHandler
                0x08001588                OTG_HS_IRQHandler
                0x08001588                DMA2D_IRQHandler
                0x08001588                EXTI1_IRQHandler
                0x08001588                SDMMC2_IRQHandler
                0x08001588                UART7_IRQHandler
                0x08001588                USART2_IRQHandler
                0x08001588                DFSDM1_FLT0_IRQHandler
                0x08001588                I2C2_ER_IRQHandler
                0x08001588                DMA2_Stream1_IRQHandler
                0x08001588                CAN1_SCE_IRQHandler
                0x08001588                FLASH_IRQHandler
                0x08001588                DMA2_Stream4_IRQHandler
                0x08001588                USART1_IRQHandler
                0x08001588                OTG_FS_IRQHandler
                0x08001588                SPI3_IRQHandler
                0x08001588                DMA1_Stream4_IRQHandler
                0x08001588                I2C1_ER_IRQHandler
                0x08001588                FMC_IRQHandler
                0x08001588                LPTIM1_IRQHandler
                0x08001588                I2C4_ER_IRQHandler
                0x08001588                DMA2_Stream6_IRQHandler
                0x08001588                SAI1_IRQHandler
                0x08001588                DMA1_Stream3_IRQHandler
 .text.HAL_Init
                0x0800158a       0x1a ./Drivers/STM32F7xx_HAL_Driver/Src/stm32f7xx_hal.o
                0x0800158a                HAL_Init
 .text.HAL_InitTick
                0x080015a4       0x60 ./Drivers/STM32F7xx_HAL_Driver/Src/stm32f7xx_hal.o
                0x080015a4                HAL_InitTick
 .text.HAL_IncTick
                0x08001604       0x28 ./Drivers/STM32F7xx_HAL_Driver/Src/stm32f7xx_hal.o
                0x08001604                HAL_IncTick
 .text.HAL_GetTick
                0x0800162c       0x18 ./Drivers/STM32F7xx_HAL_Driver/Src/stm32f7xx_hal.o
                0x0800162c                HAL_GetTick
 .text.HAL_Delay
                0x08001644       0x48 ./Drivers/STM32F7xx_HAL_Driver/Src/stm32f7xx_hal.o
                0x08001644                HAL_Delay
 .text.HAL_ADC_Init
                0x0800168c       0x88 ./Drivers/STM32F7xx_HAL_Driver/Src/stm32f7xx_hal_adc.o
                0x0800168c                HAL_ADC_Init
 .text.HAL_ADC_ConfigChannel
                0x08001714      0x2b4 ./Drivers/STM32F7xx_HAL_Driver/Src/stm32f7xx_hal_adc.o
                0x08001714                HAL_ADC_ConfigChannel
 .text.ADC_Init
                0x080019c8      0x1f4 ./Drivers/STM32F7xx_HAL_Driver/Src/stm32f7xx_hal_adc.o
 .text.__NVIC_SetPriorityGrouping
                0x08001bbc       0x48 ./Drivers/STM32F7xx_HAL_Driver/Src/stm32f7xx_hal_cortex.o
 .text.__NVIC_GetPriorityGrouping
                0x08001c04       0x1c ./Drivers/STM32F7xx_HAL_Driver/Src/stm32f7xx_hal_cortex.o
 .text.__NVIC_EnableIRQ
                0x08001c20       0x3c ./Drivers/STM32F7xx_HAL_Driver/Src/stm32f7xx_hal_cortex.o
 .text.__NVIC_SetPriority
                0x08001c5c       0x54 ./Drivers/STM32F7xx_HAL_Driver/Src/stm32f7xx_hal_cortex.o
 .text.NVIC_EncodePriority
                0x08001cb0       0x66 ./Drivers/STM32F7xx_HAL_Driver/Src/stm32f7xx_hal_cortex.o
 *fill*         0x08001d16        0x2 
 .text.SysTick_Config
                0x08001d18       0x44 ./Drivers/STM32F7xx_HAL_Driver/Src/stm32f7xx_hal_cortex.o
 .text.HAL_NVIC_SetPriorityGrouping
                0x08001d5c       0x16 ./Drivers/STM32F7xx_HAL_Driver/Src/stm32f7xx_hal_cortex.o
                0x08001d5c                HAL_NVIC_SetPriorityGrouping
 .text.HAL_NVIC_SetPriority
                0x08001d72       0x38 ./Drivers/STM32F7xx_HAL_Driver/Src/stm32f7xx_hal_cortex.o
                0x08001d72                HAL_NVIC_SetPriority
 .text.HAL_NVIC_EnableIRQ
                0x08001daa       0x1c ./Drivers/STM32F7xx_HAL_Driver/Src/stm32f7xx_hal_cortex.o
                0x08001daa                HAL_NVIC_EnableIRQ
 .text.HAL_SYSTICK_Config
                0x08001dc6       0x18 ./Drivers/STM32F7xx_HAL_Driver/Src/stm32f7xx_hal_cortex.o
                0x08001dc6                HAL_SYSTICK_Config
 *fill*         0x08001dde        0x2 
 .text.HAL_DMA_Init
                0x08001de0      0x15c ./Drivers/STM32F7xx_HAL_Driver/Src/stm32f7xx_hal_dma.o
                0x08001de0                HAL_DMA_Init
 .text.HAL_DMA_IRQHandler
                0x08001f3c      0x314 ./Drivers/STM32F7xx_HAL_Driver/Src/stm32f7xx_hal_dma.o
                0x08001f3c                HAL_DMA_IRQHandler
 .text.DMA_CalcBaseAndBitshift
                0x08002250       0x6c ./Drivers/STM32F7xx_HAL_Driver/Src/stm32f7xx_hal_dma.o
 .text.DMA_CheckFifoParam
                0x080022bc       0xf8 ./Drivers/STM32F7xx_HAL_Driver/Src/stm32f7xx_hal_dma.o
 .text.HAL_ETH_Init
                0x080023b4      0x134 ./Drivers/STM32F7xx_HAL_Driver/Src/stm32f7xx_hal_eth.o
                0x080023b4                HAL_ETH_Init
 .text.ETH_SetMACConfig
                0x080024e8      0x168 ./Drivers/STM32F7xx_HAL_Driver/Src/stm32f7xx_hal_eth.o
 .text.ETH_SetDMAConfig
                0x08002650      0x114 ./Drivers/STM32F7xx_HAL_Driver/Src/stm32f7xx_hal_eth.o
 .text.ETH_MACDMAConfig
                0x08002764       0xea ./Drivers/STM32F7xx_HAL_Driver/Src/stm32f7xx_hal_eth.o
 *fill*         0x0800284e        0x2 
 .text.ETH_MACAddressConfig
                0x08002850       0x70 ./Drivers/STM32F7xx_HAL_Driver/Src/stm32f7xx_hal_eth.o
 .text.ETH_DMATxDescListInit
                0x080028c0       0xb2 ./Drivers/STM32F7xx_HAL_Driver/Src/stm32f7xx_hal_eth.o
 .text.ETH_DMARxDescListInit
                0x08002972       0xde ./Drivers/STM32F7xx_HAL_Driver/Src/stm32f7xx_hal_eth.o
 .text.HAL_GPIO_Init
                0x08002a50      0x358 ./Drivers/STM32F7xx_HAL_Driver/Src/stm32f7xx_hal_gpio.o
                0x08002a50                HAL_GPIO_Init
 .text.HAL_GPIO_WritePin
                0x08002da8       0x32 ./Drivers/STM32F7xx_HAL_Driver/Src/stm32f7xx_hal_gpio.o
                0x08002da8                HAL_GPIO_WritePin
 *fill*         0x08002dda        0x2 
 .text.HAL_GPIO_EXTI_IRQHandler
                0x08002ddc       0x30 ./Drivers/STM32F7xx_HAL_Driver/Src/stm32f7xx_hal_gpio.o
                0x08002ddc                HAL_GPIO_EXTI_IRQHandler
 .text.HAL_I2C_Init
                0x08002e0c      0x138 ./Drivers/STM32F7xx_HAL_Driver/Src/stm32f7xx_hal_i2c.o
                0x08002e0c                HAL_I2C_Init
 .text.HAL_I2CEx_ConfigAnalogFilter
                0x08002f44       0x96 ./Drivers/STM32F7xx_HAL_Driver/Src/stm32f7xx_hal_i2c_ex.o
                0x08002f44                HAL_I2CEx_ConfigAnalogFilter
 .text.HAL_I2CEx_ConfigDigitalFilter
                0x08002fda       0x98 ./Drivers/STM32F7xx_HAL_Driver/Src/stm32f7xx_hal_i2c_ex.o
                0x08002fda                HAL_I2CEx_ConfigDigitalFilter
 .text.HAL_PCD_Init
                0x08003072      0x22c ./Drivers/STM32F7xx_HAL_Driver/Src/stm32f7xx_hal_pcd.o
                0x08003072                HAL_PCD_Init
 *fill*         0x0800329e        0x2 
 .text.HAL_PCDEx_ActivateLPM
                0x080032a0       0x48 ./Drivers/STM32F7xx_HAL_Driver/Src/stm32f7xx_hal_pcd_ex.o
                0x080032a0                HAL_PCDEx_ActivateLPM
 .text.HAL_PWREx_EnableOverDrive
                0x080032e8       0xa0 ./Drivers/STM32F7xx_HAL_Driver/Src/stm32f7xx_hal_pwr_ex.o
                0x080032e8                HAL_PWREx_EnableOverDrive
 .text.HAL_RCC_OscConfig
                0x08003388      0x55c ./Drivers/STM32F7xx_HAL_Driver/Src/stm32f7xx_hal_rcc.o
                0x08003388                HAL_RCC_OscConfig
 .text.HAL_RCC_ClockConfig
                0x080038e4      0x1d8 ./Drivers/STM32F7xx_HAL_Driver/Src/stm32f7xx_hal_rcc.o
                0x080038e4                HAL_RCC_ClockConfig
 .text.HAL_RCC_GetSysClockFreq
                0x08003abc      0x20c ./Drivers/STM32F7xx_HAL_Driver/Src/stm32f7xx_hal_rcc.o
                0x08003abc                HAL_RCC_GetSysClockFreq
 .text.HAL_RCC_GetHCLKFreq
                0x08003cc8       0x18 ./Drivers/STM32F7xx_HAL_Driver/Src/stm32f7xx_hal_rcc.o
                0x08003cc8                HAL_RCC_GetHCLKFreq
 .text.HAL_RCC_GetPCLK1Freq
                0x08003ce0       0x28 ./Drivers/STM32F7xx_HAL_Driver/Src/stm32f7xx_hal_rcc.o
                0x08003ce0                HAL_RCC_GetPCLK1Freq
 .text.HAL_RCC_GetPCLK2Freq
                0x08003d08       0x28 ./Drivers/STM32F7xx_HAL_Driver/Src/stm32f7xx_hal_rcc.o
                0x08003d08                HAL_RCC_GetPCLK2Freq
 .text.HAL_RCCEx_PeriphCLKConfig
                0x08003d30      0x850 ./Drivers/STM32F7xx_HAL_Driver/Src/stm32f7xx_hal_rcc_ex.o
                0x08003d30                HAL_RCCEx_PeriphCLKConfig
 .text.HAL_RNG_Init
                0x08004580       0x54 ./Drivers/STM32F7xx_HAL_Driver/Src/stm32f7xx_hal_rng.o
                0x08004580                HAL_RNG_Init
 .text.HAL_UART_Init
                0x080045d4       0x9c ./Drivers/STM32F7xx_HAL_Driver/Src/stm32f7xx_hal_uart.o
                0x080045d4                HAL_UART_Init
 .text.UART_SetConfig
                0x08004670      0x4c8 ./Drivers/STM32F7xx_HAL_Driver/Src/stm32f7xx_hal_uart.o
                0x08004670                UART_SetConfig
 .text.UART_AdvFeatureConfig
                0x08004b38      0x144 ./Drivers/STM32F7xx_HAL_Driver/Src/stm32f7xx_hal_uart.o
                0x08004b38                UART_AdvFeatureConfig
 .text.UART_CheckIdleState
                0x08004c7c      0x150 ./Drivers/STM32F7xx_HAL_Driver/Src/stm32f7xx_hal_uart.o
                0x08004c7c                UART_CheckIdleState
 .text.UART_WaitOnFlagUntilTimeout
                0x08004dcc       0xda ./Drivers/STM32F7xx_HAL_Driver/Src/stm32f7xx_hal_uart.o
                0x08004dcc                UART_WaitOnFlagUntilTimeout
 .text.UART_EndRxTransfer
                0x08004ea6       0xc8 ./Drivers/STM32F7xx_HAL_Driver/Src/stm32f7xx_hal_uart.o
 *fill*         0x08004f6e        0x2 
 .text.USB_CoreInit
                0x08004f70       0xb4 ./Drivers/STM32F7xx_HAL_Driver/Src/stm32f7xx_ll_usb.o
                0x08004f70                USB_CoreInit
 .text.USB_DisableGlobalInt
                0x08005024       0x22 ./Drivers/STM32F7xx_HAL_Driver/Src/stm32f7xx_ll_usb.o
                0x08005024                USB_DisableGlobalInt
 .text.USB_SetCurrentMode
                0x08005046       0x98 ./Drivers/STM32F7xx_HAL_Driver/Src/stm32f7xx_ll_usb.o
                0x08005046                USB_SetCurrentMode
 *fill*         0x080050de        0x2 
 .text.USB_DevInit
                0x080050e0      0x2bc ./Drivers/STM32F7xx_HAL_Driver/Src/stm32f7xx_ll_usb.o
                0x080050e0                USB_DevInit
 .text.USB_FlushTxFifo
                0x0800539c       0x64 ./Drivers/STM32F7xx_HAL_Driver/Src/stm32f7xx_ll_usb.o
                0x0800539c                USB_FlushTxFifo
 .text.USB_FlushRxFifo
                0x08005400       0x5c ./Drivers/STM32F7xx_HAL_Driver/Src/stm32f7xx_ll_usb.o
                0x08005400                USB_FlushRxFifo
 .text.USB_SetDevSpeed
                0x0800545c       0x32 ./Drivers/STM32F7xx_HAL_Driver/Src/stm32f7xx_ll_usb.o
                0x0800545c                USB_SetDevSpeed
 .text.USB_DevDisconnect
                0x0800548e       0x42 ./Drivers/STM32F7xx_HAL_Driver/Src/stm32f7xx_ll_usb.o
                0x0800548e                USB_DevDisconnect
 .text.USB_GetMode
                0x080054d0       0x1c ./Drivers/STM32F7xx_HAL_Driver/Src/stm32f7xx_ll_usb.o
                0x080054d0                USB_GetMode
 .text.USB_CoreReset
                0x080054ec       0x70 ./Drivers/STM32F7xx_HAL_Driver/Src/stm32f7xx_ll_usb.o
 .text.memset   0x0800555c       0x10 C:/ST/STM32CubeIDE_1.19.0/STM32CubeIDE/plugins/com.st.stm32cube.ide.mcu.externaltools.gnu-tools-for-stm32.13.3.rel1.win32_1.0.0.202411081344/tools/bin/../lib/gcc/arm-none-eabi/13.3.1/../../../../arm-none-eabi/lib/thumb/v7e-m+dp/hard\libc_nano.a(libc_a-memset.o)
                0x0800555c                memset
 .text.__libc_init_array
                0x0800556c       0x48 C:/ST/STM32CubeIDE_1.19.0/STM32CubeIDE/plugins/com.st.stm32cube.ide.mcu.externaltools.gnu-tools-for-stm32.13.3.rel1.win32_1.0.0.202411081344/tools/bin/../lib/gcc/arm-none-eabi/13.3.1/../../../../arm-none-eabi/lib/thumb/v7e-m+dp/hard\libc_nano.a(libc_a-init.o)
                0x0800556c                __libc_init_array
 *(.glue_7)
 .glue_7        0x080055b4        0x0 linker stubs
 *(.glue_7t)
 .glue_7t       0x080055b4        0x0 linker stubs
 *(.eh_frame)
 .eh_frame      0x080055b4        0x0 C:/ST/STM32CubeIDE_1.19.0/STM32CubeIDE/plugins/com.st.stm32cube.ide.mcu.externaltools.gnu-tools-for-stm32.13.3.rel1.win32_1.0.0.202411081344/tools/bin/../lib/gcc/arm-none-eabi/13.3.1/thumb/v7e-m+dp/hard/crtbegin.o
 *(.init)
 .init          0x080055b4        0x4 C:/ST/STM32CubeIDE_1.19.0/STM32CubeIDE/plugins/com.st.stm32cube.ide.mcu.externaltools.gnu-tools-for-stm32.13.3.rel1.win32_1.0.0.202411081344/tools/bin/../lib/gcc/arm-none-eabi/13.3.1/thumb/v7e-m+dp/hard/crti.o
                0x080055b4                _init
 .init          0x080055b8        0x8 C:/ST/STM32CubeIDE_1.19.0/STM32CubeIDE/plugins/com.st.stm32cube.ide.mcu.externaltools.gnu-tools-for-stm32.13.3.rel1.win32_1.0.0.202411081344/tools/bin/../lib/gcc/arm-none-eabi/13.3.1/thumb/v7e-m+dp/hard/crtn.o
 *(.fini)
 .fini          0x080055c0        0x4 C:/ST/STM32CubeIDE_1.19.0/STM32CubeIDE/plugins/com.st.stm32cube.ide.mcu.externaltools.gnu-tools-for-stm32.13.3.rel1.win32_1.0.0.202411081344/tools/bin/../lib/gcc/arm-none-eabi/13.3.1/thumb/v7e-m+dp/hard/crti.o
                0x080055c0                _fini
 .fini          0x080055c4        0x8 C:/ST/STM32CubeIDE_1.19.0/STM32CubeIDE/plugins/com.st.stm32cube.ide.mcu.externaltools.gnu-tools-for-stm32.13.3.rel1.win32_1.0.0.202411081344/tools/bin/../lib/gcc/arm-none-eabi/13.3.1/thumb/v7e-m+dp/hard/crtn.o
                0x080055cc                        . = ALIGN (0x4)
                0x080055cc                        _etext = .

.vfp11_veneer   0x080055cc        0x0
 .vfp11_veneer  0x080055cc        0x0 linker stubs

.v4_bx          0x080055cc        0x0
 .v4_bx         0x080055cc        0x0 linker stubs

.iplt           0x080055cc        0x0
 .iplt          0x080055cc        0x0 C:/ST/STM32CubeIDE_1.19.0/STM32CubeIDE/plugins/com.st.stm32cube.ide.mcu.externaltools.gnu-tools-for-stm32.13.3.rel1.win32_1.0.0.202411081344/tools/bin/../lib/gcc/arm-none-eabi/13.3.1/thumb/v7e-m+dp/hard/crtbegin.o

.rodata         0x080055cc       0xf8
                0x080055cc                        . = ALIGN (0x4)
 *(.rodata)
 *(.rodata*)
 .rodata.SEQ    0x080055cc       0x80 ./Core/Src/main.o
 .rodata.all_leds
                0x0800564c       0x58 ./Core/Src/main.o
 .rodata.AHBPrescTable
                0x080056a4       0x10 ./Core/Src/system_stm32f7xx.o
                0x080056a4                AHBPrescTable
 .rodata.APBPrescTable
                0x080056b4        0x8 ./Core/Src/system_stm32f7xx.o
                0x080056b4                APBPrescTable
 .rodata.flagBitshiftOffset.0
                0x080056bc        0x8 ./Drivers/STM32F7xx_HAL_Driver/Src/stm32f7xx_hal_dma.o
                0x080056c4                        . = ALIGN (0x4)

.ARM.extab      0x080056c4        0x0
                0x080056c4                        . = ALIGN (0x4)
 *(.ARM.extab* .gnu.linkonce.armextab.*)
                0x080056c4                        . = ALIGN (0x4)

.ARM            0x080056c4        0x8
                0x080056c4                        . = ALIGN (0x4)
                0x080056c4                        __exidx_start = .
 *(.ARM.exidx*)
 .ARM.exidx     0x080056c4        0x8 C:/ST/STM32CubeIDE_1.19.0/STM32CubeIDE/plugins/com.st.stm32cube.ide.mcu.externaltools.gnu-tools-for-stm32.13.3.rel1.win32_1.0.0.202411081344/tools/bin/../lib/gcc/arm-none-eabi/13.3.1/thumb/v7e-m+dp/hard\libgcc.a(_udivmoddi4.o)
                0x080056cc                        __exidx_end = .
                0x080056cc                        . = ALIGN (0x4)

.preinit_array  0x080056cc        0x0
                0x080056cc                        . = ALIGN (0x4)
                0x080056cc                        PROVIDE (__preinit_array_start = .)
 *(.preinit_array*)
                0x080056cc                        PROVIDE (__preinit_array_end = .)
                0x080056cc                        . = ALIGN (0x4)

.init_array     0x080056cc        0x4
                0x080056cc                        . = ALIGN (0x4)
                0x080056cc                        PROVIDE (__init_array_start = .)
 *(SORT_BY_NAME(.init_array.*))
 *(.init_array*)
 .init_array    0x080056cc        0x4 C:/ST/STM32CubeIDE_1.19.0/STM32CubeIDE/plugins/com.st.stm32cube.ide.mcu.externaltools.gnu-tools-for-stm32.13.3.rel1.win32_1.0.0.202411081344/tools/bin/../lib/gcc/arm-none-eabi/13.3.1/thumb/v7e-m+dp/hard/crtbegin.o
                0x080056d0                        PROVIDE (__init_array_end = .)
                0x080056d0                        . = ALIGN (0x4)

.fini_array     0x080056d0        0x4
                0x080056d0                        . = ALIGN (0x4)
                [!provide]                        PROVIDE (__fini_array_start = .)
 *(SORT_BY_NAME(.fini_array.*))
 *(.fini_array*)
 .fini_array    0x080056d0        0x4 C:/ST/STM32CubeIDE_1.19.0/STM32CubeIDE/plugins/com.st.stm32cube.ide.mcu.externaltools.gnu-tools-for-stm32.13.3.rel1.win32_1.0.0.202411081344/tools/bin/../lib/gcc/arm-none-eabi/13.3.1/thumb/v7e-m+dp/hard/crtbegin.o
                [!provide]                        PROVIDE (__fini_array_end = .)
                0x080056d4                        . = ALIGN (0x4)
                0x080056d4                        _sidata = LOADADDR (.data)

.rel.dyn        0x080056d4        0x0
 .rel.iplt      0x080056d4        0x0 C:/ST/STM32CubeIDE_1.19.0/STM32CubeIDE/plugins/com.st.stm32cube.ide.mcu.externaltools.gnu-tools-for-stm32.13.3.rel1.win32_1.0.0.202411081344/tools/bin/../lib/gcc/arm-none-eabi/13.3.1/thumb/v7e-m+dp/hard/crtbegin.o

.data           0x20000000        0xc load address 0x080056d4
                0x20000000                        . = ALIGN (0x4)
                0x20000000                        _sdata = .
 *(.data)
 *(.data*)
 .data.SystemCoreClock
                0x20000000        0x4 ./Core/Src/system_stm32f7xx.o
                0x20000000                SystemCoreClock
 .data.uwTickPrio
                0x20000004        0x4 ./Drivers/STM32F7xx_HAL_Driver/Src/stm32f7xx_hal.o
                0x20000004                uwTickPrio
 .data.uwTickFreq
                0x20000008        0x1 ./Drivers/STM32F7xx_HAL_Driver/Src/stm32f7xx_hal.o
                0x20000008                uwTickFreq
 *(.RamFunc)
 *(.RamFunc*)
                0x2000000c                        . = ALIGN (0x4)
 *fill*         0x20000009        0x3 
                0x2000000c                        _edata = .

.igot.plt       0x2000000c        0x0 load address 0x080056e0
 .igot.plt      0x2000000c        0x0 C:/ST/STM32CubeIDE_1.19.0/STM32CubeIDE/plugins/com.st.stm32cube.ide.mcu.externaltools.gnu-tools-for-stm32.13.3.rel1.win32_1.0.0.202411081344/tools/bin/../lib/gcc/arm-none-eabi/13.3.1/thumb/v7e-m+dp/hard/crtbegin.o

.RxDecripSection
                0x2000000c       0xa0 load address 0x080056e0
 .RxDecripSection
                0x2000000c       0xa0 ./Core/Src/eth.o
                0x2000000c                DMARxDscrTab

.TxDecripSection
                0x200000ac       0xa0 load address 0x08005780
 .TxDecripSection
                0x200000ac       0xa0 ./Core/Src/eth.o
                0x200000ac                DMATxDscrTab
                0x2000014c                        . = ALIGN (0x4)

.bss            0x2000014c      0x78c load address 0x08005820
                0x2000014c                        _sbss = .
                0x2000014c                        __bss_start__ = _sbss
 *(.bss)
 .bss           0x2000014c       0x1c C:/ST/STM32CubeIDE_1.19.0/STM32CubeIDE/plugins/com.st.stm32cube.ide.mcu.externaltools.gnu-tools-for-stm32.13.3.rel1.win32_1.0.0.202411081344/tools/bin/../lib/gcc/arm-none-eabi/13.3.1/thumb/v7e-m+dp/hard/crtbegin.o
 *(.bss*)
 .bss.hadc3     0x20000168       0x48 ./Core/Src/adc.o
                0x20000168                hadc3
 .bss.hdma_adc3
                0x200001b0       0x60 ./Core/Src/adc.o
                0x200001b0                hdma_adc3
 .bss.TxConfig  0x20000210       0x38 ./Core/Src/eth.o
                0x20000210                TxConfig
 .bss.heth      0x20000248       0xb0 ./Core/Src/eth.o
                0x20000248                heth
 .bss.MACAddr.0
                0x200002f8        0x6 ./Core/Src/eth.o
 *fill*         0x200002fe        0x2 
 .bss.hi2c2     0x20000300       0x54 ./Core/Src/i2c.o
                0x20000300                hi2c2
 .bss.huart3    0x20000354       0x88 ./Core/Src/main.o
                0x20000354                huart3
 .bss.idx       0x200003dc        0x4 ./Core/Src/main.o
                0x200003dc                idx
 .bss.last_tick.0
                0x200003e0        0x4 ./Core/Src/main.o
 .bss.hrng      0x200003e4       0x10 ./Core/Src/rng.o
                0x200003e4                hrng
 .bss.hpcd_USB_OTG_FS
                0x200003f4      0x4e0 ./Core/Src/usb_otg.o
                0x200003f4                hpcd_USB_OTG_FS
 .bss.uwTick    0x200008d4        0x4 ./Drivers/STM32F7xx_HAL_Driver/Src/stm32f7xx_hal.o
                0x200008d4                uwTick
 *(COMMON)
                0x200008d8                        . = ALIGN (0x4)
                0x200008d8                        _ebss = .
                0x200008d8                        __bss_end__ = _ebss

._user_heap_stack
                0x200008d8      0x600 load address 0x08005820
                0x200008d8                        . = ALIGN (0x8)
                [!provide]                        PROVIDE (end = .)
                0x200008d8                        PROVIDE (_end = .)
                0x20000ad8                        . = (. + _Min_Heap_Size)
 *fill*         0x200008d8      0x200 
                0x20000ed8                        . = (. + _Min_Stack_Size)
 *fill*         0x20000ad8      0x400 
                0x20000ed8                        . = ALIGN (0x8)

/DISCARD/
 libc.a(*)
 libm.a(*)
 libgcc.a(*)

.ARM.attributes
                0x00000000       0x2e
 *(.ARM.attributes)
 .ARM.attributes
                0x00000000       0x20 C:/ST/STM32CubeIDE_1.19.0/STM32CubeIDE/plugins/com.st.stm32cube.ide.mcu.externaltools.gnu-tools-for-stm32.13.3.rel1.win32_1.0.0.202411081344/tools/bin/../lib/gcc/arm-none-eabi/13.3.1/thumb/v7e-m+dp/hard/crti.o
 .ARM.attributes
                0x00000020       0x32 C:/ST/STM32CubeIDE_1.19.0/STM32CubeIDE/plugins/com.st.stm32cube.ide.mcu.externaltools.gnu-tools-for-stm32.13.3.rel1.win32_1.0.0.202411081344/tools/bin/../lib/gcc/arm-none-eabi/13.3.1/thumb/v7e-m+dp/hard/crtbegin.o
 .ARM.attributes
                0x00000052       0x32 ./Core/Src/adc.o
 .ARM.attributes
                0x00000084       0x32 ./Core/Src/dma.o
 .ARM.attributes
                0x000000b6       0x32 ./Core/Src/eth.o
 .ARM.attributes
                0x000000e8       0x32 ./Core/Src/gpio.o
 .ARM.attributes
                0x0000011a       0x32 ./Core/Src/i2c.o
 .ARM.attributes
                0x0000014c       0x32 ./Core/Src/main.o
 .ARM.attributes
                0x0000017e       0x32 ./Core/Src/rng.o
 .ARM.attributes
                0x000001b0       0x32 ./Core/Src/stm32f7xx_hal_msp.o
 .ARM.attributes
                0x000001e2       0x32 ./Core/Src/stm32f7xx_it.o
 .ARM.attributes
                0x00000214       0x32 ./Core/Src/system_stm32f7xx.o
 .ARM.attributes
                0x00000246       0x32 ./Core/Src/usart.o
 .ARM.attributes
                0x00000278       0x32 ./Core/Src/usb_otg.o
 .ARM.attributes
                0x000002aa       0x21 ./Core/Startup/startup_stm32f767zitx.o
 .ARM.attributes
                0x000002cb       0x32 ./Drivers/STM32F7xx_HAL_Driver/Src/stm32f7xx_hal.o
 .ARM.attributes
                0x000002fd       0x32 ./Drivers/STM32F7xx_HAL_Driver/Src/stm32f7xx_hal_adc.o
 .ARM.attributes
                0x0000032f       0x32 ./Drivers/STM32F7xx_HAL_Driver/Src/stm32f7xx_hal_cortex.o
 .ARM.attributes
                0x00000361       0x32 ./Drivers/STM32F7xx_HAL_Driver/Src/stm32f7xx_hal_dma.o
 .ARM.attributes
                0x00000393       0x32 ./Drivers/STM32F7xx_HAL_Driver/Src/stm32f7xx_hal_eth.o
 .ARM.attributes
                0x000003c5       0x32 ./Drivers/STM32F7xx_HAL_Driver/Src/stm32f7xx_hal_gpio.o
 .ARM.attributes
                0x000003f7       0x32 ./Drivers/STM32F7xx_HAL_Driver/Src/stm32f7xx_hal_i2c.o
 .ARM.attributes
                0x00000429       0x32 ./Drivers/STM32F7xx_HAL_Driver/Src/stm32f7xx_hal_i2c_ex.o
 .ARM.attributes
                0x0000045b       0x32 ./Drivers/STM32F7xx_HAL_Driver/Src/stm32f7xx_hal_pcd.o
 .ARM.attributes
                0x0000048d       0x32 ./Drivers/STM32F7xx_HAL_Driver/Src/stm32f7xx_hal_pcd_ex.o
 .ARM.attributes
                0x000004bf       0x32 ./Drivers/STM32F7xx_HAL_Driver/Src/stm32f7xx_hal_pwr_ex.o
 .ARM.attributes
                0x000004f1       0x32 ./Drivers/STM32F7xx_HAL_Driver/Src/stm32f7xx_hal_rcc.o
 .ARM.attributes
                0x00000523       0x32 ./Drivers/STM32F7xx_HAL_Driver/Src/stm32f7xx_hal_rcc_ex.o
 .ARM.attributes
                0x00000555       0x32 ./Drivers/STM32F7xx_HAL_Driver/Src/stm32f7xx_hal_rng.o
 .ARM.attributes
                0x00000587       0x32 ./Drivers/STM32F7xx_HAL_Driver/Src/stm32f7xx_hal_uart.o
 .ARM.attributes
                0x000005b9       0x32 ./Drivers/STM32F7xx_HAL_Driver/Src/stm32f7xx_ll_usb.o
 .ARM.attributes
                0x000005eb       0x32 C:/ST/STM32CubeIDE_1.19.0/STM32CubeIDE/plugins/com.st.stm32cube.ide.mcu.externaltools.gnu-tools-for-stm32.13.3.rel1.win32_1.0.0.202411081344/tools/bin/../lib/gcc/arm-none-eabi/13.3.1/../../../../arm-none-eabi/lib/thumb/v7e-m+dp/hard\libc_nano.a(libc_a-memset.o)
 .ARM.attributes
                0x0000061d       0x32 C:/ST/STM32CubeIDE_1.19.0/STM32CubeIDE/plugins/com.st.stm32cube.ide.mcu.externaltools.gnu-tools-for-stm32.13.3.rel1.win32_1.0.0.202411081344/tools/bin/../lib/gcc/arm-none-eabi/13.3.1/../../../../arm-none-eabi/lib/thumb/v7e-m+dp/hard\libc_nano.a(libc_a-init.o)
 .ARM.attributes
                0x0000064f       0x20 C:/ST/STM32CubeIDE_1.19.0/STM32CubeIDE/plugins/com.st.stm32cube.ide.mcu.externaltools.gnu-tools-for-stm32.13.3.rel1.win32_1.0.0.202411081344/tools/bin/../lib/gcc/arm-none-eabi/13.3.1/thumb/v7e-m+dp/hard\libgcc.a(_aeabi_uldivmod.o)
 .ARM.attributes
                0x0000066f       0x32 C:/ST/STM32CubeIDE_1.19.0/STM32CubeIDE/plugins/com.st.stm32cube.ide.mcu.externaltools.gnu-tools-for-stm32.13.3.rel1.win32_1.0.0.202411081344/tools/bin/../lib/gcc/arm-none-eabi/13.3.1/thumb/v7e-m+dp/hard\libgcc.a(_udivmoddi4.o)
 .ARM.attributes
                0x000006a1       0x20 C:/ST/STM32CubeIDE_1.19.0/STM32CubeIDE/plugins/com.st.stm32cube.ide.mcu.externaltools.gnu-tools-for-stm32.13.3.rel1.win32_1.0.0.202411081344/tools/bin/../lib/gcc/arm-none-eabi/13.3.1/thumb/v7e-m+dp/hard\libgcc.a(_dvmd_tls.o)
 .ARM.attributes
                0x000006c1       0x20 C:/ST/STM32CubeIDE_1.19.0/STM32CubeIDE/plugins/com.st.stm32cube.ide.mcu.externaltools.gnu-tools-for-stm32.13.3.rel1.win32_1.0.0.202411081344/tools/bin/../lib/gcc/arm-none-eabi/13.3.1/thumb/v7e-m+dp/hard/crtn.o
OUTPUT(001_LED_Handler.elf elf32-littlearm)
LOAD linker stubs
LOAD C:/ST/STM32CubeIDE_1.19.0/STM32CubeIDE/plugins/com.st.stm32cube.ide.mcu.externaltools.gnu-tools-for-stm32.13.3.rel1.win32_1.0.0.202411081344/tools/bin/../lib/gcc/arm-none-eabi/13.3.1/../../../../arm-none-eabi/lib/thumb/v7e-m+dp/hard\libc.a
LOAD C:/ST/STM32CubeIDE_1.19.0/STM32CubeIDE/plugins/com.st.stm32cube.ide.mcu.externaltools.gnu-tools-for-stm32.13.3.rel1.win32_1.0.0.202411081344/tools/bin/../lib/gcc/arm-none-eabi/13.3.1/../../../../arm-none-eabi/lib/thumb/v7e-m+dp/hard\libm.a
LOAD C:/ST/STM32CubeIDE_1.19.0/STM32CubeIDE/plugins/com.st.stm32cube.ide.mcu.externaltools.gnu-tools-for-stm32.13.3.rel1.win32_1.0.0.202411081344/tools/bin/../lib/gcc/arm-none-eabi/13.3.1/thumb/v7e-m+dp/hard\libgcc.a

.debug_info     0x00000000    0x18033
 .debug_info    0x00000000      0xa31 ./Core/Src/adc.o
 .debug_info    0x00000a31      0x573 ./Core/Src/dma.o
 .debug_info    0x00000fa4      0xf78 ./Core/Src/eth.o
 .debug_info    0x00001f1c      0x7b0 ./Core/Src/gpio.o
 .debug_info    0x000026cc      0xc4a ./Core/Src/i2c.o
 .debug_info    0x00003316      0xdf6 ./Core/Src/main.o
 .debug_info    0x0000410c      0x66d ./Core/Src/rng.o
 .debug_info    0x00004779      0x2a0 ./Core/Src/stm32f7xx_hal_msp.o
 .debug_info    0x00004a19      0x3f3 ./Core/Src/stm32f7xx_it.o
 .debug_info    0x00004e0c      0x6ed ./Core/Src/system_stm32f7xx.o
 .debug_info    0x000054f9      0xc73 ./Core/Src/usart.o
 .debug_info    0x0000616c      0xc1d ./Core/Src/usb_otg.o
 .debug_info    0x00006d89       0x30 ./Core/Startup/startup_stm32f767zitx.o
 .debug_info    0x00006db9      0xa4c ./Drivers/STM32F7xx_HAL_Driver/Src/stm32f7xx_hal.o
 .debug_info    0x00007805      0xc92 ./Drivers/STM32F7xx_HAL_Driver/Src/stm32f7xx_hal_adc.o
 .debug_info    0x00008497      0xfc0 ./Drivers/STM32F7xx_HAL_Driver/Src/stm32f7xx_hal_cortex.o
 .debug_info    0x00009457      0x8e7 ./Drivers/STM32F7xx_HAL_Driver/Src/stm32f7xx_hal_dma.o
 .debug_info    0x00009d3e     0x21b6 ./Drivers/STM32F7xx_HAL_Driver/Src/stm32f7xx_hal_eth.o
 .debug_info    0x0000bef4      0x6f3 ./Drivers/STM32F7xx_HAL_Driver/Src/stm32f7xx_hal_gpio.o
 .debug_info    0x0000c5e7     0x2147 ./Drivers/STM32F7xx_HAL_Driver/Src/stm32f7xx_hal_i2c.o
 .debug_info    0x0000e72e      0x92e ./Drivers/STM32F7xx_HAL_Driver/Src/stm32f7xx_hal_i2c_ex.o
 .debug_info    0x0000f05c     0x1599 ./Drivers/STM32F7xx_HAL_Driver/Src/stm32f7xx_hal_pcd.o
 .debug_info    0x000105f5      0x7a3 ./Drivers/STM32F7xx_HAL_Driver/Src/stm32f7xx_hal_pcd_ex.o
 .debug_info    0x00010d98      0x8cd ./Drivers/STM32F7xx_HAL_Driver/Src/stm32f7xx_hal_pwr_ex.o
 .debug_info    0x00011665      0x94b ./Drivers/STM32F7xx_HAL_Driver/Src/stm32f7xx_hal_rcc.o
 .debug_info    0x00011fb0      0x6e1 ./Drivers/STM32F7xx_HAL_Driver/Src/stm32f7xx_hal_rcc_ex.o
 .debug_info    0x00012691      0x493 ./Drivers/STM32F7xx_HAL_Driver/Src/stm32f7xx_hal_rng.o
 .debug_info    0x00012b24     0x3b13 ./Drivers/STM32F7xx_HAL_Driver/Src/stm32f7xx_hal_uart.o
 .debug_info    0x00016637     0x19fc ./Drivers/STM32F7xx_HAL_Driver/Src/stm32f7xx_ll_usb.o

.debug_abbrev   0x00000000     0x3af1
 .debug_abbrev  0x00000000      0x205 ./Core/Src/adc.o
 .debug_abbrev  0x00000205      0x10e ./Core/Src/dma.o
 .debug_abbrev  0x00000313      0x249 ./Core/Src/eth.o
 .debug_abbrev  0x0000055c      0x174 ./Core/Src/gpio.o
 .debug_abbrev  0x000006d0      0x217 ./Core/Src/i2c.o
 .debug_abbrev  0x000008e7      0x2e7 ./Core/Src/main.o
 .debug_abbrev  0x00000bce      0x1b6 ./Core/Src/rng.o
 .debug_abbrev  0x00000d84       0xf4 ./Core/Src/stm32f7xx_hal_msp.o
 .debug_abbrev  0x00000e78      0x17e ./Core/Src/stm32f7xx_it.o
 .debug_abbrev  0x00000ff6      0x13b ./Core/Src/system_stm32f7xx.o
 .debug_abbrev  0x00001131      0x1ea ./Core/Src/usart.o
 .debug_abbrev  0x0000131b      0x230 ./Core/Src/usb_otg.o
 .debug_abbrev  0x0000154b       0x24 ./Core/Startup/startup_stm32f767zitx.o
 .debug_abbrev  0x0000156f      0x213 ./Drivers/STM32F7xx_HAL_Driver/Src/stm32f7xx_hal.o
 .debug_abbrev  0x00001782      0x252 ./Drivers/STM32F7xx_HAL_Driver/Src/stm32f7xx_hal_adc.o
 .debug_abbrev  0x000019d4      0x31e ./Drivers/STM32F7xx_HAL_Driver/Src/stm32f7xx_hal_cortex.o
 .debug_abbrev  0x00001cf2      0x264 ./Drivers/STM32F7xx_HAL_Driver/Src/stm32f7xx_hal_dma.o
 .debug_abbrev  0x00001f56      0x35a ./Drivers/STM32F7xx_HAL_Driver/Src/stm32f7xx_hal_eth.o
 .debug_abbrev  0x000022b0      0x1d4 ./Drivers/STM32F7xx_HAL_Driver/Src/stm32f7xx_hal_gpio.o
 .debug_abbrev  0x00002484      0x260 ./Drivers/STM32F7xx_HAL_Driver/Src/stm32f7xx_hal_i2c.o
 .debug_abbrev  0x000026e4      0x19c ./Drivers/STM32F7xx_HAL_Driver/Src/stm32f7xx_hal_i2c_ex.o
 .debug_abbrev  0x00002880      0x2ee ./Drivers/STM32F7xx_HAL_Driver/Src/stm32f7xx_hal_pcd.o
 .debug_abbrev  0x00002b6e      0x1ca ./Drivers/STM32F7xx_HAL_Driver/Src/stm32f7xx_hal_pcd_ex.o
 .debug_abbrev  0x00002d38      0x1d5 ./Drivers/STM32F7xx_HAL_Driver/Src/stm32f7xx_hal_pwr_ex.o
 .debug_abbrev  0x00002f0d      0x2de ./Drivers/STM32F7xx_HAL_Driver/Src/stm32f7xx_hal_rcc.o
 .debug_abbrev  0x000031eb      0x1c9 ./Drivers/STM32F7xx_HAL_Driver/Src/stm32f7xx_hal_rcc_ex.o
 .debug_abbrev  0x000033b4      0x1c4 ./Drivers/STM32F7xx_HAL_Driver/Src/stm32f7xx_hal_rng.o
 .debug_abbrev  0x00003578      0x2e6 ./Drivers/STM32F7xx_HAL_Driver/Src/stm32f7xx_hal_uart.o
 .debug_abbrev  0x0000385e      0x293 ./Drivers/STM32F7xx_HAL_Driver/Src/stm32f7xx_ll_usb.o

.debug_aranges  0x00000000     0x1298
 .debug_aranges
                0x00000000       0x30 ./Core/Src/adc.o
 .debug_aranges
                0x00000030       0x20 ./Core/Src/dma.o
 .debug_aranges
                0x00000050       0x30 ./Core/Src/eth.o
 .debug_aranges
                0x00000080       0x20 ./Core/Src/gpio.o
 .debug_aranges
                0x000000a0       0x30 ./Core/Src/i2c.o
 .debug_aranges
                0x000000d0       0x48 ./Core/Src/main.o
 .debug_aranges
                0x00000118       0x30 ./Core/Src/rng.o
 .debug_aranges
                0x00000148       0x20 ./Core/Src/stm32f7xx_hal_msp.o
 .debug_aranges
                0x00000168       0x78 ./Core/Src/stm32f7xx_it.o
 .debug_aranges
                0x000001e0       0x28 ./Core/Src/system_stm32f7xx.o
 .debug_aranges
                0x00000208       0x30 ./Core/Src/usart.o
 .debug_aranges
                0x00000238       0x30 ./Core/Src/usb_otg.o
 .debug_aranges
                0x00000268       0x28 ./Core/Startup/startup_stm32f767zitx.o
 .debug_aranges
                0x00000290      0x110 ./Drivers/STM32F7xx_HAL_Driver/Src/stm32f7xx_hal.o
 .debug_aranges
                0x000003a0       0xe8 ./Drivers/STM32F7xx_HAL_Driver/Src/stm32f7xx_hal_adc.o
 .debug_aranges
                0x00000488      0x128 ./Drivers/STM32F7xx_HAL_Driver/Src/stm32f7xx_hal_cortex.o
 .debug_aranges
                0x000005b0       0x90 ./Drivers/STM32F7xx_HAL_Driver/Src/stm32f7xx_hal_dma.o
 .debug_aranges
                0x00000640      0x1e8 ./Drivers/STM32F7xx_HAL_Driver/Src/stm32f7xx_hal_eth.o
 .debug_aranges
                0x00000828       0x58 ./Drivers/STM32F7xx_HAL_Driver/Src/stm32f7xx_hal_gpio.o
 .debug_aranges
                0x00000880      0x2a0 ./Drivers/STM32F7xx_HAL_Driver/Src/stm32f7xx_hal_i2c.o
 .debug_aranges
                0x00000b20       0x38 ./Drivers/STM32F7xx_HAL_Driver/Src/stm32f7xx_hal_i2c_ex.o
 .debug_aranges
                0x00000b58      0x148 ./Drivers/STM32F7xx_HAL_Driver/Src/stm32f7xx_hal_pcd.o
 .debug_aranges
                0x00000ca0       0x48 ./Drivers/STM32F7xx_HAL_Driver/Src/stm32f7xx_hal_pcd_ex.o
 .debug_aranges
                0x00000ce8       0x80 ./Drivers/STM32F7xx_HAL_Driver/Src/stm32f7xx_hal_pwr_ex.o
 .debug_aranges
                0x00000d68       0x88 ./Drivers/STM32F7xx_HAL_Driver/Src/stm32f7xx_hal_rcc.o
 .debug_aranges
                0x00000df0       0x50 ./Drivers/STM32F7xx_HAL_Driver/Src/stm32f7xx_hal_rcc_ex.o
 .debug_aranges
                0x00000e40       0x88 ./Drivers/STM32F7xx_HAL_Driver/Src/stm32f7xx_hal_rng.o
 .debug_aranges
                0x00000ec8      0x230 ./Drivers/STM32F7xx_HAL_Driver/Src/stm32f7xx_hal_uart.o
 .debug_aranges
                0x000010f8      0x1a0 ./Drivers/STM32F7xx_HAL_Driver/Src/stm32f7xx_ll_usb.o

.debug_rnglists
                0x00000000      0xe46
 .debug_rnglists
                0x00000000       0x21 ./Core/Src/adc.o
 .debug_rnglists
                0x00000021       0x13 ./Core/Src/dma.o
 .debug_rnglists
                0x00000034       0x21 ./Core/Src/eth.o
 .debug_rnglists
                0x00000055       0x14 ./Core/Src/gpio.o
 .debug_rnglists
                0x00000069       0x21 ./Core/Src/i2c.o
 .debug_rnglists
                0x0000008a       0x33 ./Core/Src/main.o
 .debug_rnglists
                0x000000bd       0x1f ./Core/Src/rng.o
 .debug_rnglists
                0x000000dc       0x13 ./Core/Src/stm32f7xx_hal_msp.o
 .debug_rnglists
                0x000000ef       0x55 ./Core/Src/stm32f7xx_it.o
 .debug_rnglists
                0x00000144       0x1a ./Core/Src/system_stm32f7xx.o
 .debug_rnglists
                0x0000015e       0x20 ./Core/Src/usart.o
 .debug_rnglists
                0x0000017e       0x20 ./Core/Src/usb_otg.o
 .debug_rnglists
                0x0000019e       0x19 ./Core/Startup/startup_stm32f767zitx.o
 .debug_rnglists
                0x000001b7       0xc7 ./Drivers/STM32F7xx_HAL_Driver/Src/stm32f7xx_hal.o
 .debug_rnglists
                0x0000027e       0xb5 ./Drivers/STM32F7xx_HAL_Driver/Src/stm32f7xx_hal_adc.o
 .debug_rnglists
                0x00000333       0xda ./Drivers/STM32F7xx_HAL_Driver/Src/stm32f7xx_hal_cortex.o
 .debug_rnglists
                0x0000040d       0x70 ./Drivers/STM32F7xx_HAL_Driver/Src/stm32f7xx_hal_dma.o
 .debug_rnglists
                0x0000047d      0x183 ./Drivers/STM32F7xx_HAL_Driver/Src/stm32f7xx_hal_eth.o
 .debug_rnglists
                0x00000600       0x3f ./Drivers/STM32F7xx_HAL_Driver/Src/stm32f7xx_hal_gpio.o
 .debug_rnglists
                0x0000063f      0x228 ./Drivers/STM32F7xx_HAL_Driver/Src/stm32f7xx_hal_i2c.o
 .debug_rnglists
                0x00000867       0x27 ./Drivers/STM32F7xx_HAL_Driver/Src/stm32f7xx_hal_i2c_ex.o
 .debug_rnglists
                0x0000088e       0xfa ./Drivers/STM32F7xx_HAL_Driver/Src/stm32f7xx_hal_pcd.o
 .debug_rnglists
                0x00000988       0x32 ./Drivers/STM32F7xx_HAL_Driver/Src/stm32f7xx_hal_pcd_ex.o
 .debug_rnglists
                0x000009ba       0x5f ./Drivers/STM32F7xx_HAL_Driver/Src/stm32f7xx_hal_pwr_ex.o
 .debug_rnglists
                0x00000a19       0x67 ./Drivers/STM32F7xx_HAL_Driver/Src/stm32f7xx_hal_rcc.o
 .debug_rnglists
                0x00000a80       0x3c ./Drivers/STM32F7xx_HAL_Driver/Src/stm32f7xx_hal_rcc_ex.o
 .debug_rnglists
                0x00000abc       0x63 ./Drivers/STM32F7xx_HAL_Driver/Src/stm32f7xx_hal_rng.o
 .debug_rnglists
                0x00000b1f      0x1e0 ./Drivers/STM32F7xx_HAL_Driver/Src/stm32f7xx_hal_uart.o
 .debug_rnglists
                0x00000cff      0x147 ./Drivers/STM32F7xx_HAL_Driver/Src/stm32f7xx_ll_usb.o

.debug_macro    0x00000000    0x2af37
 .debug_macro   0x00000000      0x239 ./Core/Src/adc.o
 .debug_macro   0x00000239      0xaf0 ./Core/Src/adc.o
 .debug_macro   0x00000d29      0x2a5 ./Core/Src/adc.o
 .debug_macro   0x00000fce       0x2e ./Core/Src/adc.o
 .debug_macro   0x00000ffc       0x3b ./Core/Src/adc.o
 .debug_macro   0x00001037       0x22 ./Core/Src/adc.o
 .debug_macro   0x00001059       0x8e ./Core/Src/adc.o
 .debug_macro   0x000010e7       0x51 ./Core/Src/adc.o
 .debug_macro   0x00001138      0x103 ./Core/Src/adc.o
 .debug_macro   0x0000123b       0x6a ./Core/Src/adc.o
 .debug_macro   0x000012a5      0x1df ./Core/Src/adc.o
 .debug_macro   0x00001484       0x1c ./Core/Src/adc.o
 .debug_macro   0x000014a0       0x22 ./Core/Src/adc.o
 .debug_macro   0x000014c2       0xd9 ./Core/Src/adc.o
 .debug_macro   0x0000159b     0x12cd ./Core/Src/adc.o
 .debug_macro   0x00002868      0x11f ./Core/Src/adc.o
 .debug_macro   0x00002987       0x19 ./Core/Src/adc.o
 .debug_macro   0x000029a0    0x1aa23 ./Core/Src/adc.o
 .debug_macro   0x0001d3c3       0x6d ./Core/Src/adc.o
 .debug_macro   0x0001d430     0x375e ./Core/Src/adc.o
 .debug_macro   0x00020b8e      0x190 ./Core/Src/adc.o
 .debug_macro   0x00020d1e       0x63 ./Core/Src/adc.o
 .debug_macro   0x00020d81     0x1add ./Core/Src/adc.o
 .debug_macro   0x0002285e      0x6c4 ./Core/Src/adc.o
 .debug_macro   0x00022f22      0x18b ./Core/Src/adc.o
 .debug_macro   0x000230ad      0x115 ./Core/Src/adc.o
 .debug_macro   0x000231c2      0x26e ./Core/Src/adc.o
 .debug_macro   0x00023430       0xa5 ./Core/Src/adc.o
 .debug_macro   0x000234d5      0x24f ./Core/Src/adc.o
 .debug_macro   0x00023724       0x71 ./Core/Src/adc.o
 .debug_macro   0x00023795       0x58 ./Core/Src/adc.o
 .debug_macro   0x000237ed      0x236 ./Core/Src/adc.o
 .debug_macro   0x00023a23      0x416 ./Core/Src/adc.o
 .debug_macro   0x00023e39      0x153 ./Core/Src/adc.o
 .debug_macro   0x00023f8c      0x107 ./Core/Src/adc.o
 .debug_macro   0x00024093      0xb99 ./Core/Src/adc.o
 .debug_macro   0x00024c2c      0x14e ./Core/Src/adc.o
 .debug_macro   0x00024d7a      0x3db ./Core/Src/adc.o
 .debug_macro   0x00025155       0x12 ./Core/Src/adc.o
 .debug_macro   0x00025167      0x22c ./Core/Src/adc.o
 .debug_macro   0x00025393       0x61 ./Core/Src/adc.o
 .debug_macro   0x000253f4       0xa5 ./Core/Src/adc.o
 .debug_macro   0x00025499      0x12e ./Core/Src/adc.o
 .debug_macro   0x000255c7      0x108 ./Core/Src/adc.o
 .debug_macro   0x000256cf       0x35 ./Core/Src/adc.o
 .debug_macro   0x00025704       0xa4 ./Core/Src/adc.o
 .debug_macro   0x000257a8      0x5ba ./Core/Src/adc.o
 .debug_macro   0x00025d62       0x44 ./Core/Src/adc.o
 .debug_macro   0x00025da6      0x2cb ./Core/Src/adc.o
 .debug_macro   0x00026071       0xba ./Core/Src/adc.o
 .debug_macro   0x0002612b      0x15b ./Core/Src/adc.o
 .debug_macro   0x00026286      0x308 ./Core/Src/adc.o
 .debug_macro   0x0002658e      0x239 ./Core/Src/dma.o
 .debug_macro   0x000267c7      0x307 ./Core/Src/eth.o
 .debug_macro   0x00026ace       0x61 ./Core/Src/eth.o
 .debug_macro   0x00026b2f       0x29 ./Core/Src/eth.o
 .debug_macro   0x00026b58       0x43 ./Core/Src/eth.o
 .debug_macro   0x00026b9b       0x34 ./Core/Src/eth.o
 .debug_macro   0x00026bcf      0x370 ./Core/Src/eth.o
 .debug_macro   0x00026f3f       0x16 ./Core/Src/eth.o
 .debug_macro   0x00026f55       0x4a ./Core/Src/eth.o
 .debug_macro   0x00026f9f       0x34 ./Core/Src/eth.o
 .debug_macro   0x00026fd3       0x10 ./Core/Src/eth.o
 .debug_macro   0x00026fe3       0x58 ./Core/Src/eth.o
 .debug_macro   0x0002703b       0x8e ./Core/Src/eth.o
 .debug_macro   0x000270c9       0x1c ./Core/Src/eth.o
 .debug_macro   0x000270e5      0x185 ./Core/Src/eth.o
 .debug_macro   0x0002726a       0x10 ./Core/Src/eth.o
 .debug_macro   0x0002727a       0x3c ./Core/Src/eth.o
 .debug_macro   0x000272b6       0x20 ./Core/Src/eth.o
 .debug_macro   0x000272d6      0x239 ./Core/Src/gpio.o
 .debug_macro   0x0002750f      0x239 ./Core/Src/i2c.o
 .debug_macro   0x00027748      0x477 ./Core/Src/main.o
 .debug_macro   0x00027bbf       0x16 ./Core/Src/main.o
 .debug_macro   0x00027bd5       0x10 ./Core/Src/main.o
 .debug_macro   0x00027be5       0x16 ./Core/Src/main.o
 .debug_macro   0x00027bfb       0x16 ./Core/Src/main.o
 .debug_macro   0x00027c11      0x146 ./Core/Src/main.o
 .debug_macro   0x00027d57       0x16 ./Core/Src/main.o
 .debug_macro   0x00027d6d       0x16 ./Core/Src/main.o
 .debug_macro   0x00027d83       0x29 ./Core/Src/main.o
 .debug_macro   0x00027dac       0x16 ./Core/Src/main.o
 .debug_macro   0x00027dc2      0x239 ./Core/Src/rng.o
 .debug_macro   0x00027ffb      0x22f ./Core/Src/stm32f7xx_hal_msp.o
 .debug_macro   0x0002822a      0x239 ./Core/Src/stm32f7xx_it.o
 .debug_macro   0x00028463      0x220 ./Core/Src/system_stm32f7xx.o
 .debug_macro   0x00028683      0x239 ./Core/Src/usart.o
 .debug_macro   0x000288bc      0x239 ./Core/Src/usb_otg.o
 .debug_macro   0x00028af5      0x244 ./Drivers/STM32F7xx_HAL_Driver/Src/stm32f7xx_hal.o
 .debug_macro   0x00028d39      0x221 ./Drivers/STM32F7xx_HAL_Driver/Src/stm32f7xx_hal_adc.o
 .debug_macro   0x00028f5a      0x220 ./Drivers/STM32F7xx_HAL_Driver/Src/stm32f7xx_hal_cortex.o
 .debug_macro   0x0002917a      0x226 ./Drivers/STM32F7xx_HAL_Driver/Src/stm32f7xx_hal_dma.o
 .debug_macro   0x000293a0      0x2fa ./Drivers/STM32F7xx_HAL_Driver/Src/stm32f7xx_hal_eth.o
 .debug_macro   0x0002969a      0x226 ./Drivers/STM32F7xx_HAL_Driver/Src/stm32f7xx_hal_gpio.o
 .debug_macro   0x000298c0      0x2ec ./Drivers/STM32F7xx_HAL_Driver/Src/stm32f7xx_hal_i2c.o
 .debug_macro   0x00029bac      0x220 ./Drivers/STM32F7xx_HAL_Driver/Src/stm32f7xx_hal_i2c_ex.o
 .debug_macro   0x00029dcc      0x22c ./Drivers/STM32F7xx_HAL_Driver/Src/stm32f7xx_hal_pcd.o
 .debug_macro   0x00029ff8      0x220 ./Drivers/STM32F7xx_HAL_Driver/Src/stm32f7xx_hal_pcd_ex.o
 .debug_macro   0x0002a218      0x238 ./Drivers/STM32F7xx_HAL_Driver/Src/stm32f7xx_hal_pwr_ex.o
 .debug_macro   0x0002a450      0x244 ./Drivers/STM32F7xx_HAL_Driver/Src/stm32f7xx_hal_rcc.o
 .debug_macro   0x0002a694      0x220 ./Drivers/STM32F7xx_HAL_Driver/Src/stm32f7xx_hal_rcc_ex.o
 .debug_macro   0x0002a8b4      0x226 ./Drivers/STM32F7xx_HAL_Driver/Src/stm32f7xx_hal_rng.o
 .debug_macro   0x0002aada      0x23d ./Drivers/STM32F7xx_HAL_Driver/Src/stm32f7xx_hal_uart.o
 .debug_macro   0x0002ad17      0x220 ./Drivers/STM32F7xx_HAL_Driver/Src/stm32f7xx_ll_usb.o

.debug_line     0x00000000    0x1ad4d
 .debug_line    0x00000000      0x914 ./Core/Src/adc.o
 .debug_line    0x00000914      0x7e2 ./Core/Src/dma.o
 .debug_line    0x000010f6      0x9fa ./Core/Src/eth.o
 .debug_line    0x00001af0      0x8cb ./Core/Src/gpio.o
 .debug_line    0x000023bb      0x887 ./Core/Src/i2c.o
 .debug_line    0x00002c42      0xb3e ./Core/Src/main.o
 .debug_line    0x00003780      0x83e ./Core/Src/rng.o
 .debug_line    0x00003fbe      0x7e7 ./Core/Src/stm32f7xx_hal_msp.o
 .debug_line    0x000047a5      0x8e0 ./Core/Src/stm32f7xx_it.o
 .debug_line    0x00005085      0x85a ./Core/Src/system_stm32f7xx.o
 .debug_line    0x000058df      0x870 ./Core/Src/usart.o
 .debug_line    0x0000614f      0x87f ./Core/Src/usb_otg.o
 .debug_line    0x000069ce       0x7a ./Core/Startup/startup_stm32f767zitx.o
 .debug_line    0x00006a48      0xb3d ./Drivers/STM32F7xx_HAL_Driver/Src/stm32f7xx_hal.o
 .debug_line    0x00007585     0x12d2 ./Drivers/STM32F7xx_HAL_Driver/Src/stm32f7xx_hal_adc.o
 .debug_line    0x00008857      0xd8d ./Drivers/STM32F7xx_HAL_Driver/Src/stm32f7xx_hal_cortex.o
 .debug_line    0x000095e4     0x105a ./Drivers/STM32F7xx_HAL_Driver/Src/stm32f7xx_hal_dma.o
 .debug_line    0x0000a63e     0x1aed ./Drivers/STM32F7xx_HAL_Driver/Src/stm32f7xx_hal_eth.o
 .debug_line    0x0000c12b      0xc67 ./Drivers/STM32F7xx_HAL_Driver/Src/stm32f7xx_hal_gpio.o
 .debug_line    0x0000cd92     0x3844 ./Drivers/STM32F7xx_HAL_Driver/Src/stm32f7xx_hal_i2c.o
 .debug_line    0x000105d6      0x8b8 ./Drivers/STM32F7xx_HAL_Driver/Src/stm32f7xx_hal_i2c_ex.o
 .debug_line    0x00010e8e     0x14e1 ./Drivers/STM32F7xx_HAL_Driver/Src/stm32f7xx_hal_pcd.o
 .debug_line    0x0001236f      0x8f8 ./Drivers/STM32F7xx_HAL_Driver/Src/stm32f7xx_hal_pcd_ex.o
 .debug_line    0x00012c67      0xadd ./Drivers/STM32F7xx_HAL_Driver/Src/stm32f7xx_hal_pwr_ex.o
 .debug_line    0x00013744     0x1044 ./Drivers/STM32F7xx_HAL_Driver/Src/stm32f7xx_hal_rcc.o
 .debug_line    0x00014788      0xf90 ./Drivers/STM32F7xx_HAL_Driver/Src/stm32f7xx_hal_rcc_ex.o
 .debug_line    0x00015718      0xa4e ./Drivers/STM32F7xx_HAL_Driver/Src/stm32f7xx_hal_rng.o
 .debug_line    0x00016166     0x2df9 ./Drivers/STM32F7xx_HAL_Driver/Src/stm32f7xx_hal_uart.o
 .debug_line    0x00018f5f     0x1dee ./Drivers/STM32F7xx_HAL_Driver/Src/stm32f7xx_ll_usb.o

.debug_str      0x00000000   0x100dcc
 .debug_str     0x00000000   0x100dcc ./Core/Src/adc.o
                              0xf6f7f (size before relaxing)
 .debug_str     0x00100dcc    0xf708a ./Core/Src/dma.o
 .debug_str     0x00100dcc    0xfa3ad ./Core/Src/eth.o
 .debug_str     0x00100dcc    0xf716a ./Core/Src/gpio.o
 .debug_str     0x00100dcc    0xf732f ./Core/Src/i2c.o
 .debug_str     0x00100dcc    0xfade3 ./Core/Src/main.o
 .debug_str     0x00100dcc    0xf6e5e ./Core/Src/rng.o
 .debug_str     0x00100dcc    0xf6a39 ./Core/Src/stm32f7xx_hal_msp.o
 .debug_str     0x00100dcc    0xf6c6f ./Core/Src/stm32f7xx_it.o
 .debug_str     0x00100dcc    0xf5fe4 ./Core/Src/system_stm32f7xx.o
 .debug_str     0x00100dcc    0xf72a6 ./Core/Src/usart.o
 .debug_str     0x00100dcc    0xf7235 ./Core/Src/usb_otg.o
 .debug_str     0x00100dcc       0x83 ./Core/Startup/startup_stm32f767zitx.o
 .debug_str     0x00100dcc    0xf6a24 ./Drivers/STM32F7xx_HAL_Driver/Src/stm32f7xx_hal.o
 .debug_str     0x00100dcc    0xf64e4 ./Drivers/STM32F7xx_HAL_Driver/Src/stm32f7xx_hal_adc.o
 .debug_str     0x00100dcc    0xf6a06 ./Drivers/STM32F7xx_HAL_Driver/Src/stm32f7xx_hal_cortex.o
 .debug_str     0x00100dcc    0xf6323 ./Drivers/STM32F7xx_HAL_Driver/Src/stm32f7xx_hal_dma.o
 .debug_str     0x00100dcc    0xf7820 ./Drivers/STM32F7xx_HAL_Driver/Src/stm32f7xx_hal_eth.o
 .debug_str     0x00100dcc    0xf60a2 ./Drivers/STM32F7xx_HAL_Driver/Src/stm32f7xx_hal_gpio.o
 .debug_str     0x00100dcc    0xf71f7 ./Drivers/STM32F7xx_HAL_Driver/Src/stm32f7xx_hal_i2c.o
 .debug_str     0x00100dcc    0xf6476 ./Drivers/STM32F7xx_HAL_Driver/Src/stm32f7xx_hal_i2c_ex.o
 .debug_str     0x00100dcc    0xf6a1d ./Drivers/STM32F7xx_HAL_Driver/Src/stm32f7xx_hal_pcd.o
 .debug_str     0x00100dcc    0xf631f ./Drivers/STM32F7xx_HAL_Driver/Src/stm32f7xx_hal_pcd_ex.o
 .debug_str     0x00100dcc    0xf6253 ./Drivers/STM32F7xx_HAL_Driver/Src/stm32f7xx_hal_pwr_ex.o
 .debug_str     0x00100dcc    0xf635f ./Drivers/STM32F7xx_HAL_Driver/Src/stm32f7xx_hal_rcc.o
 .debug_str     0x00100dcc    0xf62c2 ./Drivers/STM32F7xx_HAL_Driver/Src/stm32f7xx_hal_rcc_ex.o
 .debug_str     0x00100dcc    0xf5ffe ./Drivers/STM32F7xx_HAL_Driver/Src/stm32f7xx_hal_rng.o
 .debug_str     0x00100dcc    0xf6cad ./Drivers/STM32F7xx_HAL_Driver/Src/stm32f7xx_hal_uart.o
 .debug_str     0x00100dcc    0xf68fa ./Drivers/STM32F7xx_HAL_Driver/Src/stm32f7xx_ll_usb.o

.comment        0x00000000       0x43
 .comment       0x00000000       0x43 ./Core/Src/adc.o
                                 0x44 (size before relaxing)
 .comment       0x00000043       0x44 ./Core/Src/dma.o
 .comment       0x00000043       0x44 ./Core/Src/eth.o
 .comment       0x00000043       0x44 ./Core/Src/gpio.o
 .comment       0x00000043       0x44 ./Core/Src/i2c.o
 .comment       0x00000043       0x44 ./Core/Src/main.o
 .comment       0x00000043       0x44 ./Core/Src/rng.o
 .comment       0x00000043       0x44 ./Core/Src/stm32f7xx_hal_msp.o
 .comment       0x00000043       0x44 ./Core/Src/stm32f7xx_it.o
 .comment       0x00000043       0x44 ./Core/Src/system_stm32f7xx.o
 .comment       0x00000043       0x44 ./Core/Src/usart.o
 .comment       0x00000043       0x44 ./Core/Src/usb_otg.o
 .comment       0x00000043       0x44 ./Drivers/STM32F7xx_HAL_Driver/Src/stm32f7xx_hal.o
 .comment       0x00000043       0x44 ./Drivers/STM32F7xx_HAL_Driver/Src/stm32f7xx_hal_adc.o
 .comment       0x00000043       0x44 ./Drivers/STM32F7xx_HAL_Driver/Src/stm32f7xx_hal_cortex.o
 .comment       0x00000043       0x44 ./Drivers/STM32F7xx_HAL_Driver/Src/stm32f7xx_hal_dma.o
 .comment       0x00000043       0x44 ./Drivers/STM32F7xx_HAL_Driver/Src/stm32f7xx_hal_eth.o
 .comment       0x00000043       0x44 ./Drivers/STM32F7xx_HAL_Driver/Src/stm32f7xx_hal_gpio.o
 .comment       0x00000043       0x44 ./Drivers/STM32F7xx_HAL_Driver/Src/stm32f7xx_hal_i2c.o
 .comment       0x00000043       0x44 ./Drivers/STM32F7xx_HAL_Driver/Src/stm32f7xx_hal_i2c_ex.o
 .comment       0x00000043       0x44 ./Drivers/STM32F7xx_HAL_Driver/Src/stm32f7xx_hal_pcd.o
 .comment       0x00000043       0x44 ./Drivers/STM32F7xx_HAL_Driver/Src/stm32f7xx_hal_pcd_ex.o
 .comment       0x00000043       0x44 ./Drivers/STM32F7xx_HAL_Driver/Src/stm32f7xx_hal_pwr_ex.o
 .comment       0x00000043       0x44 ./Drivers/STM32F7xx_HAL_Driver/Src/stm32f7xx_hal_rcc.o
 .comment       0x00000043       0x44 ./Drivers/STM32F7xx_HAL_Driver/Src/stm32f7xx_hal_rcc_ex.o
 .comment       0x00000043       0x44 ./Drivers/STM32F7xx_HAL_Driver/Src/stm32f7xx_hal_rng.o
 .comment       0x00000043       0x44 ./Drivers/STM32F7xx_HAL_Driver/Src/stm32f7xx_hal_uart.o
 .comment       0x00000043       0x44 ./Drivers/STM32F7xx_HAL_Driver/Src/stm32f7xx_ll_usb.o

.debug_frame    0x00000000     0x4c4c
 .debug_frame   0x00000000       0x7c ./Core/Src/adc.o
 .debug_frame   0x0000007c       0x34 ./Core/Src/dma.o
 .debug_frame   0x000000b0       0x74 ./Core/Src/eth.o
 .debug_frame   0x00000124       0x38 ./Core/Src/gpio.o
 .debug_frame   0x0000015c       0x78 ./Core/Src/i2c.o
 .debug_frame   0x000001d4       0xd8 ./Core/Src/main.o
 .debug_frame   0x000002ac       0x78 ./Core/Src/rng.o
 .debug_frame   0x00000324       0x34 ./Core/Src/stm32f7xx_hal_msp.o
 .debug_frame   0x00000358      0x158 ./Core/Src/stm32f7xx_it.o
 .debug_frame   0x000004b0       0x58 ./Core/Src/system_stm32f7xx.o
 .debug_frame   0x00000508       0x78 ./Core/Src/usart.o
 .debug_frame   0x00000580       0x78 ./Core/Src/usb_otg.o
 .debug_frame   0x000005f8      0x3f4 ./Drivers/STM32F7xx_HAL_Driver/Src/stm32f7xx_hal.o
 .debug_frame   0x000009ec      0x3fc ./Drivers/STM32F7xx_HAL_Driver/Src/stm32f7xx_hal_adc.o
 .debug_frame   0x00000de8      0x4e8 ./Drivers/STM32F7xx_HAL_Driver/Src/stm32f7xx_hal_cortex.o
 .debug_frame   0x000012d0      0x250 ./Drivers/STM32F7xx_HAL_Driver/Src/stm32f7xx_hal_dma.o
 .debug_frame   0x00001520      0x8c0 ./Drivers/STM32F7xx_HAL_Driver/Src/stm32f7xx_hal_eth.o
 .debug_frame   0x00001de0      0x14c ./Drivers/STM32F7xx_HAL_Driver/Src/stm32f7xx_hal_gpio.o
 .debug_frame   0x00001f2c      0xc38 ./Drivers/STM32F7xx_HAL_Driver/Src/stm32f7xx_hal_i2c.o
 .debug_frame   0x00002b64       0xb0 ./Drivers/STM32F7xx_HAL_Driver/Src/stm32f7xx_hal_i2c_ex.o
 .debug_frame   0x00002c14      0x5b8 ./Drivers/STM32F7xx_HAL_Driver/Src/stm32f7xx_hal_pcd.o
 .debug_frame   0x000031cc      0x100 ./Drivers/STM32F7xx_HAL_Driver/Src/stm32f7xx_hal_pcd_ex.o
 .debug_frame   0x000032cc      0x1c8 ./Drivers/STM32F7xx_HAL_Driver/Src/stm32f7xx_hal_pwr_ex.o
 .debug_frame   0x00003494      0x1f8 ./Drivers/STM32F7xx_HAL_Driver/Src/stm32f7xx_hal_rcc.o
 .debug_frame   0x0000368c      0x118 ./Drivers/STM32F7xx_HAL_Driver/Src/stm32f7xx_hal_rcc_ex.o
 .debug_frame   0x000037a4      0x22c ./Drivers/STM32F7xx_HAL_Driver/Src/stm32f7xx_hal_rng.o
 .debug_frame   0x000039d0      0xa10 ./Drivers/STM32F7xx_HAL_Driver/Src/stm32f7xx_hal_uart.o
 .debug_frame   0x000043e0      0x7c0 ./Drivers/STM32F7xx_HAL_Driver/Src/stm32f7xx_ll_usb.o
 .debug_frame   0x00004ba0       0x20 C:/ST/STM32CubeIDE_1.19.0/STM32CubeIDE/plugins/com.st.stm32cube.ide.mcu.externaltools.gnu-tools-for-stm32.13.3.rel1.win32_1.0.0.202411081344/tools/bin/../lib/gcc/arm-none-eabi/13.3.1/../../../../arm-none-eabi/lib/thumb/v7e-m+dp/hard\libc_nano.a(libc_a-memset.o)
 .debug_frame   0x00004bc0       0x2c C:/ST/STM32CubeIDE_1.19.0/STM32CubeIDE/plugins/com.st.stm32cube.ide.mcu.externaltools.gnu-tools-for-stm32.13.3.rel1.win32_1.0.0.202411081344/tools/bin/../lib/gcc/arm-none-eabi/13.3.1/../../../../arm-none-eabi/lib/thumb/v7e-m+dp/hard\libc_nano.a(libc_a-init.o)
 .debug_frame   0x00004bec       0x2c C:/ST/STM32CubeIDE_1.19.0/STM32CubeIDE/plugins/com.st.stm32cube.ide.mcu.externaltools.gnu-tools-for-stm32.13.3.rel1.win32_1.0.0.202411081344/tools/bin/../lib/gcc/arm-none-eabi/13.3.1/thumb/v7e-m+dp/hard\libgcc.a(_aeabi_uldivmod.o)
 .debug_frame   0x00004c18       0x34 C:/ST/STM32CubeIDE_1.19.0/STM32CubeIDE/plugins/com.st.stm32cube.ide.mcu.externaltools.gnu-tools-for-stm32.13.3.rel1.win32_1.0.0.202411081344/tools/bin/../lib/gcc/arm-none-eabi/13.3.1/thumb/v7e-m+dp/hard\libgcc.a(_udivmoddi4.o)

.debug_line_str
                0x00000000       0x67
 .debug_line_str
                0x00000000       0x67 ./Core/Startup/startup_stm32f767zitx.o
