Archive member included to satisfy reference by file (symbol)

C:/ST/STM32CubeIDE_1.19.0/STM32CubeIDE/plugins/com.st.stm32cube.ide.mcu.externaltools.gnu-tools-for-stm32.13.3.rel1.win32_1.0.0.202411081344/tools/bin/../lib/gcc/arm-none-eabi/13.3.1/../../../../arm-none-eabi/lib/thumb/v7e-m+dp/hard\libc_nano.a(libc_a-exit.o)
                              C:/ST/STM32CubeIDE_1.19.0/STM32CubeIDE/plugins/com.st.stm32cube.ide.mcu.externaltools.gnu-tools-for-stm32.13.3.rel1.win32_1.0.0.202411081344/tools/bin/../lib/gcc/arm-none-eabi/13.3.1/../../../../arm-none-eabi/lib/thumb/v7e-m+dp/hard/crt0.o (exit)
C:/ST/STM32CubeIDE_1.19.0/STM32CubeIDE/plugins/com.st.stm32cube.ide.mcu.externaltools.gnu-tools-for-stm32.13.3.rel1.win32_1.0.0.202411081344/tools/bin/../lib/gcc/arm-none-eabi/13.3.1/../../../../arm-none-eabi/lib/thumb/v7e-m+dp/hard\libc_nano.a(libc_a-findfp.o)
                              C:/ST/STM32CubeIDE_1.19.0/STM32CubeIDE/plugins/com.st.stm32cube.ide.mcu.externaltools.gnu-tools-for-stm32.13.3.rel1.win32_1.0.0.202411081344/tools/bin/../lib/gcc/arm-none-eabi/13.3.1/../../../../arm-none-eabi/lib/thumb/v7e-m+dp/hard\libc_nano.a(libc_a-exit.o) (__stdio_exit_handler)
C:/ST/STM32CubeIDE_1.19.0/STM32CubeIDE/plugins/com.st.stm32cube.ide.mcu.externaltools.gnu-tools-for-stm32.13.3.rel1.win32_1.0.0.202411081344/tools/bin/../lib/gcc/arm-none-eabi/13.3.1/../../../../arm-none-eabi/lib/thumb/v7e-m+dp/hard\libc_nano.a(libc_a-fwalk.o)
                              C:/ST/STM32CubeIDE_1.19.0/STM32CubeIDE/plugins/com.st.stm32cube.ide.mcu.externaltools.gnu-tools-for-stm32.13.3.rel1.win32_1.0.0.202411081344/tools/bin/../lib/gcc/arm-none-eabi/13.3.1/../../../../arm-none-eabi/lib/thumb/v7e-m+dp/hard\libc_nano.a(libc_a-findfp.o) (_fwalk_sglue)
C:/ST/STM32CubeIDE_1.19.0/STM32CubeIDE/plugins/com.st.stm32cube.ide.mcu.externaltools.gnu-tools-for-stm32.13.3.rel1.win32_1.0.0.202411081344/tools/bin/../lib/gcc/arm-none-eabi/13.3.1/../../../../arm-none-eabi/lib/thumb/v7e-m+dp/hard\libc_nano.a(libc_a-snprintf.o)
                              ./Core/Src/main.o (snprintf)
C:/ST/STM32CubeIDE_1.19.0/STM32CubeIDE/plugins/com.st.stm32cube.ide.mcu.externaltools.gnu-tools-for-stm32.13.3.rel1.win32_1.0.0.202411081344/tools/bin/../lib/gcc/arm-none-eabi/13.3.1/../../../../arm-none-eabi/lib/thumb/v7e-m+dp/hard\libc_nano.a(libc_a-stdio.o)
                              C:/ST/STM32CubeIDE_1.19.0/STM32CubeIDE/plugins/com.st.stm32cube.ide.mcu.externaltools.gnu-tools-for-stm32.13.3.rel1.win32_1.0.0.202411081344/tools/bin/../lib/gcc/arm-none-eabi/13.3.1/../../../../arm-none-eabi/lib/thumb/v7e-m+dp/hard\libc_nano.a(libc_a-findfp.o) (__sread)
C:/ST/STM32CubeIDE_1.19.0/STM32CubeIDE/plugins/com.st.stm32cube.ide.mcu.externaltools.gnu-tools-for-stm32.13.3.rel1.win32_1.0.0.202411081344/tools/bin/../lib/gcc/arm-none-eabi/13.3.1/../../../../arm-none-eabi/lib/thumb/v7e-m+dp/hard\libc_nano.a(libc_a-memset.o)
                              C:/ST/STM32CubeIDE_1.19.0/STM32CubeIDE/plugins/com.st.stm32cube.ide.mcu.externaltools.gnu-tools-for-stm32.13.3.rel1.win32_1.0.0.202411081344/tools/bin/../lib/gcc/arm-none-eabi/13.3.1/../../../../arm-none-eabi/lib/thumb/v7e-m+dp/hard/crt0.o (memset)
C:/ST/STM32CubeIDE_1.19.0/STM32CubeIDE/plugins/com.st.stm32cube.ide.mcu.externaltools.gnu-tools-for-stm32.13.3.rel1.win32_1.0.0.202411081344/tools/bin/../lib/gcc/arm-none-eabi/13.3.1/../../../../arm-none-eabi/lib/thumb/v7e-m+dp/hard\libc_nano.a(libc_a-closer.o)
                              C:/ST/STM32CubeIDE_1.19.0/STM32CubeIDE/plugins/com.st.stm32cube.ide.mcu.externaltools.gnu-tools-for-stm32.13.3.rel1.win32_1.0.0.202411081344/tools/bin/../lib/gcc/arm-none-eabi/13.3.1/../../../../arm-none-eabi/lib/thumb/v7e-m+dp/hard\libc_nano.a(libc_a-stdio.o) (_close_r)
C:/ST/STM32CubeIDE_1.19.0/STM32CubeIDE/plugins/com.st.stm32cube.ide.mcu.externaltools.gnu-tools-for-stm32.13.3.rel1.win32_1.0.0.202411081344/tools/bin/../lib/gcc/arm-none-eabi/13.3.1/../../../../arm-none-eabi/lib/thumb/v7e-m+dp/hard\libc_nano.a(libc_a-reent.o)
                              C:/ST/STM32CubeIDE_1.19.0/STM32CubeIDE/plugins/com.st.stm32cube.ide.mcu.externaltools.gnu-tools-for-stm32.13.3.rel1.win32_1.0.0.202411081344/tools/bin/../lib/gcc/arm-none-eabi/13.3.1/../../../../arm-none-eabi/lib/thumb/v7e-m+dp/hard\libc_nano.a(libc_a-closer.o) (errno)
C:/ST/STM32CubeIDE_1.19.0/STM32CubeIDE/plugins/com.st.stm32cube.ide.mcu.externaltools.gnu-tools-for-stm32.13.3.rel1.win32_1.0.0.202411081344/tools/bin/../lib/gcc/arm-none-eabi/13.3.1/../../../../arm-none-eabi/lib/thumb/v7e-m+dp/hard\libc_nano.a(libc_a-impure.o)
                              C:/ST/STM32CubeIDE_1.19.0/STM32CubeIDE/plugins/com.st.stm32cube.ide.mcu.externaltools.gnu-tools-for-stm32.13.3.rel1.win32_1.0.0.202411081344/tools/bin/../lib/gcc/arm-none-eabi/13.3.1/../../../../arm-none-eabi/lib/thumb/v7e-m+dp/hard\libc_nano.a(libc_a-snprintf.o) (_impure_ptr)
[...]
Memory Configuration

Name             Origin             Length             Attributes
RAM              0x20000000         0x00080000         xrw
FLASH            0x08000000         0x00200000         xr
*default*        0x00000000         0xffffffff

Linker script and memory map

LOAD C:/ST/STM32CubeIDE_1.19.0/STM32CubeIDE/plugins/com.st.stm32cube.ide.mcu.externaltools.gnu-tools-for-stm32.13.3.rel1.win32_1.0.0.202411081344/tools/bin/../lib/gcc/arm-none-eabi/13.3.1/thumb/v7e-m+dp/hard/crti.o
LOAD C:/ST/STM32CubeIDE_1.19.0/STM32CubeIDE/plugins/com.st.stm32cube.ide.mcu.externaltools.gnu-tools-for-stm32.13.3.rel1.win32_1.0.0.202411081344/tools/bin/../lib/gcc/arm-none-eabi/13.3.1/thumb/v7e-m+dp/hard/crtbegin.o
LOAD C:/ST/STM32CubeIDE_1.19.0/STM32CubeIDE/plugins/com.st.stm32cube.ide.mcu.externaltools.gnu-tools-for-stm32.13.3.rel1.win32_1.0.0.202411081344/tools/bin/../lib/gcc/arm-none-eabi/13.3.1/../../../../arm-none-eabi/lib/thumb/v7e-m+dp/hard/crt0.o
LOAD ./Core/Src/ILI9341_GFX.o
LOAD ./Core/Src/ILI9341_STM32_Driver.o
LOAD ./Core/Src/ILI9341_Touchscreen.o
LOAD ./Core/Src/adc.o
LOAD ./Core/Src/eth.o
LOAD ./Core/Src/gpio.o
LOAD ./Core/Src/main.o
LOAD ./Core/Src/rng.o
LOAD ./Core/Src/spi.o
LOAD ./Core/Src/stm32f7xx_hal_msp.o
LOAD ./Core/Src/stm32f7xx_it.o
LOAD ./Core/Src/syscalls.o
LOAD ./Core/Src/sysmem.o
LOAD ./Core/Src/system_stm32f7xx.o
LOAD ./Core/Src/tim.o
LOAD ./Core/Src/usart.o
LOAD ./Core/Src/usb_otg.o
LOAD ./Core/Startup/startup_stm32f767zitx.o
LOAD ./Drivers/STM32F7xx_HAL_Driver/Src/stm32f7xx_hal.o
LOAD ./Drivers/STM32F7xx_HAL_Driver/Src/stm32f7xx_hal_adc.o
LOAD ./Drivers/STM32F7xx_HAL_Driver/Src/stm32f7xx_hal_adc_ex.o
LOAD ./Drivers/STM32F7xx_HAL_Driver/Src/stm32f7xx_hal_cortex.o
LOAD ./Drivers/STM32F7xx_HAL_Driver/Src/stm32f7xx_hal_dma.o
LOAD ./Drivers/STM32F7xx_HAL_Driver/Src/stm32f7xx_hal_dma_ex.o
LOAD ./Drivers/STM32F7xx_HAL_Driver/Src/stm32f7xx_hal_eth.o
LOAD ./Drivers/STM32F7xx_HAL_Driver/Src/stm32f7xx_hal_exti.o
LOAD ./Drivers/STM32F7xx_HAL_Driver/Src/stm32f7xx_hal_flash.o
LOAD ./Drivers/STM32F7xx_HAL_Driver/Src/stm32f7xx_hal_flash_ex.o
LOAD ./Drivers/STM32F7xx_HAL_Driver/Src/stm32f7xx_hal_gpio.o
LOAD ./Drivers/STM32F7xx_HAL_Driver/Src/stm32f7xx_hal_i2c.o
LOAD ./Drivers/STM32F7xx_HAL_Driver/Src/stm32f7xx_hal_i2c_ex.o
LOAD ./Drivers/STM32F7xx_HAL_Driver/Src/stm32f7xx_hal_pcd.o
LOAD ./Drivers/STM32F7xx_HAL_Driver/Src/stm32f7xx_hal_pcd_ex.o
LOAD ./Drivers/STM32F7xx_HAL_Driver/Src/stm32f7xx_hal_pwr.o
LOAD ./Drivers/STM32F7xx_HAL_Driver/Src/stm32f7xx_hal_pwr_ex.o
LOAD ./Drivers/STM32F7xx_HAL_Driver/Src/stm32f7xx_hal_rcc.o
LOAD ./Drivers/STM32F7xx_HAL_Driver/Src/stm32f7xx_hal_rcc_ex.o
LOAD ./Drivers/STM32F7xx_HAL_Driver/Src/stm32f7xx_hal_rng.o
LOAD ./Drivers/STM32F7xx_HAL_Driver/Src/stm32f7xx_hal_spi.o
LOAD ./Drivers/STM32F7xx_HAL_Driver/Src/stm32f7xx_hal_spi_ex.o
LOAD ./Drivers/STM32F7xx_HAL_Driver/Src/stm32f7xx_hal_tim.o
LOAD ./Drivers/STM32F7xx_HAL_Driver/Src/stm32f7xx_hal_tim_ex.o
LOAD ./Drivers/STM32F7xx_HAL_Driver/Src/stm32f7xx_hal_uart.o
LOAD ./Drivers/STM32F7xx_HAL_Driver/Src/stm32f7xx_hal_uart_ex.o
LOAD ./Drivers/STM32F7xx_HAL_Driver/Src/stm32f7xx_ll_usb.o
START GROUP
LOAD C:/ST/STM32CubeIDE_1.19.0/STM32CubeIDE/plugins/com.st.stm32cube.ide.mcu.externaltools.gnu-tools-for-stm32.13.3.rel1.win32_1.0.0.202411081344/tools/bin/../lib/gcc/arm-none-eabi/13.3.1/../../../../arm-none-eabi/lib/thumb/v7e-m+dp/hard\libc_nano.a
LOAD C:/ST/STM32CubeIDE_1.19.0/STM32CubeIDE/plugins/com.st.stm32cube.ide.mcu.externaltools.gnu-tools-for-stm32.13.3.rel1.win32_1.0.0.202411081344/tools/bin/../lib/gcc/arm-none-eabi/13.3.1/../../../../arm-none-eabi/lib/thumb/v7e-m+dp/hard\libm.a
END GROUP
START GROUP
LOAD C:/ST/STM32CubeIDE_1.19.0/STM32CubeIDE/plugins/com.st.stm32cube.ide.mcu.externaltools.gnu-tools-for-stm32.13.3.rel1.win32_1.0.0.202411081344/tools/bin/../lib/gcc/arm-none-eabi/13.3.1/thumb/v7e-m+dp/hard\libgcc.a
LOAD C:/ST/STM32CubeIDE_1.19.0/STM32CubeIDE/plugins/com.st.stm32cube.ide.mcu.externaltools.gnu-tools-for-stm32.13.3.rel1.win32_1.0.0.202411081344/tools/bin/../lib/gcc/arm-none-eabi/13.3.1/../../../../arm-none-eabi/lib/thumb/v7e-m+dp/hard\libc_nano.a
END GROUP
START GROUP
LOAD C:/ST/STM32CubeIDE_1.19.0/STM32CubeIDE/plugins/com.st.stm32cube.ide.mcu.externaltools.gnu-tools-for-stm32.13.3.rel1.win32_1.0.0.202411081344/tools/bin/../lib/gcc/arm-none-eabi/13.3.1/thumb/v7e-m+dp/hard\libgcc.a
LOAD C:/ST/STM32CubeIDE_1.19.0/STM32CubeIDE/plugins/com.st.stm32cube.ide.mcu.externaltools.gnu-tools-for-stm32.13.3.rel1.win32_1.0.0.202411081344/tools/bin/../lib/gcc/arm-none-eabi/13.3.1/../../../../arm-none-eabi/lib/thumb/v7e-m+dp/hard\libc_nano.a
LOAD C:/ST/STM32CubeIDE_1.19.0/STM32CubeIDE/plugins/com.st.stm32cube.ide.mcu.externaltools.gnu-tools-for-stm32.13.3.rel1.win32_1.0.0.202411081344/tools/bin/../lib/gcc/arm-none-eabi/13.3.1/../../../../arm-none-eabi/lib/thumb/v7e-m+dp/hard\libnosys.a
END GROUP
START GROUP
LOAD C:/ST/STM32CubeIDE_1.19.0/STM32CubeIDE/plugins/com.st.stm32cube.ide.mcu.externaltools.gnu-tools-for-stm32.13.3.rel1.win32_1.0.0.202411081344/tools/bin/../lib/gcc/arm-none-eabi/13.3.1/thumb/v7e-m+dp/hard\libgcc.a
LOAD C:/ST/STM32CubeIDE_1.19.0/STM32CubeIDE/plugins/com.st.stm32cube.ide.mcu.externaltools.gnu-tools-for-stm32.13.3.rel1.win32_1.0.0.202411081344/tools/bin/../lib/gcc/arm-none-eabi/13.3.1/../../../../arm-none-eabi/lib/thumb/v7e-m+dp/hard\libc_nano.a
LOAD C:/ST/STM32CubeIDE_1.19.0/STM32CubeIDE/plugins/com.st.stm32cube.ide.mcu.externaltools.gnu-tools-for-stm32.13.3.rel1.win32_1.0.0.202411081344/tools/bin/../lib/gcc/arm-none-eabi/13.3.1/../../../../arm-none-eabi/lib/thumb/v7e-m+dp/hard\libnosys.a
END GROUP
LOAD C:/ST/STM32CubeIDE_1.19.0/STM32CubeIDE/plugins/com.st.stm32cube.ide.mcu.externaltools.gnu-tools-for-stm32.13.3.rel1.win32_1.0.0.202411081344/tools/bin/../lib/gcc/arm-none-eabi/13.3.1/thumb/v7e-m+dp/hard/crtend.o
LOAD C:/ST/STM32CubeIDE_1.19.0/STM32CubeIDE/plugins/com.st.stm32cube.ide.mcu.externaltools.gnu-tools-for-stm32.13.3.rel1.win32_1.0.0.202411081344/tools/bin/../lib/gcc/arm-none-eabi/13.3.1/thumb/v7e-m+dp/hard/crtn.o
                0x20080000                        _estack = (ORIGIN (RAM) + LENGTH (RAM))
                0x00000200                        _Min_Heap_Size = 0x200
                0x00000400                        _Min_Stack_Size = 0x400

.isr_vector     0x08000000      0x1f8
                0x08000000                        . = ALIGN (0x4)
 *(.isr_vector)
 .isr_vector    0x08000000      0x1f8 ./Core/Startup/startup_stm32f767zitx.o
                0x08000000                g_pfnVectors
                0x080001f8                        . = ALIGN (0x4)

.text           0x08000200     0x85f8
                0x08000200                        . = ALIGN (0x4)
 *(.text)
 .text          0x08000200       0x40 C:/ST/STM32CubeIDE_1.19.0/STM32CubeIDE/plugins/com.st.stm32cube.ide.mcu.externaltools.gnu-tools-for-stm32.13.3.rel1.win32_1.0.0.202411081344/tools/bin/../lib/gcc/arm-none-eabi/13.3.1/thumb/v7e-m+dp/hard/crtbegin.o
 .text          0x08000240       0x10 C:/ST/STM32CubeIDE_1.19.0/STM32CubeIDE/plugins/com.st.stm32cube.ide.mcu.externaltools.gnu-tools-for-stm32.13.3.rel1.win32_1.0.0.202411081344/tools/bin/../lib/gcc/arm-none-eabi/13.3.1/../../../../arm-none-eabi/lib/thumb/v7e-m+dp/hard\libc_nano.a(libc_a-strlen.o)
                0x08000240                strlen
 .text          0x08000250       0xa0 C:/ST/STM32CubeIDE_1.19.0/STM32CubeIDE/plugins/com.st.stm32cube.ide.mcu.externaltools.gnu-tools-for-stm32.13.3.rel1.win32_1.0.0.202411081344/tools/bin/../lib/gcc/arm-none-eabi/13.3.1/../../../../arm-none-eabi/lib/thumb/v7e-m+dp/hard\libc_nano.a(libc_a-memchr.o)
                0x08000250                memchr
 .text          0x080002f0       0x30 C:/ST/STM32CubeIDE_1.19.0/STM32CubeIDE/plugins/com.st.stm32cube.ide.mcu.externaltools.gnu-tools-for-stm32.13.3.rel1.win32_1.0.0.202411081344/tools/bin/../lib/gcc/arm-none-eabi/13.3.1/thumb/v7e-m+dp/hard\libgcc.a(_aeabi_uldivmod.o)
                0x080002f0                __aeabi_uldivmod
 .text          0x08000320      0x2f8 C:/ST/STM32CubeIDE_1.19.0/STM32CubeIDE/plugins/com.st.stm32cube.ide.mcu.externaltools.gnu-tools-for-stm32.13.3.rel1.win32_1.0.0.202411081344/tools/bin/../lib/gcc/arm-none-eabi/13.3.1/thumb/v7e-m+dp/hard\libgcc.a(_udivmoddi4.o)
                0x08000320                __udivmoddi4
 .text          0x08000618        0x4 C:/ST/STM32CubeIDE_1.19.0/STM32CubeIDE/plugins/com.st.stm32cube.ide.mcu.externaltools.gnu-tools-for-stm32.13.3.rel1.win32_1.0.0.202411081344/tools/bin/../lib/gcc/arm-none-eabi/13.3.1/thumb/v7e-m+dp/hard\libgcc.a(_dvmd_tls.o)
                0x08000618                __aeabi_idiv0
                0x08000618                __aeabi_ldiv0
 *(.text*)
 .text.ILI9341_SPI_Init
                0x0800061c       0x20 ./Core/Src/ILI9341_STM32_Driver.o
                0x0800061c                ILI9341_SPI_Init
 .text.ILI9341_SPI_Send
                0x0800063c       0x24 ./Core/Src/ILI9341_STM32_Driver.o
                0x0800063c                ILI9341_SPI_Send
 .text.ILI9341_Write_Command
                0x08000660       0x40 ./Core/Src/ILI9341_STM32_Driver.o
                0x08000660                ILI9341_Write_Command
 .text.ILI9341_Write_Data
                0x080006a0       0x40 ./Core/Src/ILI9341_STM32_Driver.o
                0x080006a0                ILI9341_Write_Data
 .text.ILI9341_Set_Address
                0x080006e0       0x98 ./Core/Src/ILI9341_STM32_Driver.o
                0x080006e0                ILI9341_Set_Address
 .text.ILI9341_Reset
                0x08000778       0x38 ./Core/Src/ILI9341_STM32_Driver.o
                0x08000778                ILI9341_Reset
 .text.ILI9341_Set_Rotation
                0x080007b0       0xa4 ./Core/Src/ILI9341_STM32_Driver.o
                0x080007b0                ILI9341_Set_Rotation
 .text.ILI9341_Enable
                0x08000854       0x18 ./Core/Src/ILI9341_STM32_Driver.o
                0x08000854                ILI9341_Enable
 .text.ILI9341_Init
                0x0800086c      0x21a ./Core/Src/ILI9341_STM32_Driver.o
                0x0800086c                ILI9341_Init
 *fill*         0x08000a86        0x2 
 .text.ILI9341_Draw_Colour_Burst
                0x08000a88      0x138 ./Core/Src/ILI9341_STM32_Driver.o
                0x08000a88                ILI9341_Draw_Colour_Burst
 .text.ILI9341_Fill_Screen
                0x08000bc0       0x4c ./Core/Src/ILI9341_STM32_Driver.o
                0x08000bc0                ILI9341_Fill_Screen
 .text.MX_ADC3_Init
                0x08000c0c       0xa4 ./Core/Src/adc.o
                0x08000c0c                MX_ADC3_Init
 .text.HAL_ADC_MspInit
                0x08000cb0       0xe8 ./Core/Src/adc.o
                0x08000cb0                HAL_ADC_MspInit
 .text.MX_ETH_Init
                0x08000d98       0x9c ./Core/Src/eth.o
                0x08000d98                MX_ETH_Init
 .text.HAL_ETH_MspInit
                0x08000e34      0x170 ./Core/Src/eth.o
                0x08000e34                HAL_ETH_MspInit
 .text.MX_GPIO_Init
                0x08000fa4      0x26c ./Core/Src/gpio.o
                0x08000fa4                MX_GPIO_Init
 .text.RGB_Set  0x08001210       0x3c ./Core/Src/main.o
 .text.RGB_SetPercent
                0x0800124c       0x70 ./Core/Src/main.o
 .text.main     0x080012bc       0xd0 ./Core/Src/main.o
                0x080012bc                main
 .text.SystemClock_Config
                0x0800138c       0xe0 ./Core/Src/main.o
                0x0800138c                SystemClock_Config
 .text.HAL_GPIO_EXTI_Callback
                0x0800146c       0x4c ./Core/Src/main.o
                0x0800146c                HAL_GPIO_EXTI_Callback
 .text.uart_print_num
                0x080014b8       0x3c ./Core/Src/main.o
 .text.uart_print_stop
                0x080014f4       0x30 ./Core/Src/main.o
 .text.HAL_TIM_PeriodElapsedCallback
                0x08001524      0x120 ./Core/Src/main.o
                0x08001524                HAL_TIM_PeriodElapsedCallback
 .text.Error_Handler
                0x08001644        0xc ./Core/Src/main.o
                0x08001644                Error_Handler
 .text.MX_RNG_Init
                0x08001650       0x28 ./Core/Src/rng.o
                0x08001650                MX_RNG_Init
 .text.HAL_RNG_MspInit
                0x08001678       0x68 ./Core/Src/rng.o
                0x08001678                HAL_RNG_MspInit
 .text.MX_SPI5_Init
                0x080016e0       0x7c ./Core/Src/spi.o
                0x080016e0                MX_SPI5_Init
 .text.HAL_SPI_MspInit
                0x0800175c       0x88 ./Core/Src/spi.o
                0x0800175c                HAL_SPI_MspInit
 .text.HAL_MspInit
                0x080017e4       0x48 ./Core/Src/stm32f7xx_hal_msp.o
                0x080017e4                HAL_MspInit
 .text.NMI_Handler
                0x0800182c        0x8 ./Core/Src/stm32f7xx_it.o
                0x0800182c                NMI_Handler
 .text.HardFault_Handler
                0x08001834        0x8 ./Core/Src/stm32f7xx_it.o
                0x08001834                HardFault_Handler
 .text.MemManage_Handler
                0x0800183c        0x8 ./Core/Src/stm32f7xx_it.o
                0x0800183c                MemManage_Handler
 .text.BusFault_Handler
                0x08001844        0x8 ./Core/Src/stm32f7xx_it.o
                0x08001844                BusFault_Handler
 .text.UsageFault_Handler
                0x0800184c        0x8 ./Core/Src/stm32f7xx_it.o
                0x0800184c                UsageFault_Handler
 .text.SVC_Handler
                0x08001854        0xe ./Core/Src/stm32f7xx_it.o
                0x08001854                SVC_Handler
 .text.DebugMon_Handler
                0x08001862        0xe ./Core/Src/stm32f7xx_it.o
                0x08001862                DebugMon_Handler
 .text.PendSV_Handler
                0x08001870        0xe ./Core/Src/stm32f7xx_it.o
                0x08001870                PendSV_Handler
 .text.SysTick_Handler
                0x0800187e        0xc ./Core/Src/stm32f7xx_it.o
                0x0800187e                SysTick_Handler
 *fill*         0x0800188a        0x2 
 .text.TIM2_IRQHandler
                0x0800188c       0x14 ./Core/Src/stm32f7xx_it.o
                0x0800188c                TIM2_IRQHandler
 .text.TIM3_IRQHandler
                0x080018a0       0x14 ./Core/Src/stm32f7xx_it.o
                0x080018a0                TIM3_IRQHandler
 .text.USART3_IRQHandler
                0x080018b4       0x14 ./Core/Src/stm32f7xx_it.o
                0x080018b4                USART3_IRQHandler
 .text.TIM5_IRQHandler
                0x080018c8       0x14 ./Core/Src/stm32f7xx_it.o
                0x080018c8                TIM5_IRQHandler
 .text.EXTI9_5_IRQHandler
                0x080018dc       0x20 ./Core/Src/stm32f7xx_it.o
                0x080018dc                EXTI9_5_IRQHandler
 .text.EXTI15_10_IRQHandler
                0x080018fc       0x18 ./Core/Src/stm32f7xx_it.o
                0x080018fc                EXTI15_10_IRQHandler
 .text.ADC_IRQHandler
                0x08001914       0x14 ./Core/Src/stm32f7xx_it.o
                0x08001914                ADC_IRQHandler
 .text._sbrk    0x08001928       0x6c ./Core/Src/sysmem.o
                0x08001928                _sbrk
 .text.SystemInit
                0x08001994       0x24 ./Core/Src/system_stm32f7xx.o
                0x08001994                SystemInit
 .text.MX_TIM2_Init
                0x080019b8       0x9c ./Core/Src/tim.o
                0x080019b8                MX_TIM2_Init
 .text.MX_TIM3_Init
                0x08001a54      0x11c ./Core/Src/tim.o
                0x08001a54                MX_TIM3_Init
 .text.MX_TIM5_Init
                0x08001b70       0x9c ./Core/Src/tim.o
                0x08001b70                MX_TIM5_Init
 .text.HAL_TIM_Base_MspInit
                0x08001c0c       0xb8 ./Core/Src/tim.o
                0x08001c0c                HAL_TIM_Base_MspInit
 .text.HAL_TIM_MspPostInit
                0x08001cc4       0xac ./Core/Src/tim.o
                0x08001cc4                HAL_TIM_MspPostInit
 .text.MX_USART3_UART_Init
                0x08001d70       0x60 ./Core/Src/usart.o
                0x08001d70                MX_USART3_UART_Init
 .text.HAL_UART_MspInit
                0x08001dd0       0xd0 ./Core/Src/usart.o
                0x08001dd0                HAL_UART_MspInit
 .text.MX_USB_OTG_FS_PCD_Init
                0x08001ea0       0x5c ./Core/Src/usb_otg.o
                0x08001ea0                MX_USB_OTG_FS_PCD_Init
 .text.HAL_PCD_MspInit
                0x08001efc       0xf4 ./Core/Src/usb_otg.o
                0x08001efc                HAL_PCD_MspInit
 .text.Reset_Handler
                0x08001ff0       0x50 ./Core/Startup/startup_stm32f767zitx.o
                0x08001ff0                Reset_Handler
 .text.Default_Handler
                0x08002040        0x2 ./Core/Startup/startup_stm32f767zitx.o
                0x08002040                RTC_Alarm_IRQHandler
                0x08002040                EXTI2_IRQHandler
                0x08002040                TIM8_CC_IRQHandler
                0x08002040                UART8_IRQHandler
                0x08002040                SPI4_IRQHandler
                0x08002040                TIM1_CC_IRQHandler
                0x08002040                DMA2_Stream5_IRQHandler
                0x08002040                JPEG_IRQHandler
                0x08002040                DMA1_Stream5_IRQHandler
                0x08002040                CAN3_RX1_IRQHandler
                0x08002040                PVD_IRQHandler
                0x08002040                TAMP_STAMP_IRQHandler
                0x08002040                CAN2_RX1_IRQHandler
                0x08002040                EXTI3_IRQHandler
                0x08002040                TIM8_TRG_COM_TIM14_IRQHandler
                0x08002040                DFSDM1_FLT1_IRQHandler
                0x08002040                TIM1_UP_TIM10_IRQHandler
                0x08002040                TIM8_UP_TIM13_IRQHandler
                0x08002040                I2C3_ER_IRQHandler
                0x08002040                DFSDM1_FLT2_IRQHandler
                0x08002040                EXTI0_IRQHandler
                0x08002040                I2C2_EV_IRQHandler
                0x08002040                DMA1_Stream2_IRQHandler
                0x08002040                CAN1_RX0_IRQHandler
                0x08002040                FPU_IRQHandler
                0x08002040                OTG_HS_WKUP_IRQHandler
                0x08002040                CAN3_SCE_IRQHandler
                0x08002040                LTDC_ER_IRQHandler
                0x08002040                CAN2_SCE_IRQHandler
                0x08002040                DMA2_Stream2_IRQHandler
                0x08002040                SPI1_IRQHandler
                0x08002040                TIM6_DAC_IRQHandler
                0x08002040                TIM1_BRK_TIM9_IRQHandler
                0x08002040                DCMI_IRQHandler
                0x08002040                CAN2_RX0_IRQHandler
                0x08002040                DMA2_Stream3_IRQHandler
                0x08002040                SAI2_IRQHandler
                0x08002040                DFSDM1_FLT3_IRQHandler
                0x08002040                USART6_IRQHandler
                0x08002040                CAN3_RX0_IRQHandler
                0x08002040                CAN1_RX1_IRQHandler
                0x08002040                UART5_IRQHandler
                0x08002040                DMA2_Stream0_IRQHandler
                0x08002040                TIM4_IRQHandler
                0x08002040                QUADSPI_IRQHandler
                0x08002040                I2C1_EV_IRQHandler
                0x08002040                DMA1_Stream6_IRQHandler
                0x08002040                DMA1_Stream1_IRQHandler
                0x08002040                UART4_IRQHandler
                0x08002040                RCC_IRQHandler
                0x08002040                TIM8_BRK_TIM12_IRQHandler
                0x08002040                Default_Handler
                0x08002040                CEC_IRQHandler
                0x08002040                DMA1_Stream7_IRQHandler
                0x08002040                SPI5_IRQHandler
                0x08002040                TIM7_IRQHandler
                0x08002040                SDMMC1_IRQHandler
                0x08002040                CAN2_TX_IRQHandler
                0x08002040                DMA2_Stream7_IRQHandler
                0x08002040                I2C3_EV_IRQHandler
                0x08002040                RTC_WKUP_IRQHandler
                0x08002040                LTDC_IRQHandler
                0x08002040                ETH_WKUP_IRQHandler
                0x08002040                SPDIF_RX_IRQHandler
                0x08002040                SPI2_IRQHandler
                0x08002040                OTG_HS_EP1_IN_IRQHandler
                0x08002040                DMA1_Stream0_IRQHandler
                0x08002040                CAN1_TX_IRQHandler
                0x08002040                EXTI4_IRQHandler
                0x08002040                RNG_IRQHandler
                0x08002040                ETH_IRQHandler
                0x08002040                OTG_HS_EP1_OUT_IRQHandler
                0x08002040                WWDG_IRQHandler
                0x08002040                SPI6_IRQHandler
                0x08002040                MDIOS_IRQHandler
                0x08002040                I2C4_EV_IRQHandler
                0x08002040                CAN3_TX_IRQHandler
                0x08002040                OTG_FS_WKUP_IRQHandler
                0x08002040                TIM1_TRG_COM_TIM11_IRQHandler
                0x08002040                OTG_HS_IRQHandler
                0x08002040                DMA2D_IRQHandler
                0x08002040                EXTI1_IRQHandler
                0x08002040                SDMMC2_IRQHandler
                0x08002040                UART7_IRQHandler
                0x08002040                USART2_IRQHandler
                0x08002040                DFSDM1_FLT0_IRQHandler
                0x08002040                I2C2_ER_IRQHandler
                0x08002040                DMA2_Stream1_IRQHandler
                0x08002040                CAN1_SCE_IRQHandler
                0x08002040                FLASH_IRQHandler
                0x08002040                DMA2_Stream4_IRQHandler
                0x08002040                USART1_IRQHandler
                0x08002040                OTG_FS_IRQHandler
                0x08002040                SPI3_IRQHandler
                0x08002040                DMA1_Stream4_IRQHandler
                0x08002040                I2C1_ER_IRQHandler
                0x08002040                FMC_IRQHandler
                0x08002040                LPTIM1_IRQHandler
                0x08002040                I2C4_ER_IRQHandler
                0x08002040                DMA2_Stream6_IRQHandler
                0x08002040                SAI1_IRQHandler
                0x08002040                DMA1_Stream3_IRQHandler
 .text.HAL_Init
                0x08002042       0x1a ./Drivers/STM32F7xx_HAL_Driver/Src/stm32f7xx_hal.o
                0x08002042                HAL_Init
 .text.HAL_InitTick
                0x0800205c       0x60 ./Drivers/STM32F7xx_HAL_Driver/Src/stm32f7xx_hal.o
                0x0800205c                HAL_InitTick
 .text.HAL_IncTick
                0x080020bc       0x28 ./Drivers/STM32F7xx_HAL_Driver/Src/stm32f7xx_hal.o
                0x080020bc                HAL_IncTick
 .text.HAL_GetTick
                0x080020e4       0x18 ./Drivers/STM32F7xx_HAL_Driver/Src/stm32f7xx_hal.o
                0x080020e4                HAL_GetTick
 .text.HAL_Delay
                0x080020fc       0x48 ./Drivers/STM32F7xx_HAL_Driver/Src/stm32f7xx_hal.o
                0x080020fc                HAL_Delay
 .text.HAL_ADC_Init
                0x08002144       0x88 ./Drivers/STM32F7xx_HAL_Driver/Src/stm32f7xx_hal_adc.o
                0x08002144                HAL_ADC_Init
 .text.HAL_ADC_IRQHandler
                0x080021cc      0x220 ./Drivers/STM32F7xx_HAL_Driver/Src/stm32f7xx_hal_adc.o
                0x080021cc                HAL_ADC_IRQHandler
 .text.HAL_ADC_ConvCpltCallback
                0x080023ec       0x14 ./Drivers/STM32F7xx_HAL_Driver/Src/stm32f7xx_hal_adc.o
                0x080023ec                HAL_ADC_ConvCpltCallback
 .text.HAL_ADC_LevelOutOfWindowCallback
                0x08002400       0x14 ./Drivers/STM32F7xx_HAL_Driver/Src/stm32f7xx_hal_adc.o
                0x08002400                HAL_ADC_LevelOutOfWindowCallback
 .text.HAL_ADC_ErrorCallback
                0x08002414       0x14 ./Drivers/STM32F7xx_HAL_Driver/Src/stm32f7xx_hal_adc.o
                0x08002414                HAL_ADC_ErrorCallback
 .text.HAL_ADC_ConfigChannel
                0x08002428      0x2b4 ./Drivers/STM32F7xx_HAL_Driver/Src/stm32f7xx_hal_adc.o
                0x08002428                HAL_ADC_ConfigChannel
 .text.ADC_Init
                0x080026dc      0x1f4 ./Drivers/STM32F7xx_HAL_Driver/Src/stm32f7xx_hal_adc.o
 .text.HAL_ADCEx_InjectedConvCpltCallback
                0x080028d0       0x14 ./Drivers/STM32F7xx_HAL_Driver/Src/stm32f7xx_hal_adc_ex.o
                0x080028d0                HAL_ADCEx_InjectedConvCpltCallback
 .text.__NVIC_SetPriorityGrouping
                0x080028e4       0x48 ./Drivers/STM32F7xx_HAL_Driver/Src/stm32f7xx_hal_cortex.o
 .text.__NVIC_GetPriorityGrouping
                0x0800292c       0x1c ./Drivers/STM32F7xx_HAL_Driver/Src/stm32f7xx_hal_cortex.o
 .text.__NVIC_EnableIRQ
                0x08002948       0x3c ./Drivers/STM32F7xx_HAL_Driver/Src/stm32f7xx_hal_cortex.o
 .text.__NVIC_SetPriority
                0x08002984       0x54 ./Drivers/STM32F7xx_HAL_Driver/Src/stm32f7xx_hal_cortex.o
 .text.NVIC_EncodePriority
                0x080029d8       0x66 ./Drivers/STM32F7xx_HAL_Driver/Src/stm32f7xx_hal_cortex.o
 *fill*         0x08002a3e        0x2 
 .text.SysTick_Config
                0x08002a40       0x44 ./Drivers/STM32F7xx_HAL_Driver/Src/stm32f7xx_hal_cortex.o
 .text.HAL_NVIC_SetPriorityGrouping
                0x08002a84       0x16 ./Drivers/STM32F7xx_HAL_Driver/Src/stm32f7xx_hal_cortex.o
                0x08002a84                HAL_NVIC_SetPriorityGrouping
 .text.HAL_NVIC_SetPriority
                0x08002a9a       0x38 ./Drivers/STM32F7xx_HAL_Driver/Src/stm32f7xx_hal_cortex.o
                0x08002a9a                HAL_NVIC_SetPriority
 .text.HAL_NVIC_EnableIRQ
                0x08002ad2       0x1c ./Drivers/STM32F7xx_HAL_Driver/Src/stm32f7xx_hal_cortex.o
                0x08002ad2                HAL_NVIC_EnableIRQ
 .text.HAL_SYSTICK_Config
                0x08002aee       0x18 ./Drivers/STM32F7xx_HAL_Driver/Src/stm32f7xx_hal_cortex.o
                0x08002aee                HAL_SYSTICK_Config
 .text.HAL_DMA_Abort
                0x08002b06       0xe0 ./Drivers/STM32F7xx_HAL_Driver/Src/stm32f7xx_hal_dma.o
                0x08002b06                HAL_DMA_Abort
 .text.HAL_DMA_Abort_IT
                0x08002be6       0x44 ./Drivers/STM32F7xx_HAL_Driver/Src/stm32f7xx_hal_dma.o
                0x08002be6                HAL_DMA_Abort_IT
 *fill*         0x08002c2a        0x2 
 .text.HAL_ETH_Init
                0x08002c2c      0x134 ./Drivers/STM32F7xx_HAL_Driver/Src/stm32f7xx_hal_eth.o
                0x08002c2c                HAL_ETH_Init
 .text.ETH_SetMACConfig
                0x08002d60      0x168 ./Drivers/STM32F7xx_HAL_Driver/Src/stm32f7xx_hal_eth.o
 .text.ETH_SetDMAConfig
                0x08002ec8      0x114 ./Drivers/STM32F7xx_HAL_Driver/Src/stm32f7xx_hal_eth.o
 .text.ETH_MACDMAConfig
                0x08002fdc       0xea ./Drivers/STM32F7xx_HAL_Driver/Src/stm32f7xx_hal_eth.o
 *fill*         0x080030c6        0x2 
 .text.ETH_MACAddressConfig
                0x080030c8       0x70 ./Drivers/STM32F7xx_HAL_Driver/Src/stm32f7xx_hal_eth.o
 .text.ETH_DMATxDescListInit
                0x08003138       0xb2 ./Drivers/STM32F7xx_HAL_Driver/Src/stm32f7xx_hal_eth.o
 .text.ETH_DMARxDescListInit
                0x080031ea       0xde ./Drivers/STM32F7xx_HAL_Driver/Src/stm32f7xx_hal_eth.o
 .text.HAL_GPIO_Init
                0x080032c8      0x358 ./Drivers/STM32F7xx_HAL_Driver/Src/stm32f7xx_hal_gpio.o
                0x080032c8                HAL_GPIO_Init
 .text.HAL_GPIO_WritePin
                0x08003620       0x32 ./Drivers/STM32F7xx_HAL_Driver/Src/stm32f7xx_hal_gpio.o
                0x08003620                HAL_GPIO_WritePin
 *fill*         0x08003652        0x2 
 .text.HAL_GPIO_EXTI_IRQHandler
                0x08003654       0x30 ./Drivers/STM32F7xx_HAL_Driver/Src/stm32f7xx_hal_gpio.o
                0x08003654                HAL_GPIO_EXTI_IRQHandler
 .text.HAL_PCD_Init
                0x08003684      0x22c ./Drivers/STM32F7xx_HAL_Driver/Src/stm32f7xx_hal_pcd.o
                0x08003684                HAL_PCD_Init
 .text.HAL_PCDEx_ActivateLPM
                0x080038b0       0x48 ./Drivers/STM32F7xx_HAL_Driver/Src/stm32f7xx_hal_pcd_ex.o
                0x080038b0                HAL_PCDEx_ActivateLPM
 .text.HAL_PWR_EnableBkUpAccess
                0x080038f8       0x20 ./Drivers/STM32F7xx_HAL_Driver/Src/stm32f7xx_hal_pwr.o
                0x080038f8                HAL_PWR_EnableBkUpAccess
 .text.HAL_PWREx_EnableOverDrive
                0x08003918       0xa0 ./Drivers/STM32F7xx_HAL_Driver/Src/stm32f7xx_hal_pwr_ex.o
                0x08003918                HAL_PWREx_EnableOverDrive
 .text.HAL_RCC_OscConfig
                0x080039b8      0x55c ./Drivers/STM32F7xx_HAL_Driver/Src/stm32f7xx_hal_rcc.o
                0x080039b8                HAL_RCC_OscConfig
 .text.HAL_RCC_ClockConfig
                0x08003f14      0x1d8 ./Drivers/STM32F7xx_HAL_Driver/Src/stm32f7xx_hal_rcc.o
                0x08003f14                HAL_RCC_ClockConfig
 .text.HAL_RCC_GetSysClockFreq
                0x080040ec      0x20c ./Drivers/STM32F7xx_HAL_Driver/Src/stm32f7xx_hal_rcc.o
                0x080040ec                HAL_RCC_GetSysClockFreq
 .text.HAL_RCC_GetHCLKFreq
                0x080042f8       0x18 ./Drivers/STM32F7xx_HAL_Driver/Src/stm32f7xx_hal_rcc.o
                0x080042f8                HAL_RCC_GetHCLKFreq
 .text.HAL_RCC_GetPCLK1Freq
                0x08004310       0x28 ./Drivers/STM32F7xx_HAL_Driver/Src/stm32f7xx_hal_rcc.o
                0x08004310                HAL_RCC_GetPCLK1Freq
 .text.HAL_RCC_GetPCLK2Freq
                0x08004338       0x28 ./Drivers/STM32F7xx_HAL_Driver/Src/stm32f7xx_hal_rcc.o
                0x08004338                HAL_RCC_GetPCLK2Freq
 .text.HAL_RCCEx_PeriphCLKConfig
                0x08004360      0x850 ./Drivers/STM32F7xx_HAL_Driver/Src/stm32f7xx_hal_rcc_ex.o
                0x08004360                HAL_RCCEx_PeriphCLKConfig
 .text.HAL_RNG_Init
                0x08004bb0       0x54 ./Drivers/STM32F7xx_HAL_Driver/Src/stm32f7xx_hal_rng.o
                0x08004bb0                HAL_RNG_Init
 .text.HAL_SPI_Init
                0x08004c04      0x156 ./Drivers/STM32F7xx_HAL_Driver/Src/stm32f7xx_hal_spi.o
                0x08004c04                HAL_SPI_Init
 .text.HAL_SPI_Transmit
                0x08004d5a      0x2ec ./Drivers/STM32F7xx_HAL_Driver/Src/stm32f7xx_hal_spi.o
                0x08004d5a                HAL_SPI_Transmit
 *fill*         0x08005046        0x2 
 .text.SPI_WaitFlagStateUntilTimeout
                0x08005048      0x110 ./Drivers/STM32F7xx_HAL_Driver/Src/stm32f7xx_hal_spi.o
 .text.SPI_WaitFifoStateUntilTimeout
                0x08005158      0x12c ./Drivers/STM32F7xx_HAL_Driver/Src/stm32f7xx_hal_spi.o
 .text.SPI_EndRxTxTransaction
                0x08005284       0xd4 ./Drivers/STM32F7xx_HAL_Driver/Src/stm32f7xx_hal_spi.o
 .text.HAL_TIM_Base_Init
                0x08005358       0xae ./Drivers/STM32F7xx_HAL_Driver/Src/stm32f7xx_hal_tim.o
                0x08005358                HAL_TIM_Base_Init
 *fill*         0x08005406        0x2 
 .text.HAL_TIM_Base_Start_IT
                0x08005408       0xf0 ./Drivers/STM32F7xx_HAL_Driver/Src/stm32f7xx_hal_tim.o
                0x08005408                HAL_TIM_Base_Start_IT
 .text.HAL_TIM_Base_Stop_IT
                0x080054f8       0x60 ./Drivers/STM32F7xx_HAL_Driver/Src/stm32f7xx_hal_tim.o
                0x080054f8                HAL_TIM_Base_Stop_IT
 .text.HAL_TIM_PWM_Init
                0x08005558       0xae ./Drivers/STM32F7xx_HAL_Driver/Src/stm32f7xx_hal_tim.o
                0x08005558                HAL_TIM_PWM_Init
 .text.HAL_TIM_PWM_MspInit
                0x08005606       0x14 ./Drivers/STM32F7xx_HAL_Driver/Src/stm32f7xx_hal_tim.o
                0x08005606                HAL_TIM_PWM_MspInit
 *fill*         0x0800561a        0x2 
 .text.HAL_TIM_PWM_Start
                0x0800561c      0x1f4 ./Drivers/STM32F7xx_HAL_Driver/Src/stm32f7xx_hal_tim.o
                0x0800561c                HAL_TIM_PWM_Start
 .text.HAL_TIM_IRQHandler
                0x08005810      0x20e ./Drivers/STM32F7xx_HAL_Driver/Src/stm32f7xx_hal_tim.o
                0x08005810                HAL_TIM_IRQHandler
 *fill*         0x08005a1e        0x2 
 .text.HAL_TIM_PWM_ConfigChannel
                0x08005a20      0x228 ./Drivers/STM32F7xx_HAL_Driver/Src/stm32f7xx_hal_tim.o
                0x08005a20                HAL_TIM_PWM_ConfigChannel
 .text.HAL_TIM_ConfigClockSource
                0x08005c48      0x194 ./Drivers/STM32F7xx_HAL_Driver/Src/stm32f7xx_hal_tim.o
                0x08005c48                HAL_TIM_ConfigClockSource
 .text.HAL_TIM_OC_DelayElapsedCallback
                0x08005ddc       0x14 ./Drivers/STM32F7xx_HAL_Driver/Src/stm32f7xx_hal_tim.o
                0x08005ddc                HAL_TIM_OC_DelayElapsedCallback
 .text.HAL_TIM_IC_CaptureCallback
                0x08005df0       0x14 ./Drivers/STM32F7xx_HAL_Driver/Src/stm32f7xx_hal_tim.o
                0x08005df0                HAL_TIM_IC_CaptureCallback
 .text.HAL_TIM_PWM_PulseFinishedCallback
                0x08005e04       0x14 ./Drivers/STM32F7xx_HAL_Driver/Src/stm32f7xx_hal_tim.o
                0x08005e04                HAL_TIM_PWM_PulseFinishedCallback
 .text.HAL_TIM_TriggerCallback
                0x08005e18       0x14 ./Drivers/STM32F7xx_HAL_Driver/Src/stm32f7xx_hal_tim.o
                0x08005e18                HAL_TIM_TriggerCallback
 .text.TIM_Base_SetConfig
                0x08005e2c      0x14c ./Drivers/STM32F7xx_HAL_Driver/Src/stm32f7xx_hal_tim.o
                0x08005e2c                TIM_Base_SetConfig
 .text.TIM_OC1_SetConfig
                0x08005f78       0xe4 ./Drivers/STM32F7xx_HAL_Driver/Src/stm32f7xx_hal_tim.o
 .text.TIM_OC2_SetConfig
                0x0800605c       0xf0 ./Drivers/STM32F7xx_HAL_Driver/Src/stm32f7xx_hal_tim.o
                0x0800605c                TIM_OC2_SetConfig
 .text.TIM_OC3_SetConfig
                0x0800614c       0xec ./Drivers/STM32F7xx_HAL_Driver/Src/stm32f7xx_hal_tim.o
 .text.TIM_OC4_SetConfig
                0x08006238       0xb0 ./Drivers/STM32F7xx_HAL_Driver/Src/stm32f7xx_hal_tim.o
 .text.TIM_OC5_SetConfig
                0x080062e8       0xa4 ./Drivers/STM32F7xx_HAL_Driver/Src/stm32f7xx_hal_tim.o
 .text.TIM_OC6_SetConfig
                0x0800638c       0xa8 ./Drivers/STM32F7xx_HAL_Driver/Src/stm32f7xx_hal_tim.o
 .text.TIM_TI1_ConfigInputStage
                0x08006434       0x5e ./Drivers/STM32F7xx_HAL_Driver/Src/stm32f7xx_hal_tim.o
 .text.TIM_TI2_ConfigInputStage
                0x08006492       0x60 ./Drivers/STM32F7xx_HAL_Driver/Src/stm32f7xx_hal_tim.o
 .text.TIM_ITRx_SetConfig
                0x080064f2       0x36 ./Drivers/STM32F7xx_HAL_Driver/Src/stm32f7xx_hal_tim.o
 .text.TIM_ETR_SetConfig
                0x08006528       0x40 ./Drivers/STM32F7xx_HAL_Driver/Src/stm32f7xx_hal_tim.o
                0x08006528                TIM_ETR_SetConfig
 .text.TIM_CCxChannelCmd
                0x08006568       0x4a ./Drivers/STM32F7xx_HAL_Driver/Src/stm32f7xx_hal_tim.o
                0x08006568                TIM_CCxChannelCmd
 *fill*         0x080065b2        0x2 
 .text.HAL_TIMEx_MasterConfigSynchronization
                0x080065b4      0x11c ./Drivers/STM32F7xx_HAL_Driver/Src/stm32f7xx_hal_tim_ex.o
                0x080065b4                HAL_TIMEx_MasterConfigSynchronization
 .text.HAL_TIMEx_CommutCallback
                0x080066d0       0x14 ./Drivers/STM32F7xx_HAL_Driver/Src/stm32f7xx_hal_tim_ex.o
                0x080066d0                HAL_TIMEx_CommutCallback
 .text.HAL_TIMEx_BreakCallback
                0x080066e4       0x14 ./Drivers/STM32F7xx_HAL_Driver/Src/stm32f7xx_hal_tim_ex.o
                0x080066e4                HAL_TIMEx_BreakCallback
 .text.HAL_TIMEx_Break2Callback
                0x080066f8       0x14 ./Drivers/STM32F7xx_HAL_Driver/Src/stm32f7xx_hal_tim_ex.o
                0x080066f8                HAL_TIMEx_Break2Callback
 .text.HAL_UART_Init
                0x0800670c       0x9c ./Drivers/STM32F7xx_HAL_Driver/Src/stm32f7xx_hal_uart.o
                0x0800670c                HAL_UART_Init
 .text.HAL_UART_Transmit
                0x080067a8      0x112 ./Drivers/STM32F7xx_HAL_Driver/Src/stm32f7xx_hal_uart.o
                0x080067a8                HAL_UART_Transmit
 *fill*         0x080068ba        0x2 
 .text.HAL_UART_IRQHandler
                0x080068bc      0x604 ./Drivers/STM32F7xx_HAL_Driver/Src/stm32f7xx_hal_uart.o
                0x080068bc                HAL_UART_IRQHandler
 .text.HAL_UART_TxCpltCallback
                0x08006ec0       0x14 ./Drivers/STM32F7xx_HAL_Driver/Src/stm32f7xx_hal_uart.o
                0x08006ec0                HAL_UART_TxCpltCallback
 .text.HAL_UART_ErrorCallback
                0x08006ed4       0x14 ./Drivers/STM32F7xx_HAL_Driver/Src/stm32f7xx_hal_uart.o
                0x08006ed4                HAL_UART_ErrorCallback
 .text.HAL_UARTEx_RxEventCallback
                0x08006ee8       0x18 ./Drivers/STM32F7xx_HAL_Driver/Src/stm32f7xx_hal_uart.o
                0x08006ee8                HAL_UARTEx_RxEventCallback
 .text.HAL_UARTEx_WakeupCallback
                0x08006f00       0x14 ./Drivers/STM32F7xx_HAL_Driver/Src/stm32f7xx_hal_uart.o
                0x08006f00                HAL_UARTEx_WakeupCallback
 .text.UART_SetConfig
                0x08006f14      0x4c8 ./Drivers/STM32F7xx_HAL_Driver/Src/stm32f7xx_hal_uart.o
                0x08006f14                UART_SetConfig
 .text.UART_AdvFeatureConfig
                0x080073dc      0x144 ./Drivers/STM32F7xx_HAL_Driver/Src/stm32f7xx_hal_uart.o
                0x080073dc                UART_AdvFeatureConfig
 .text.UART_CheckIdleState
                0x08007520      0x150 ./Drivers/STM32F7xx_HAL_Driver/Src/stm32f7xx_hal_uart.o
                0x08007520                UART_CheckIdleState
 .text.UART_WaitOnFlagUntilTimeout
                0x08007670       0xda ./Drivers/STM32F7xx_HAL_Driver/Src/stm32f7xx_hal_uart.o
                0x08007670                UART_WaitOnFlagUntilTimeout
 .text.UART_EndRxTransfer
                0x0800774a       0xc8 ./Drivers/STM32F7xx_HAL_Driver/Src/stm32f7xx_hal_uart.o
 .text.UART_DMAAbortOnError
                0x08007812       0x24 ./Drivers/STM32F7xx_HAL_Driver/Src/stm32f7xx_hal_uart.o
 .text.UART_EndTransmit_IT
                0x08007836       0x54 ./Drivers/STM32F7xx_HAL_Driver/Src/stm32f7xx_hal_uart.o
 *fill*         0x0800788a        0x2 
 .text.USB_CoreInit
                0x0800788c       0xb4 ./Drivers/STM32F7xx_HAL_Driver/Src/stm32f7xx_ll_usb.o
                0x0800788c                USB_CoreInit
 .text.USB_DisableGlobalInt
                0x08007940       0x22 ./Drivers/STM32F7xx_HAL_Driver/Src/stm32f7xx_ll_usb.o
                0x08007940                USB_DisableGlobalInt
 .text.USB_SetCurrentMode
                0x08007962       0x98 ./Drivers/STM32F7xx_HAL_Driver/Src/stm32f7xx_ll_usb.o
                0x08007962                USB_SetCurrentMode
 *fill*         0x080079fa        0x2 
 .text.USB_DevInit
                0x080079fc      0x2bc ./Drivers/STM32F7xx_HAL_Driver/Src/stm32f7xx_ll_usb.o
                0x080079fc                USB_DevInit
 .text.USB_FlushTxFifo
                0x08007cb8       0x64 ./Drivers/STM32F7xx_HAL_Driver/Src/stm32f7xx_ll_usb.o
                0x08007cb8                USB_FlushTxFifo
 .text.USB_FlushRxFifo
                0x08007d1c       0x5c ./Drivers/STM32F7xx_HAL_Driver/Src/stm32f7xx_ll_usb.o
                0x08007d1c                USB_FlushRxFifo
 .text.USB_SetDevSpeed
                0x08007d78       0x32 ./Drivers/STM32F7xx_HAL_Driver/Src/stm32f7xx_ll_usb.o
                0x08007d78                USB_SetDevSpeed
 .text.USB_DevDisconnect
                0x08007daa       0x42 ./Drivers/STM32F7xx_HAL_Driver/Src/stm32f7xx_ll_usb.o
                0x08007daa                USB_DevDisconnect
 .text.USB_GetMode
                0x08007dec       0x1c ./Drivers/STM32F7xx_HAL_Driver/Src/stm32f7xx_ll_usb.o
                0x08007dec                USB_GetMode
 .text.USB_CoreReset
                0x08007e08       0x70 ./Drivers/STM32F7xx_HAL_Driver/Src/stm32f7xx_ll_usb.o
 .text.snprintf
                0x08007e78       0x6c C:/ST/STM32CubeIDE_1.19.0/STM32CubeIDE/plugins/com.st.stm32cube.ide.mcu.externaltools.gnu-tools-for-stm32.13.3.rel1.win32_1.0.0.202411081344/tools/bin/../lib/gcc/arm-none-eabi/13.3.1/../../../../arm-none-eabi/lib/thumb/v7e-m+dp/hard\libc_nano.a(libc_a-snprintf.o)
                0x08007e78                sniprintf
                0x08007e78                snprintf
 .text.memset   0x08007ee4       0x10 C:/ST/STM32CubeIDE_1.19.0/STM32CubeIDE/plugins/com.st.stm32cube.ide.mcu.externaltools.gnu-tools-for-stm32.13.3.rel1.win32_1.0.0.202411081344/tools/bin/../lib/gcc/arm-none-eabi/13.3.1/../../../../arm-none-eabi/lib/thumb/v7e-m+dp/hard\libc_nano.a(libc_a-memset.o)
                0x08007ee4                memset
 .text.__errno  0x08007ef4        0xc C:/ST/STM32CubeIDE_1.19.0/STM32CubeIDE/plugins/com.st.stm32cube.ide.mcu.externaltools.gnu-tools-for-stm32.13.3.rel1.win32_1.0.0.202411081344/tools/bin/../lib/gcc/arm-none-eabi/13.3.1/../../../../arm-none-eabi/lib/thumb/v7e-m+dp/hard\libc_nano.a(libc_a-errno.o)
                0x08007ef4                __errno
 .text.__libc_init_array
                0x08007f00       0x48 C:/ST/STM32CubeIDE_1.19.0/STM32CubeIDE/plugins/com.st.stm32cube.ide.mcu.externaltools.gnu-tools-for-stm32.13.3.rel1.win32_1.0.0.202411081344/tools/bin/../lib/gcc/arm-none-eabi/13.3.1/../../../../arm-none-eabi/lib/thumb/v7e-m+dp/hard\libc_nano.a(libc_a-init.o)
                0x08007f00                __libc_init_array
 .text.__retarget_lock_acquire_recursive
                0x08007f48        0x2 C:/ST/STM32CubeIDE_1.19.0/STM32CubeIDE/plugins/com.st.stm32cube.ide.mcu.externaltools.gnu-tools-for-stm32.13.3.rel1.win32_1.0.0.202411081344/tools/bin/../lib/gcc/arm-none-eabi/13.3.1/../../../../arm-none-eabi/lib/thumb/v7e-m+dp/hard\libc_nano.a(libc_a-lock.o)
                0x08007f48                __retarget_lock_acquire_recursive
 .text.__retarget_lock_release_recursive
                0x08007f4a        0x2 C:/ST/STM32CubeIDE_1.19.0/STM32CubeIDE/plugins/com.st.stm32cube.ide.mcu.externaltools.gnu-tools-for-stm32.13.3.rel1.win32_1.0.0.202411081344/tools/bin/../lib/gcc/arm-none-eabi/13.3.1/../../../../arm-none-eabi/lib/thumb/v7e-m+dp/hard\libc_nano.a(libc_a-lock.o)
                0x08007f4a                __retarget_lock_release_recursive
 .text._free_r  0x08007f4c       0x94 C:/ST/STM32CubeIDE_1.19.0/STM32CubeIDE/plugins/com.st.stm32cube.ide.mcu.externaltools.gnu-tools-for-stm32.13.3.rel1.win32_1.0.0.202411081344/tools/bin/../lib/gcc/arm-none-eabi/13.3.1/../../../../arm-none-eabi/lib/thumb/v7e-m+dp/hard\libc_nano.a(libc_a-freer.o)
                0x08007f4c                _free_r
 .text.sbrk_aligned
                0x08007fe0       0x44 C:/ST/STM32CubeIDE_1.19.0/STM32CubeIDE/plugins/com.st.stm32cube.ide.mcu.externaltools.gnu-tools-for-stm32.13.3.rel1.win32_1.0.0.202411081344/tools/bin/../lib/gcc/arm-none-eabi/13.3.1/../../../../arm-none-eabi/lib/thumb/v7e-m+dp/hard\libc_nano.a(libc_a-mallocr.o)
 .text._malloc_r
                0x08008024      0x100 C:/ST/STM32CubeIDE_1.19.0/STM32CubeIDE/plugins/com.st.stm32cube.ide.mcu.externaltools.gnu-tools-for-stm32.13.3.rel1.win32_1.0.0.202411081344/tools/bin/../lib/gcc/arm-none-eabi/13.3.1/../../../../arm-none-eabi/lib/thumb/v7e-m+dp/hard\libc_nano.a(libc_a-mallocr.o)
                0x08008024                _malloc_r
 .text.__malloc_lock
                0x08008124        0xc C:/ST/STM32CubeIDE_1.19.0/STM32CubeIDE/plugins/com.st.stm32cube.ide.mcu.externaltools.gnu-tools-for-stm32.13.3.rel1.win32_1.0.0.202411081344/tools/bin/../lib/gcc/arm-none-eabi/13.3.1/../../../../arm-none-eabi/lib/thumb/v7e-m+dp/hard\libc_nano.a(libc_a-mlock.o)
                0x08008124                __malloc_lock
 .text.__malloc_unlock
                0x08008130        0xc C:/ST/STM32CubeIDE_1.19.0/STM32CubeIDE/plugins/com.st.stm32cube.ide.mcu.externaltools.gnu-tools-for-stm32.13.3.rel1.win32_1.0.0.202411081344/tools/bin/../lib/gcc/arm-none-eabi/13.3.1/../../../../arm-none-eabi/lib/thumb/v7e-m+dp/hard\libc_nano.a(libc_a-mlock.o)
                0x08008130                __malloc_unlock
 .text.__ssputs_r
                0x0800813c       0xb6 C:/ST/STM32CubeIDE_1.19.0/STM32CubeIDE/plugins/com.st.stm32cube.ide.mcu.externaltools.gnu-tools-for-stm32.13.3.rel1.win32_1.0.0.202411081344/tools/bin/../lib/gcc/arm-none-eabi/13.3.1/../../../../arm-none-eabi/lib/thumb/v7e-m+dp/hard\libc_nano.a(libc_a-nano-svfprintf.o)
                0x0800813c                __ssputs_r
 *fill*         0x080081f2        0x2 
 .text._svfprintf_r
                0x080081f4      0x1f8 C:/ST/STM32CubeIDE_1.19.0/STM32CubeIDE/plugins/com.st.stm32cube.ide.mcu.externaltools.gnu-tools-for-stm32.13.3.rel1.win32_1.0.0.202411081344/tools/bin/../lib/gcc/arm-none-eabi/13.3.1/../../../../arm-none-eabi/lib/thumb/v7e-m+dp/hard\libc_nano.a(libc_a-nano-svfprintf.o)
                0x080081f4                _svfiprintf_r
                0x080081f4                _svfprintf_r
 .text._printf_common
                0x080083ec       0xda C:/ST/STM32CubeIDE_1.19.0/STM32CubeIDE/plugins/com.st.stm32cube.ide.mcu.externaltools.gnu-tools-for-stm32.13.3.rel1.win32_1.0.0.202411081344/tools/bin/../lib/gcc/arm-none-eabi/13.3.1/../../../../arm-none-eabi/lib/thumb/v7e-m+dp/hard\libc_nano.a(libc_a-nano-vfprintf_i.o)
                0x080083ec                _printf_common
 *fill*         0x080084c6        0x2 
 .text._printf_i
                0x080084c8      0x23c C:/ST/STM32CubeIDE_1.19.0/STM32CubeIDE/plugins/com.st.stm32cube.ide.mcu.externaltools.gnu-tools-for-stm32.13.3.rel1.win32_1.0.0.202411081344/tools/bin/../lib/gcc/arm-none-eabi/13.3.1/../../../../arm-none-eabi/lib/thumb/v7e-m+dp/hard\libc_nano.a(libc_a-nano-vfprintf_i.o)
                0x080084c8                _printf_i
 .text.memmove  0x08008704       0x34 C:/ST/STM32CubeIDE_1.19.0/STM32CubeIDE/plugins/com.st.stm32cube.ide.mcu.externaltools.gnu-tools-for-stm32.13.3.rel1.win32_1.0.0.202411081344/tools/bin/../lib/gcc/arm-none-eabi/13.3.1/../../../../arm-none-eabi/lib/thumb/v7e-m+dp/hard\libc_nano.a(libc_a-memmove.o)
                0x08008704                memmove
 .text._sbrk_r  0x08008738       0x20 C:/ST/STM32CubeIDE_1.19.0/STM32CubeIDE/plugins/com.st.stm32cube.ide.mcu.externaltools.gnu-tools-for-stm32.13.3.rel1.win32_1.0.0.202411081344/tools/bin/../lib/gcc/arm-none-eabi/13.3.1/../../../../arm-none-eabi/lib/thumb/v7e-m+dp/hard\libc_nano.a(libc_a-sbrkr.o)
                0x08008738                _sbrk_r
 .text.memcpy   0x08008758       0x1c C:/ST/STM32CubeIDE_1.19.0/STM32CubeIDE/plugins/com.st.stm32cube.ide.mcu.externaltools.gnu-tools-for-stm32.13.3.rel1.win32_1.0.0.202411081344/tools/bin/../lib/gcc/arm-none-eabi/13.3.1/../../../../arm-none-eabi/lib/thumb/v7e-m+dp/hard\libc_nano.a(libc_a-memcpy-stub.o)
                0x08008758                memcpy
 .text._realloc_r
                0x08008774       0x5c C:/ST/STM32CubeIDE_1.19.0/STM32CubeIDE/plugins/com.st.stm32cube.ide.mcu.externaltools.gnu-tools-for-stm32.13.3.rel1.win32_1.0.0.202411081344/tools/bin/../lib/gcc/arm-none-eabi/13.3.1/../../../../arm-none-eabi/lib/thumb/v7e-m+dp/hard\libc_nano.a(libc_a-reallocr.o)
                0x08008774                _realloc_r
 .text._malloc_usable_size_r
                0x080087d0       0x10 C:/ST/STM32CubeIDE_1.19.0/STM32CubeIDE/plugins/com.st.stm32cube.ide.mcu.externaltools.gnu-tools-for-stm32.13.3.rel1.win32_1.0.0.202411081344/tools/bin/../lib/gcc/arm-none-eabi/13.3.1/../../../../arm-none-eabi/lib/thumb/v7e-m+dp/hard\libc_nano.a(libc_a-msizer.o)
                0x080087d0                _malloc_usable_size_r
 *(.glue_7)
 .glue_7        0x080087e0        0x0 linker stubs
 *(.glue_7t)
 .glue_7t       0x080087e0        0x0 linker stubs
 *(.eh_frame)
 .eh_frame      0x080087e0        0x0 C:/ST/STM32CubeIDE_1.19.0/STM32CubeIDE/plugins/com.st.stm32cube.ide.mcu.externaltools.gnu-tools-for-stm32.13.3.rel1.win32_1.0.0.202411081344/tools/bin/../lib/gcc/arm-none-eabi/13.3.1/thumb/v7e-m+dp/hard/crtbegin.o
 *(.init)
 .init          0x080087e0        0x4 C:/ST/STM32CubeIDE_1.19.0/STM32CubeIDE/plugins/com.st.stm32cube.ide.mcu.externaltools.gnu-tools-for-stm32.13.3.rel1.win32_1.0.0.202411081344/tools/bin/../lib/gcc/arm-none-eabi/13.3.1/thumb/v7e-m+dp/hard/crti.o
                0x080087e0                _init
 .init          0x080087e4        0x8 C:/ST/STM32CubeIDE_1.19.0/STM32CubeIDE/plugins/com.st.stm32cube.ide.mcu.externaltools.gnu-tools-for-stm32.13.3.rel1.win32_1.0.0.202411081344/tools/bin/../lib/gcc/arm-none-eabi/13.3.1/thumb/v7e-m+dp/hard/crtn.o
 *(.fini)
 .fini          0x080087ec        0x4 C:/ST/STM32CubeIDE_1.19.0/STM32CubeIDE/plugins/com.st.stm32cube.ide.mcu.externaltools.gnu-tools-for-stm32.13.3.rel1.win32_1.0.0.202411081344/tools/bin/../lib/gcc/arm-none-eabi/13.3.1/thumb/v7e-m+dp/hard/crti.o
                0x080087ec                _fini
 .fini          0x080087f0        0x8 C:/ST/STM32CubeIDE_1.19.0/STM32CubeIDE/plugins/com.st.stm32cube.ide.mcu.externaltools.gnu-tools-for-stm32.13.3.rel1.win32_1.0.0.202411081344/tools/bin/../lib/gcc/arm-none-eabi/13.3.1/thumb/v7e-m+dp/hard/crtn.o
                0x080087f8                        . = ALIGN (0x4)
                0x080087f8                        _etext = .

.vfp11_veneer   0x080087f8        0x0
 .vfp11_veneer  0x080087f8        0x0 linker stubs

.v4_bx          0x080087f8        0x0
 .v4_bx         0x080087f8        0x0 linker stubs

.iplt           0x080087f8        0x0
 .iplt          0x080087f8        0x0 C:/ST/STM32CubeIDE_1.19.0/STM32CubeIDE/plugins/com.st.stm32cube.ide.mcu.externaltools.gnu-tools-for-stm32.13.3.rel1.win32_1.0.0.202411081344/tools/bin/../lib/gcc/arm-none-eabi/13.3.1/thumb/v7e-m+dp/hard/crtbegin.o

.rodata         0x080087f8       0x5c
                0x080087f8                        . = ALIGN (0x4)
 *(.rodata)
 .rodata        0x080087f8        0xf ./Core/Src/main.o
 *(.rodata*)
 *fill*         0x08008807        0x1 
 .rodata.AHBPrescTable
                0x08008808       0x10 ./Core/Src/system_stm32f7xx.o
                0x08008808                AHBPrescTable
 .rodata.APBPrescTable
                0x08008818        0x8 ./Core/Src/system_stm32f7xx.o
                0x08008818                APBPrescTable
 .rodata._svfprintf_r.str1.1
                0x08008820       0x33 C:/ST/STM32CubeIDE_1.19.0/STM32CubeIDE/plugins/com.st.stm32cube.ide.mcu.externaltools.gnu-tools-for-stm32.13.3.rel1.win32_1.0.0.202411081344/tools/bin/../lib/gcc/arm-none-eabi/13.3.1/../../../../arm-none-eabi/lib/thumb/v7e-m+dp/hard\libc_nano.a(libc_a-nano-svfprintf.o)
                                 0x11 (size before relaxing)
 .rodata._printf_i.str1.1
                0x08008853       0x22 C:/ST/STM32CubeIDE_1.19.0/STM32CubeIDE/plugins/com.st.stm32cube.ide.mcu.externaltools.gnu-tools-for-stm32.13.3.rel1.win32_1.0.0.202411081344/tools/bin/../lib/gcc/arm-none-eabi/13.3.1/../../../../arm-none-eabi/lib/thumb/v7e-m+dp/hard\libc_nano.a(libc_a-nano-vfprintf_i.o)
                0x08008878                        . = ALIGN (0x4)
 *fill*         0x08008853        0x1 

.ARM.extab      0x08008854        0x0
                0x08008854                        . = ALIGN (0x4)
 *(.ARM.extab* .gnu.linkonce.armextab.*)
                0x08008854                        . = ALIGN (0x4)

.ARM            0x08008854        0x8
                0x08008854                        . = ALIGN (0x4)
                0x08008854                        __exidx_start = .
 *(.ARM.exidx*)
 .ARM.exidx     0x08008854        0x8 C:/ST/STM32CubeIDE_1.19.0/STM32CubeIDE/plugins/com.st.stm32cube.ide.mcu.externaltools.gnu-tools-for-stm32.13.3.rel1.win32_1.0.0.202411081344/tools/bin/../lib/gcc/arm-none-eabi/13.3.1/../../../../arm-none-eabi/lib/thumb/v7e-m+dp/hard\libc_nano.a(libc_a-strlen.o)
 .ARM.exidx     0x0800885c        0x0 C:/ST/STM32CubeIDE_1.19.0/STM32CubeIDE/plugins/com.st.stm32cube.ide.mcu.externaltools.gnu-tools-for-stm32.13.3.rel1.win32_1.0.0.202411081344/tools/bin/../lib/gcc/arm-none-eabi/13.3.1/../../../../arm-none-eabi/lib/thumb/v7e-m+dp/hard\libc_nano.a(libc_a-memchr.o)
                                  0x8 (size before relaxing)
 .ARM.exidx     0x0800885c        0x0 C:/ST/STM32CubeIDE_1.19.0/STM32CubeIDE/plugins/com.st.stm32cube.ide.mcu.externaltools.gnu-tools-for-stm32.13.3.rel1.win32_1.0.0.202411081344/tools/bin/../lib/gcc/arm-none-eabi/13.3.1/thumb/v7e-m+dp/hard\libgcc.a(_udivmoddi4.o)
                                  0x8 (size before relaxing)
                0x0800885c                        __exidx_end = .
                0x0800885c                        . = ALIGN (0x4)

.preinit_array  0x0800885c        0x0
                0x0800885c                        . = ALIGN (0x4)
                0x0800885c                        PROVIDE (__preinit_array_start = .)
 *(.preinit_array*)
                0x0800885c                        PROVIDE (__preinit_array_end = .)
                0x0800885c                        . = ALIGN (0x4)

.init_array     0x0800885c        0x4
                0x0800885c                        . = ALIGN (0x4)
                0x0800885c                        PROVIDE (__init_array_start = .)
 *(SORT_BY_NAME(.init_array.*))
 *(.init_array*)
 .init_array    0x0800885c        0x4 C:/ST/STM32CubeIDE_1.19.0/STM32CubeIDE/plugins/com.st.stm32cube.ide.mcu.externaltools.gnu-tools-for-stm32.13.3.rel1.win32_1.0.0.202411081344/tools/bin/../lib/gcc/arm-none-eabi/13.3.1/thumb/v7e-m+dp/hard/crtbegin.o
                0x08008860                        PROVIDE (__init_array_end = .)
                0x08008860                        . = ALIGN (0x4)

.fini_array     0x08008860        0x4
                0x08008860                        . = ALIGN (0x4)
                [!provide]                        PROVIDE (__fini_array_start = .)
 *(SORT_BY_NAME(.fini_array.*))
 *(.fini_array*)
 .fini_array    0x08008860        0x4 C:/ST/STM32CubeIDE_1.19.0/STM32CubeIDE/plugins/com.st.stm32cube.ide.mcu.externaltools.gnu-tools-for-stm32.13.3.rel1.win32_1.0.0.202411081344/tools/bin/../lib/gcc/arm-none-eabi/13.3.1/thumb/v7e-m+dp/hard/crtbegin.o
                [!provide]                        PROVIDE (__fini_array_end = .)
                0x08008864                        . = ALIGN (0x4)
                0x08008864                        _sidata = LOADADDR (.data)

.rel.dyn        0x08008864        0x0
 .rel.iplt      0x08008864        0x0 C:/ST/STM32CubeIDE_1.19.0/STM32CubeIDE/plugins/com.st.stm32cube.ide.mcu.externaltools.gnu-tools-for-stm32.13.3.rel1.win32_1.0.0.202411081344/tools/bin/../lib/gcc/arm-none-eabi/13.3.1/thumb/v7e-m+dp/hard/crtbegin.o

.data           0x20000000       0x68 load address 0x08008864
                0x20000000                        . = ALIGN (0x4)
                0x20000000                        _sdata = .
 *(.data)
 *(.data*)
 .data.LCD_HEIGHT
                0x20000000        0x2 ./Core/Src/ILI9341_STM32_Driver.o
                0x20000000                LCD_HEIGHT
 .data.LCD_WIDTH
                0x20000002        0x2 ./Core/Src/ILI9341_STM32_Driver.o
                0x20000002                LCD_WIDTH
 .data.current_val
                0x20000004        0x4 ./Core/Src/main.o
 .data.end_val  0x20000008        0x4 ./Core/Src/main.o
 .data.SystemCoreClock
                0x2000000c        0x4 ./Core/Src/system_stm32f7xx.o
                0x2000000c                SystemCoreClock
 .data.uwTickPrio
                0x20000010        0x4 ./Drivers/STM32F7xx_HAL_Driver/Src/stm32f7xx_hal.o
                0x20000010                uwTickPrio
 .data.uwTickFreq
                0x20000014        0x1 ./Drivers/STM32F7xx_HAL_Driver/Src/stm32f7xx_hal.o
                0x20000014                uwTickFreq
 *fill*         0x20000015        0x3 
 .data._impure_ptr
                0x20000018        0x4 C:/ST/STM32CubeIDE_1.19.0/STM32CubeIDE/plugins/com.st.stm32cube.ide.mcu.externaltools.gnu-tools-for-stm32.13.3.rel1.win32_1.0.0.202411081344/tools/bin/../lib/gcc/arm-none-eabi/13.3.1/../../../../arm-none-eabi/lib/thumb/v7e-m+dp/hard\libc_nano.a(libc_a-impure.o)
                0x20000018                _impure_ptr
 .data._impure_data
                0x2000001c       0x4c C:/ST/STM32CubeIDE_1.19.0/STM32CubeIDE/plugins/com.st.stm32cube.ide.mcu.externaltools.gnu-tools-for-stm32.13.3.rel1.win32_1.0.0.202411081344/tools/bin/../lib/gcc/arm-none-eabi/13.3.1/../../../../arm-none-eabi/lib/thumb/v7e-m+dp/hard\libc_nano.a(libc_a-impure.o)
                0x2000001c                _impure_data
 *(.RamFunc)
 *(.RamFunc*)
                0x20000068                        . = ALIGN (0x4)
                0x20000068                        _edata = .

.igot.plt       0x20000068        0x0 load address 0x080088cc
 .igot.plt      0x20000068        0x0 C:/ST/STM32CubeIDE_1.19.0/STM32CubeIDE/plugins/com.st.stm32cube.ide.mcu.externaltools.gnu-tools-for-stm32.13.3.rel1.win32_1.0.0.202411081344/tools/bin/../lib/gcc/arm-none-eabi/13.3.1/thumb/v7e-m+dp/hard/crtbegin.o

.RxDecripSection
                0x20000068       0xa0 load address 0x080088cc
 .RxDecripSection
                0x20000068       0xa0 ./Core/Src/eth.o
                0x20000068                DMARxDscrTab

.TxDecripSection
                0x20000108       0xa0 load address 0x0800896c
 .TxDecripSection
                0x20000108       0xa0 ./Core/Src/eth.o
                0x20000108                DMATxDscrTab
                0x200001a8                        . = ALIGN (0x4)

.bss            0x200001a8      0x974 load address 0x08008a0c
                0x200001a8                        _sbss = .
                0x200001a8                        __bss_start__ = _sbss
 *(.bss)
 .bss           0x200001a8       0x1c C:/ST/STM32CubeIDE_1.19.0/STM32CubeIDE/plugins/com.st.stm32cube.ide.mcu.externaltools.gnu-tools-for-stm32.13.3.rel1.win32_1.0.0.202411081344/tools/bin/../lib/gcc/arm-none-eabi/13.3.1/thumb/v7e-m+dp/hard/crtbegin.o
 *(.bss*)
 .bss.hadc3     0x200001c4       0x48 ./Core/Src/adc.o
                0x200001c4                hadc3
 .bss.TxConfig  0x2000020c       0x38 ./Core/Src/eth.o
                0x2000020c                TxConfig
 .bss.heth      0x20000244       0xb0 ./Core/Src/eth.o
                0x20000244                heth
 .bss.MACAddr.0
                0x200002f4        0x6 ./Core/Src/eth.o
 *fill*         0x200002fa        0x2 
 .bss.ms_tick   0x200002fc        0x4 ./Core/Src/main.o
 .bss.paused    0x20000300        0x1 ./Core/Src/main.o
 *fill*         0x20000301        0x3 
 .bss.pause_ms  0x20000304        0x4 ./Core/Src/main.o
 .bss.done      0x20000308        0x1 ./Core/Src/main.o
 *fill*         0x20000309        0x3 
 .bss.hrng      0x2000030c       0x10 ./Core/Src/rng.o
                0x2000030c                hrng
 .bss.hspi5     0x2000031c       0x64 ./Core/Src/spi.o
                0x2000031c                hspi5
 .bss.__sbrk_heap_end
                0x20000380        0x4 ./Core/Src/sysmem.o
 .bss.htim2     0x20000384       0x4c ./Core/Src/tim.o
                0x20000384                htim2
 .bss.htim3     0x200003d0       0x4c ./Core/Src/tim.o
                0x200003d0                htim3
 .bss.htim5     0x2000041c       0x4c ./Core/Src/tim.o
                0x2000041c                htim5
 .bss.huart3    0x20000468       0x88 ./Core/Src/usart.o
                0x20000468                huart3
 .bss.hpcd_USB_OTG_FS
                0x200004f0      0x4e0 ./Core/Src/usb_otg.o
                0x200004f0                hpcd_USB_OTG_FS
 .bss.uwTick    0x200009d0        0x4 ./Drivers/STM32F7xx_HAL_Driver/Src/stm32f7xx_hal.o
                0x200009d0                uwTick
 .bss.__sf      0x200009d4      0x138 C:/ST/STM32CubeIDE_1.19.0/STM32CubeIDE/plugins/com.st.stm32cube.ide.mcu.externaltools.gnu-tools-for-stm32.13.3.rel1.win32_1.0.0.202411081344/tools/bin/../lib/gcc/arm-none-eabi/13.3.1/../../../../arm-none-eabi/lib/thumb/v7e-m+dp/hard\libc_nano.a(libc_a-findfp.o)
                0x200009d4                __sf
 .bss.errno     0x20000b0c        0x4 C:/ST/STM32CubeIDE_1.19.0/STM32CubeIDE/plugins/com.st.stm32cube.ide.mcu.externaltools.gnu-tools-for-stm32.13.3.rel1.win32_1.0.0.202411081344/tools/bin/../lib/gcc/arm-none-eabi/13.3.1/../../../../arm-none-eabi/lib/thumb/v7e-m+dp/hard\libc_nano.a(libc_a-reent.o)
                0x20000b0c                errno
 .bss.__lock___malloc_recursive_mutex
                0x20000b10        0x1 C:/ST/STM32CubeIDE_1.19.0/STM32CubeIDE/plugins/com.st.stm32cube.ide.mcu.externaltools.gnu-tools-for-stm32.13.3.rel1.win32_1.0.0.202411081344/tools/bin/../lib/gcc/arm-none-eabi/13.3.1/../../../../arm-none-eabi/lib/thumb/v7e-m+dp/hard\libc_nano.a(libc_a-lock.o)
                0x20000b10                __lock___malloc_recursive_mutex
 *fill*         0x20000b11        0x3 
 .bss.__malloc_sbrk_start
                0x20000b14        0x4 C:/ST/STM32CubeIDE_1.19.0/STM32CubeIDE/plugins/com.st.stm32cube.ide.mcu.externaltools.gnu-tools-for-stm32.13.3.rel1.win32_1.0.0.202411081344/tools/bin/../lib/gcc/arm-none-eabi/13.3.1/../../../../arm-none-eabi/lib/thumb/v7e-m+dp/hard\libc_nano.a(libc_a-mallocr.o)
                0x20000b14                __malloc_sbrk_start
 .bss.__malloc_free_list
                0x20000b18        0x4 C:/ST/STM32CubeIDE_1.19.0/STM32CubeIDE/plugins/com.st.stm32cube.ide.mcu.externaltools.gnu-tools-for-stm32.13.3.rel1.win32_1.0.0.202411081344/tools/bin/../lib/gcc/arm-none-eabi/13.3.1/../../../../arm-none-eabi/lib/thumb/v7e-m+dp/hard\libc_nano.a(libc_a-mallocr.o)
                0x20000b18                __malloc_free_list
 *(COMMON)
                0x20000b1c                        . = ALIGN (0x4)
                0x20000b1c                        _ebss = .
                0x20000b1c                        __bss_end__ = _ebss

._user_heap_stack
                0x20000b1c      0x604 load address 0x08008a0c
                0x20000b20                        . = ALIGN (0x8)
 *fill*         0x20000b1c        0x4 
                [!provide]                        PROVIDE (end = .)
                0x20000b20                        PROVIDE (_end = .)
                0x20000d20                        . = (. + _Min_Heap_Size)
 *fill*         0x20000b20      0x200 
                0x20001120                        . = (. + _Min_Stack_Size)
 *fill*         0x20000d20      0x400 
                0x20001120                        . = ALIGN (0x8)

/DISCARD/
 libc.a(*)
 libm.a(*)
 libgcc.a(*)

.ARM.attributes
                0x00000000       0x2e
 *(.ARM.attributes)
 .ARM.attributes
                0x00000000       0x20 C:/ST/STM32CubeIDE_1.19.0/STM32CubeIDE/plugins/com.st.stm32cube.ide.mcu.externaltools.gnu-tools-for-stm32.13.3.rel1.win32_1.0.0.202411081344/tools/bin/../lib/gcc/arm-none-eabi/13.3.1/thumb/v7e-m+dp/hard/crti.o
 .ARM.attributes
                0x00000020       0x32 C:/ST/STM32CubeIDE_1.19.0/STM32CubeIDE/plugins/com.st.stm32cube.ide.mcu.externaltools.gnu-tools-for-stm32.13.3.rel1.win32_1.0.0.202411081344/tools/bin/../lib/gcc/arm-none-eabi/13.3.1/thumb/v7e-m+dp/hard/crtbegin.o
 .ARM.attributes
                0x00000052       0x32 ./Core/Src/ILI9341_STM32_Driver.o
 .ARM.attributes
                0x00000084       0x32 ./Core/Src/adc.o
 .ARM.attributes
                0x000000b6       0x32 ./Core/Src/eth.o
 .ARM.attributes
                0x000000e8       0x32 ./Core/Src/gpio.o
 .ARM.attributes
                0x0000011a       0x32 ./Core/Src/main.o
 .ARM.attributes
                0x0000014c       0x32 ./Core/Src/rng.o
 .ARM.attributes
                0x0000017e       0x32 ./Core/Src/spi.o
 .ARM.attributes
                0x000001b0       0x32 ./Core/Src/stm32f7xx_hal_msp.o
 .ARM.attributes
                0x000001e2       0x32 ./Core/Src/stm32f7xx_it.o
 .ARM.attributes
                0x00000214       0x32 ./Core/Src/sysmem.o
 .ARM.attributes
                0x00000246       0x32 ./Core/Src/system_stm32f7xx.o
 .ARM.attributes
                0x00000278       0x32 ./Core/Src/tim.o
 .ARM.attributes
                0x000002aa       0x32 ./Core/Src/usart.o
 .ARM.attributes
                0x000002dc       0x32 ./Core/Src/usb_otg.o
 .ARM.attributes
                0x0000030e       0x21 ./Core/Startup/startup_stm32f767zitx.o
 .ARM.attributes
                0x0000032f       0x32 ./Drivers/STM32F7xx_HAL_Driver/Src/stm32f7xx_hal.o
 .ARM.attributes
                0x00000361       0x32 ./Drivers/STM32F7xx_HAL_Driver/Src/stm32f7xx_hal_adc.o
 .ARM.attributes
                0x00000393       0x32 ./Drivers/STM32F7xx_HAL_Driver/Src/stm32f7xx_hal_adc_ex.o
 .ARM.attributes
                0x000003c5       0x32 ./Drivers/STM32F7xx_HAL_Driver/Src/stm32f7xx_hal_cortex.o
 .ARM.attributes
                0x000003f7       0x32 ./Drivers/STM32F7xx_HAL_Driver/Src/stm32f7xx_hal_dma.o
 .ARM.attributes
                0x00000429       0x32 ./Drivers/STM32F7xx_HAL_Driver/Src/stm32f7xx_hal_eth.o
 .ARM.attributes
                0x0000045b       0x32 ./Drivers/STM32F7xx_HAL_Driver/Src/stm32f7xx_hal_gpio.o
 .ARM.attributes
                0x0000048d       0x32 ./Drivers/STM32F7xx_HAL_Driver/Src/stm32f7xx_hal_pcd.o
 .ARM.attributes
                0x000004bf       0x32 ./Drivers/STM32F7xx_HAL_Driver/Src/stm32f7xx_hal_pcd_ex.o
 .ARM.attributes
                0x000004f1       0x32 ./Drivers/STM32F7xx_HAL_Driver/Src/stm32f7xx_hal_pwr.o
 .ARM.attributes
                0x00000523       0x32 ./Drivers/STM32F7xx_HAL_Driver/Src/stm32f7xx_hal_pwr_ex.o
 .ARM.attributes
                0x00000555       0x32 ./Drivers/STM32F7xx_HAL_Driver/Src/stm32f7xx_hal_rcc.o
 .ARM.attributes
                0x00000587       0x32 ./Drivers/STM32F7xx_HAL_Driver/Src/stm32f7xx_hal_rcc_ex.o
 .ARM.attributes
                0x000005b9       0x32 ./Drivers/STM32F7xx_HAL_Driver/Src/stm32f7xx_hal_rng.o
 .ARM.attributes
                0x000005eb       0x32 ./Drivers/STM32F7xx_HAL_Driver/Src/stm32f7xx_hal_spi.o
 .ARM.attributes
                0x0000061d       0x32 ./Drivers/STM32F7xx_HAL_Driver/Src/stm32f7xx_hal_tim.o
 .ARM.attributes
                0x0000064f       0x32 ./Drivers/STM32F7xx_HAL_Driver/Src/stm32f7xx_hal_tim_ex.o
 .ARM.attributes
                0x00000681       0x32 ./Drivers/STM32F7xx_HAL_Driver/Src/stm32f7xx_hal_uart.o
 .ARM.attributes
                0x000006b3       0x32 ./Drivers/STM32F7xx_HAL_Driver/Src/stm32f7xx_ll_usb.o
 .ARM.attributes
                0x000006e5       0x32 C:/ST/STM32CubeIDE_1.19.0/STM32CubeIDE/plugins/com.st.stm32cube.ide.mcu.externaltools.gnu-tools-for-stm32.13.3.rel1.win32_1.0.0.202411081344/tools/bin/../lib/gcc/arm-none-eabi/13.3.1/../../../../arm-none-eabi/lib/thumb/v7e-m+dp/hard\libc_nano.a(libc_a-findfp.o)
 .ARM.attributes
                0x00000717       0x32 C:/ST/STM32CubeIDE_1.19.0/STM32CubeIDE/plugins/com.st.stm32cube.ide.mcu.externaltools.gnu-tools-for-stm32.13.3.rel1.win32_1.0.0.202411081344/tools/bin/../lib/gcc/arm-none-eabi/13.3.1/../../../../arm-none-eabi/lib/thumb/v7e-m+dp/hard\libc_nano.a(libc_a-snprintf.o)
 .ARM.attributes
                0x00000749       0x32 C:/ST/STM32CubeIDE_1.19.0/STM32CubeIDE/plugins/com.st.stm32cube.ide.mcu.externaltools.gnu-tools-for-stm32.13.3.rel1.win32_1.0.0.202411081344/tools/bin/../lib/gcc/arm-none-eabi/13.3.1/../../../../arm-none-eabi/lib/thumb/v7e-m+dp/hard\libc_nano.a(libc_a-memset.o)
 .ARM.attributes
                0x0000077b       0x32 C:/ST/STM32CubeIDE_1.19.0/STM32CubeIDE/plugins/com.st.stm32cube.ide.mcu.externaltools.gnu-tools-for-stm32.13.3.rel1.win32_1.0.0.202411081344/tools/bin/../lib/gcc/arm-none-eabi/13.3.1/../../../../arm-none-eabi/lib/thumb/v7e-m+dp/hard\libc_nano.a(libc_a-reent.o)
 .ARM.attributes
                0x000007ad       0x32 C:/ST/STM32CubeIDE_1.19.0/STM32CubeIDE/plugins/com.st.stm32cube.ide.mcu.externaltools.gnu-tools-for-stm32.13.3.rel1.win32_1.0.0.202411081344/tools/bin/../lib/gcc/arm-none-eabi/13.3.1/../../../../arm-none-eabi/lib/thumb/v7e-m+dp/hard\libc_nano.a(libc_a-impure.o)
 .ARM.attributes
                0x000007df       0x32 C:/ST/STM32CubeIDE_1.19.0/STM32CubeIDE/plugins/com.st.stm32cube.ide.mcu.externaltools.gnu-tools-for-stm32.13.3.rel1.win32_1.0.0.202411081344/tools/bin/../lib/gcc/arm-none-eabi/13.3.1/../../../../arm-none-eabi/lib/thumb/v7e-m+dp/hard\libc_nano.a(libc_a-errno.o)
 .ARM.attributes
                0x00000811       0x32 C:/ST/STM32CubeIDE_1.19.0/STM32CubeIDE/plugins/com.st.stm32cube.ide.mcu.externaltools.gnu-tools-for-stm32.13.3.rel1.win32_1.0.0.202411081344/tools/bin/../lib/gcc/arm-none-eabi/13.3.1/../../../../arm-none-eabi/lib/thumb/v7e-m+dp/hard\libc_nano.a(libc_a-init.o)
 .ARM.attributes
                0x00000843       0x32 C:/ST/STM32CubeIDE_1.19.0/STM32CubeIDE/plugins/com.st.stm32cube.ide.mcu.externaltools.gnu-tools-for-stm32.13.3.rel1.win32_1.0.0.202411081344/tools/bin/../lib/gcc/arm-none-eabi/13.3.1/../../../../arm-none-eabi/lib/thumb/v7e-m+dp/hard\libc_nano.a(libc_a-lock.o)
 .ARM.attributes
                0x00000875       0x17 C:/ST/STM32CubeIDE_1.19.0/STM32CubeIDE/plugins/com.st.stm32cube.ide.mcu.externaltools.gnu-tools-for-stm32.13.3.rel1.win32_1.0.0.202411081344/tools/bin/../lib/gcc/arm-none-eabi/13.3.1/../../../../arm-none-eabi/lib/thumb/v7e-m+dp/hard\libc_nano.a(libc_a-strlen.o)
 .ARM.attributes
                0x0000088c       0x32 C:/ST/STM32CubeIDE_1.19.0/STM32CubeIDE/plugins/com.st.stm32cube.ide.mcu.externaltools.gnu-tools-for-stm32.13.3.rel1.win32_1.0.0.202411081344/tools/bin/../lib/gcc/arm-none-eabi/13.3.1/../../../../arm-none-eabi/lib/thumb/v7e-m+dp/hard\libc_nano.a(libc_a-freer.o)
 .ARM.attributes
                0x000008be       0x32 C:/ST/STM32CubeIDE_1.19.0/STM32CubeIDE/plugins/com.st.stm32cube.ide.mcu.externaltools.gnu-tools-for-stm32.13.3.rel1.win32_1.0.0.202411081344/tools/bin/../lib/gcc/arm-none-eabi/13.3.1/../../../../arm-none-eabi/lib/thumb/v7e-m+dp/hard\libc_nano.a(libc_a-mallocr.o)
 .ARM.attributes
                0x000008f0       0x32 C:/ST/STM32CubeIDE_1.19.0/STM32CubeIDE/plugins/com.st.stm32cube.ide.mcu.externaltools.gnu-tools-for-stm32.13.3.rel1.win32_1.0.0.202411081344/tools/bin/../lib/gcc/arm-none-eabi/13.3.1/../../../../arm-none-eabi/lib/thumb/v7e-m+dp/hard\libc_nano.a(libc_a-mlock.o)
 .ARM.attributes
                0x00000922       0x32 C:/ST/STM32CubeIDE_1.19.0/STM32CubeIDE/plugins/com.st.stm32cube.ide.mcu.externaltools.gnu-tools-for-stm32.13.3.rel1.win32_1.0.0.202411081344/tools/bin/../lib/gcc/arm-none-eabi/13.3.1/../../../../arm-none-eabi/lib/thumb/v7e-m+dp/hard\libc_nano.a(libc_a-nano-svfprintf.o)
 .ARM.attributes
                0x00000954       0x32 C:/ST/STM32CubeIDE_1.19.0/STM32CubeIDE/plugins/com.st.stm32cube.ide.mcu.externaltools.gnu-tools-for-stm32.13.3.rel1.win32_1.0.0.202411081344/tools/bin/../lib/gcc/arm-none-eabi/13.3.1/../../../../arm-none-eabi/lib/thumb/v7e-m+dp/hard\libc_nano.a(libc_a-nano-vfprintf_i.o)
 .ARM.attributes
                0x00000986       0x32 C:/ST/STM32CubeIDE_1.19.0/STM32CubeIDE/plugins/com.st.stm32cube.ide.mcu.externaltools.gnu-tools-for-stm32.13.3.rel1.win32_1.0.0.202411081344/tools/bin/../lib/gcc/arm-none-eabi/13.3.1/../../../../arm-none-eabi/lib/thumb/v7e-m+dp/hard\libc_nano.a(libc_a-memmove.o)
 .ARM.attributes
                0x000009b8       0x32 C:/ST/STM32CubeIDE_1.19.0/STM32CubeIDE/plugins/com.st.stm32cube.ide.mcu.externaltools.gnu-tools-for-stm32.13.3.rel1.win32_1.0.0.202411081344/tools/bin/../lib/gcc/arm-none-eabi/13.3.1/../../../../arm-none-eabi/lib/thumb/v7e-m+dp/hard\libc_nano.a(libc_a-sbrkr.o)
 .ARM.attributes
                0x000009ea       0x1c C:/ST/STM32CubeIDE_1.19.0/STM32CubeIDE/plugins/com.st.stm32cube.ide.mcu.externaltools.gnu-tools-for-stm32.13.3.rel1.win32_1.0.0.202411081344/tools/bin/../lib/gcc/arm-none-eabi/13.3.1/../../../../arm-none-eabi/lib/thumb/v7e-m+dp/hard\libc_nano.a(libc_a-memchr.o)
 .ARM.attributes
                0x00000a06       0x32 C:/ST/STM32CubeIDE_1.19.0/STM32CubeIDE/plugins/com.st.stm32cube.ide.mcu.externaltools.gnu-tools-for-stm32.13.3.rel1.win32_1.0.0.202411081344/tools/bin/../lib/gcc/arm-none-eabi/13.3.1/../../../../arm-none-eabi/lib/thumb/v7e-m+dp/hard\libc_nano.a(libc_a-memcpy-stub.o)
 .ARM.attributes
                0x00000a38       0x32 C:/ST/STM32CubeIDE_1.19.0/STM32CubeIDE/plugins/com.st.stm32cube.ide.mcu.externaltools.gnu-tools-for-stm32.13.3.rel1.win32_1.0.0.202411081344/tools/bin/../lib/gcc/arm-none-eabi/13.3.1/../../../../arm-none-eabi/lib/thumb/v7e-m+dp/hard\libc_nano.a(libc_a-reallocr.o)
 .ARM.attributes
                0x00000a6a       0x32 C:/ST/STM32CubeIDE_1.19.0/STM32CubeIDE/plugins/com.st.stm32cube.ide.mcu.externaltools.gnu-tools-for-stm32.13.3.rel1.win32_1.0.0.202411081344/tools/bin/../lib/gcc/arm-none-eabi/13.3.1/../../../../arm-none-eabi/lib/thumb/v7e-m+dp/hard\libc_nano.a(libc_a-msizer.o)
 .ARM.attributes
                0x00000a9c       0x20 C:/ST/STM32CubeIDE_1.19.0/STM32CubeIDE/plugins/com.st.stm32cube.ide.mcu.externaltools.gnu-tools-for-stm32.13.3.rel1.win32_1.0.0.202411081344/tools/bin/../lib/gcc/arm-none-eabi/13.3.1/thumb/v7e-m+dp/hard\libgcc.a(_aeabi_uldivmod.o)
 .ARM.attributes
                0x00000abc       0x32 C:/ST/STM32CubeIDE_1.19.0/STM32CubeIDE/plugins/com.st.stm32cube.ide.mcu.externaltools.gnu-tools-for-stm32.13.3.rel1.win32_1.0.0.202411081344/tools/bin/../lib/gcc/arm-none-eabi/13.3.1/thumb/v7e-m+dp/hard\libgcc.a(_udivmoddi4.o)
 .ARM.attributes
                0x00000aee       0x20 C:/ST/STM32CubeIDE_1.19.0/STM32CubeIDE/plugins/com.st.stm32cube.ide.mcu.externaltools.gnu-tools-for-stm32.13.3.rel1.win32_1.0.0.202411081344/tools/bin/../lib/gcc/arm-none-eabi/13.3.1/thumb/v7e-m+dp/hard\libgcc.a(_dvmd_tls.o)
 .ARM.attributes
                0x00000b0e       0x20 C:/ST/STM32CubeIDE_1.19.0/STM32CubeIDE/plugins/com.st.stm32cube.ide.mcu.externaltools.gnu-tools-for-stm32.13.3.rel1.win32_1.0.0.202411081344/tools/bin/../lib/gcc/arm-none-eabi/13.3.1/thumb/v7e-m+dp/hard/crtn.o
OUTPUT(ALL_IN_ONE.elf elf32-littlearm)
LOAD linker stubs
LOAD C:/ST/STM32CubeIDE_1.19.0/STM32CubeIDE/plugins/com.st.stm32cube.ide.mcu.externaltools.gnu-tools-for-stm32.13.3.rel1.win32_1.0.0.202411081344/tools/bin/../lib/gcc/arm-none-eabi/13.3.1/../../../../arm-none-eabi/lib/thumb/v7e-m+dp/hard\libc.a
LOAD C:/ST/STM32CubeIDE_1.19.0/STM32CubeIDE/plugins/com.st.stm32cube.ide.mcu.externaltools.gnu-tools-for-stm32.13.3.rel1.win32_1.0.0.202411081344/tools/bin/../lib/gcc/arm-none-eabi/13.3.1/../../../../arm-none-eabi/lib/thumb/v7e-m+dp/hard\libm.a
LOAD C:/ST/STM32CubeIDE_1.19.0/STM32CubeIDE/plugins/com.st.stm32cube.ide.mcu.externaltools.gnu-tools-for-stm32.13.3.rel1.win32_1.0.0.202411081344/tools/bin/../lib/gcc/arm-none-eabi/13.3.1/thumb/v7e-m+dp/hard\libgcc.a

.debug_info     0x00000000    0x1e978
 .debug_info    0x00000000      0xb1a ./Core/Src/ILI9341_STM32_Driver.o
 .debug_info    0x00000b1a      0x9f1 ./Core/Src/adc.o
 .debug_info    0x0000150b      0xf78 ./Core/Src/eth.o
 .debug_info    0x00002483      0x4b5 ./Core/Src/gpio.o
 .debug_info    0x00002938     0x17e0 ./Core/Src/main.o
 .debug_info    0x00004118      0x66d ./Core/Src/rng.o
 .debug_info    0x00004785      0x998 ./Core/Src/spi.o
 .debug_info    0x0000511d      0x28d ./Core/Src/stm32f7xx_hal_msp.o
 .debug_info    0x000053aa      0xdc8 ./Core/Src/stm32f7xx_it.o
 .debug_info    0x00006172      0x168 ./Core/Src/sysmem.o
 .debug_info    0x000062da      0x6ed ./Core/Src/system_stm32f7xx.o
 .debug_info    0x000069c7     0x1073 ./Core/Src/tim.o
 .debug_info    0x00007a3a      0xf92 ./Core/Src/usart.o
 .debug_info    0x000089cc      0xc1d ./Core/Src/usb_otg.o
 .debug_info    0x000095e9       0x30 ./Core/Startup/startup_stm32f767zitx.o
 .debug_info    0x00009619      0xa4c ./Drivers/STM32F7xx_HAL_Driver/Src/stm32f7xx_hal.o
 .debug_info    0x0000a065      0xc92 ./Drivers/STM32F7xx_HAL_Driver/Src/stm32f7xx_hal_adc.o
 .debug_info    0x0000acf7      0xafc ./Drivers/STM32F7xx_HAL_Driver/Src/stm32f7xx_hal_adc_ex.o
 .debug_info    0x0000b7f3      0xfc0 ./Drivers/STM32F7xx_HAL_Driver/Src/stm32f7xx_hal_cortex.o
 .debug_info    0x0000c7b3      0x8e7 ./Drivers/STM32F7xx_HAL_Driver/Src/stm32f7xx_hal_dma.o
 .debug_info    0x0000d09a     0x21b6 ./Drivers/STM32F7xx_HAL_Driver/Src/stm32f7xx_hal_eth.o
 .debug_info    0x0000f250      0x6f3 ./Drivers/STM32F7xx_HAL_Driver/Src/stm32f7xx_hal_gpio.o
 .debug_info    0x0000f943     0x1599 ./Drivers/STM32F7xx_HAL_Driver/Src/stm32f7xx_hal_pcd.o
 .debug_info    0x00010edc      0x7a3 ./Drivers/STM32F7xx_HAL_Driver/Src/stm32f7xx_hal_pcd_ex.o
 .debug_info    0x0001167f      0x90e ./Drivers/STM32F7xx_HAL_Driver/Src/stm32f7xx_hal_pwr.o
 .debug_info    0x00011f8d      0x8cd ./Drivers/STM32F7xx_HAL_Driver/Src/stm32f7xx_hal_pwr_ex.o
 .debug_info    0x0001285a      0x94b ./Drivers/STM32F7xx_HAL_Driver/Src/stm32f7xx_hal_rcc.o
 .debug_info    0x000131a5      0x6e1 ./Drivers/STM32F7xx_HAL_Driver/Src/stm32f7xx_hal_rcc_ex.o
 .debug_info    0x00013886      0x493 ./Drivers/STM32F7xx_HAL_Driver/Src/stm32f7xx_hal_rng.o
 .debug_info    0x00013d19     0x15c0 ./Drivers/STM32F7xx_HAL_Driver/Src/stm32f7xx_hal_spi.o
 .debug_info    0x000152d9     0x2ad5 ./Drivers/STM32F7xx_HAL_Driver/Src/stm32f7xx_hal_tim.o
 .debug_info    0x00017dae     0x16bb ./Drivers/STM32F7xx_HAL_Driver/Src/stm32f7xx_hal_tim_ex.o
 .debug_info    0x00019469     0x3b13 ./Drivers/STM32F7xx_HAL_Driver/Src/stm32f7xx_hal_uart.o
 .debug_info    0x0001cf7c     0x19fc ./Drivers/STM32F7xx_HAL_Driver/Src/stm32f7xx_ll_usb.o

.debug_abbrev   0x00000000     0x47be
 .debug_abbrev  0x00000000      0x281 ./Core/Src/ILI9341_STM32_Driver.o
 .debug_abbrev  0x00000281      0x1f3 ./Core/Src/adc.o
 .debug_abbrev  0x00000474      0x249 ./Core/Src/eth.o
 .debug_abbrev  0x000006bd      0x152 ./Core/Src/gpio.o
 .debug_abbrev  0x0000080f      0x379 ./Core/Src/main.o
 .debug_abbrev  0x00000b88      0x1b6 ./Core/Src/rng.o
 .debug_abbrev  0x00000d3e      0x1fa ./Core/Src/spi.o
 .debug_abbrev  0x00000f38       0xd8 ./Core/Src/stm32f7xx_hal_msp.o
 .debug_abbrev  0x00001010      0x1de ./Core/Src/stm32f7xx_it.o
 .debug_abbrev  0x000011ee       0xbc ./Core/Src/sysmem.o
 .debug_abbrev  0x000012aa      0x13b ./Core/Src/system_stm32f7xx.o
 .debug_abbrev  0x000013e5      0x258 ./Core/Src/tim.o
 .debug_abbrev  0x0000163d      0x218 ./Core/Src/usart.o
 .debug_abbrev  0x00001855      0x230 ./Core/Src/usb_otg.o
 .debug_abbrev  0x00001a85       0x24 ./Core/Startup/startup_stm32f767zitx.o
 .debug_abbrev  0x00001aa9      0x213 ./Drivers/STM32F7xx_HAL_Driver/Src/stm32f7xx_hal.o
 .debug_abbrev  0x00001cbc      0x252 ./Drivers/STM32F7xx_HAL_Driver/Src/stm32f7xx_hal_adc.o
 .debug_abbrev  0x00001f0e      0x270 ./Drivers/STM32F7xx_HAL_Driver/Src/stm32f7xx_hal_adc_ex.o
 .debug_abbrev  0x0000217e      0x31e ./Drivers/STM32F7xx_HAL_Driver/Src/stm32f7xx_hal_cortex.o
 .debug_abbrev  0x0000249c      0x264 ./Drivers/STM32F7xx_HAL_Driver/Src/stm32f7xx_hal_dma.o
 .debug_abbrev  0x00002700      0x35a ./Drivers/STM32F7xx_HAL_Driver/Src/stm32f7xx_hal_eth.o
 .debug_abbrev  0x00002a5a      0x1d4 ./Drivers/STM32F7xx_HAL_Driver/Src/stm32f7xx_hal_gpio.o
 .debug_abbrev  0x00002c2e      0x2ee ./Drivers/STM32F7xx_HAL_Driver/Src/stm32f7xx_hal_pcd.o
 .debug_abbrev  0x00002f1c      0x1ca ./Drivers/STM32F7xx_HAL_Driver/Src/stm32f7xx_hal_pcd_ex.o
 .debug_abbrev  0x000030e6      0x1c5 ./Drivers/STM32F7xx_HAL_Driver/Src/stm32f7xx_hal_pwr.o
 .debug_abbrev  0x000032ab      0x1d5 ./Drivers/STM32F7xx_HAL_Driver/Src/stm32f7xx_hal_pwr_ex.o
 .debug_abbrev  0x00003480      0x2de ./Drivers/STM32F7xx_HAL_Driver/Src/stm32f7xx_hal_rcc.o
 .debug_abbrev  0x0000375e      0x1c9 ./Drivers/STM32F7xx_HAL_Driver/Src/stm32f7xx_hal_rcc_ex.o
 .debug_abbrev  0x00003927      0x1c4 ./Drivers/STM32F7xx_HAL_Driver/Src/stm32f7xx_hal_rng.o
 .debug_abbrev  0x00003aeb      0x25f ./Drivers/STM32F7xx_HAL_Driver/Src/stm32f7xx_hal_spi.o
 .debug_abbrev  0x00003d4a      0x278 ./Drivers/STM32F7xx_HAL_Driver/Src/stm32f7xx_hal_tim.o
 .debug_abbrev  0x00003fc2      0x283 ./Drivers/STM32F7xx_HAL_Driver/Src/stm32f7xx_hal_tim_ex.o
 .debug_abbrev  0x00004245      0x2e6 ./Drivers/STM32F7xx_HAL_Driver/Src/stm32f7xx_hal_uart.o
 .debug_abbrev  0x0000452b      0x293 ./Drivers/STM32F7xx_HAL_Driver/Src/stm32f7xx_ll_usb.o

.debug_aranges  0x00000000     0x1950
 .debug_aranges
                0x00000000       0x98 ./Core/Src/ILI9341_STM32_Driver.o
 .debug_aranges
                0x00000098       0x30 ./Core/Src/adc.o
 .debug_aranges
                0x000000c8       0x30 ./Core/Src/eth.o
 .debug_aranges
                0x000000f8       0x20 ./Core/Src/gpio.o
 .debug_aranges
                0x00000118       0x70 ./Core/Src/main.o
 .debug_aranges
                0x00000188       0x30 ./Core/Src/rng.o
 .debug_aranges
                0x000001b8       0x30 ./Core/Src/spi.o
 .debug_aranges
                0x000001e8       0x20 ./Core/Src/stm32f7xx_hal_msp.o
 .debug_aranges
                0x00000208       0x98 ./Core/Src/stm32f7xx_it.o
 .debug_aranges
                0x000002a0       0x20 ./Core/Src/sysmem.o
 .debug_aranges
                0x000002c0       0x28 ./Core/Src/system_stm32f7xx.o
 .debug_aranges
                0x000002e8       0x48 ./Core/Src/tim.o
 .debug_aranges
                0x00000330       0x30 ./Core/Src/usart.o
 .debug_aranges
                0x00000360       0x30 ./Core/Src/usb_otg.o
 .debug_aranges
                0x00000390       0x28 ./Core/Startup/startup_stm32f767zitx.o
 .debug_aranges
                0x000003b8      0x110 ./Drivers/STM32F7xx_HAL_Driver/Src/stm32f7xx_hal.o
 .debug_aranges
                0x000004c8       0xe8 ./Drivers/STM32F7xx_HAL_Driver/Src/stm32f7xx_hal_adc.o
 .debug_aranges
                0x000005b0       0x90 ./Drivers/STM32F7xx_HAL_Driver/Src/stm32f7xx_hal_adc_ex.o
 .debug_aranges
                0x00000640      0x128 ./Drivers/STM32F7xx_HAL_Driver/Src/stm32f7xx_hal_cortex.o
 .debug_aranges
                0x00000768       0x90 ./Drivers/STM32F7xx_HAL_Driver/Src/stm32f7xx_hal_dma.o
 .debug_aranges
                0x000007f8      0x1e8 ./Drivers/STM32F7xx_HAL_Driver/Src/stm32f7xx_hal_eth.o
 .debug_aranges
                0x000009e0       0x58 ./Drivers/STM32F7xx_HAL_Driver/Src/stm32f7xx_hal_gpio.o
 .debug_aranges
                0x00000a38      0x148 ./Drivers/STM32F7xx_HAL_Driver/Src/stm32f7xx_hal_pcd.o
 .debug_aranges
                0x00000b80       0x48 ./Drivers/STM32F7xx_HAL_Driver/Src/stm32f7xx_hal_pcd_ex.o
 .debug_aranges
                0x00000bc8       0xa0 ./Drivers/STM32F7xx_HAL_Driver/Src/stm32f7xx_hal_pwr.o
 .debug_aranges
                0x00000c68       0x80 ./Drivers/STM32F7xx_HAL_Driver/Src/stm32f7xx_hal_pwr_ex.o
 .debug_aranges
                0x00000ce8       0x88 ./Drivers/STM32F7xx_HAL_Driver/Src/stm32f7xx_hal_rcc.o
 .debug_aranges
                0x00000d70       0x50 ./Drivers/STM32F7xx_HAL_Driver/Src/stm32f7xx_hal_rcc_ex.o
 .debug_aranges
                0x00000dc0       0x88 ./Drivers/STM32F7xx_HAL_Driver/Src/stm32f7xx_hal_rng.o
 .debug_aranges
                0x00000e48      0x1d8 ./Drivers/STM32F7xx_HAL_Driver/Src/stm32f7xx_hal_spi.o
 .debug_aranges
                0x00001020      0x3e0 ./Drivers/STM32F7xx_HAL_Driver/Src/stm32f7xx_hal_tim.o
 .debug_aranges
                0x00001400      0x180 ./Drivers/STM32F7xx_HAL_Driver/Src/stm32f7xx_hal_tim_ex.o
 .debug_aranges
                0x00001580      0x230 ./Drivers/STM32F7xx_HAL_Driver/Src/stm32f7xx_hal_uart.o
 .debug_aranges
                0x000017b0      0x1a0 ./Drivers/STM32F7xx_HAL_Driver/Src/stm32f7xx_ll_usb.o

.debug_rnglists
                0x00000000     0x1396
 .debug_rnglists
                0x00000000       0x75 ./Core/Src/ILI9341_STM32_Driver.o
 .debug_rnglists
                0x00000075       0x21 ./Core/Src/adc.o
 .debug_rnglists
                0x00000096       0x21 ./Core/Src/eth.o
 .debug_rnglists
                0x000000b7       0x14 ./Core/Src/gpio.o
 .debug_rnglists
                0x000000cb       0x53 ./Core/Src/main.o
 .debug_rnglists
                0x0000011e       0x1f ./Core/Src/rng.o
 .debug_rnglists
                0x0000013d       0x20 ./Core/Src/spi.o
 .debug_rnglists
                0x0000015d       0x13 ./Core/Src/stm32f7xx_hal_msp.o
 .debug_rnglists
                0x00000170       0x6d ./Core/Src/stm32f7xx_it.o
 .debug_rnglists
                0x000001dd       0x13 ./Core/Src/sysmem.o
 .debug_rnglists
                0x000001f0       0x1a ./Core/Src/system_stm32f7xx.o
 .debug_rnglists
                0x0000020a       0x36 ./Core/Src/tim.o
 .debug_rnglists
                0x00000240       0x20 ./Core/Src/usart.o
 .debug_rnglists
                0x00000260       0x20 ./Core/Src/usb_otg.o
 .debug_rnglists
                0x00000280       0x19 ./Core/Startup/startup_stm32f767zitx.o
 .debug_rnglists
                0x00000299       0xc7 ./Drivers/STM32F7xx_HAL_Driver/Src/stm32f7xx_hal.o
 .debug_rnglists
                0x00000360       0xb5 ./Drivers/STM32F7xx_HAL_Driver/Src/stm32f7xx_hal_adc.o
 .debug_rnglists
                0x00000415       0x71 ./Drivers/STM32F7xx_HAL_Driver/Src/stm32f7xx_hal_adc_ex.o
 .debug_rnglists
                0x00000486       0xda ./Drivers/STM32F7xx_HAL_Driver/Src/stm32f7xx_hal_cortex.o
 .debug_rnglists
                0x00000560       0x70 ./Drivers/STM32F7xx_HAL_Driver/Src/stm32f7xx_hal_dma.o
 .debug_rnglists
                0x000005d0      0x183 ./Drivers/STM32F7xx_HAL_Driver/Src/stm32f7xx_hal_eth.o
 .debug_rnglists
                0x00000753       0x3f ./Drivers/STM32F7xx_HAL_Driver/Src/stm32f7xx_hal_gpio.o
 .debug_rnglists
                0x00000792       0xfa ./Drivers/STM32F7xx_HAL_Driver/Src/stm32f7xx_hal_pcd.o
 .debug_rnglists
                0x0000088c       0x32 ./Drivers/STM32F7xx_HAL_Driver/Src/stm32f7xx_hal_pcd_ex.o
 .debug_rnglists
                0x000008be       0x74 ./Drivers/STM32F7xx_HAL_Driver/Src/stm32f7xx_hal_pwr.o
 .debug_rnglists
                0x00000932       0x5f ./Drivers/STM32F7xx_HAL_Driver/Src/stm32f7xx_hal_pwr_ex.o
 .debug_rnglists
                0x00000991       0x67 ./Drivers/STM32F7xx_HAL_Driver/Src/stm32f7xx_hal_rcc.o
 .debug_rnglists
                0x000009f8       0x3c ./Drivers/STM32F7xx_HAL_Driver/Src/stm32f7xx_hal_rcc_ex.o
 .debug_rnglists
                0x00000a34       0x63 ./Drivers/STM32F7xx_HAL_Driver/Src/stm32f7xx_hal_rng.o
 .debug_rnglists
                0x00000a97      0x178 ./Drivers/STM32F7xx_HAL_Driver/Src/stm32f7xx_hal_spi.o
 .debug_rnglists
                0x00000c0f      0x328 ./Drivers/STM32F7xx_HAL_Driver/Src/stm32f7xx_hal_tim.o
 .debug_rnglists
                0x00000f37      0x138 ./Drivers/STM32F7xx_HAL_Driver/Src/stm32f7xx_hal_tim_ex.o
 .debug_rnglists
                0x0000106f      0x1e0 ./Drivers/STM32F7xx_HAL_Driver/Src/stm32f7xx_hal_uart.o
 .debug_rnglists
                0x0000124f      0x147 ./Drivers/STM32F7xx_HAL_Driver/Src/stm32f7xx_ll_usb.o

.debug_macro    0x00000000     0x5ce9
 .debug_macro   0x00000000      0x275 ./Core/Src/ILI9341_STM32_Driver.o
 .debug_macro   0x00000275      0x262 ./Core/Src/adc.o
 .debug_macro   0x000004d7      0x2ec ./Core/Src/adc.o
 .debug_macro   0x000007c3      0x330 ./Core/Src/eth.o
 .debug_macro   0x00000af3       0x61 ./Core/Src/eth.o
 .debug_macro   0x00000b54       0x29 ./Core/Src/eth.o
 .debug_macro   0x00000b7d       0x43 ./Core/Src/eth.o
 .debug_macro   0x00000bc0       0x34 ./Core/Src/eth.o
 .debug_macro   0x00000bf4      0x370 ./Core/Src/eth.o
 .debug_macro   0x00000f64       0x16 ./Core/Src/eth.o
 .debug_macro   0x00000f7a       0x4a ./Core/Src/eth.o
 .debug_macro   0x00000fc4       0x34 ./Core/Src/eth.o
 .debug_macro   0x00000ff8       0x10 ./Core/Src/eth.o
 .debug_macro   0x00001008       0x58 ./Core/Src/eth.o
 .debug_macro   0x00001060       0x8e ./Core/Src/eth.o
 .debug_macro   0x000010ee       0x1c ./Core/Src/eth.o
 .debug_macro   0x0000110a      0x185 ./Core/Src/eth.o
 .debug_macro   0x0000128f       0x10 ./Core/Src/eth.o
 .debug_macro   0x0000129f       0x3c ./Core/Src/eth.o
 .debug_macro   0x000012db       0x20 ./Core/Src/eth.o
 .debug_macro   0x000012fb      0x262 ./Core/Src/gpio.o
 .debug_macro   0x0000155d      0x2d7 ./Core/Src/main.o
 .debug_macro   0x00001834       0x95 ./Core/Src/main.o
 .debug_macro   0x000018c9       0xd6 ./Core/Src/main.o
 .debug_macro   0x0000199f      0x262 ./Core/Src/rng.o
 .debug_macro   0x00001c01      0x262 ./Core/Src/spi.o
 .debug_macro   0x00001e63      0x258 ./Core/Src/stm32f7xx_hal_msp.o
 .debug_macro   0x000020bb      0x262 ./Core/Src/stm32f7xx_it.o
 .debug_macro   0x0000231d      0x112 ./Core/Src/sysmem.o
 .debug_macro   0x0000242f      0x23c ./Core/Src/sysmem.o
 .debug_macro   0x0000266b      0x249 ./Core/Src/system_stm32f7xx.o
 .debug_macro   0x000028b4      0x262 ./Core/Src/tim.o
 .debug_macro   0x00002b16      0x262 ./Core/Src/usart.o
 .debug_macro   0x00002d78      0x262 ./Core/Src/usb_otg.o
 .debug_macro   0x00002fda      0x26d ./Drivers/STM32F7xx_HAL_Driver/Src/stm32f7xx_hal.o
 .debug_macro   0x00003247      0x24a ./Drivers/STM32F7xx_HAL_Driver/Src/stm32f7xx_hal_adc.o
 .debug_macro   0x00003491      0x249 ./Drivers/STM32F7xx_HAL_Driver/Src/stm32f7xx_hal_adc_ex.o
 .debug_macro   0x000036da      0x249 ./Drivers/STM32F7xx_HAL_Driver/Src/stm32f7xx_hal_cortex.o
 .debug_macro   0x00003923      0x24f ./Drivers/STM32F7xx_HAL_Driver/Src/stm32f7xx_hal_dma.o
 .debug_macro   0x00003b72      0x323 ./Drivers/STM32F7xx_HAL_Driver/Src/stm32f7xx_hal_eth.o
 .debug_macro   0x00003e95      0x24f ./Drivers/STM32F7xx_HAL_Driver/Src/stm32f7xx_hal_gpio.o
 .debug_macro   0x000040e4      0x255 ./Drivers/STM32F7xx_HAL_Driver/Src/stm32f7xx_hal_pcd.o
 .debug_macro   0x00004339      0x249 ./Drivers/STM32F7xx_HAL_Driver/Src/stm32f7xx_hal_pcd_ex.o
 .debug_macro   0x00004582      0x267 ./Drivers/STM32F7xx_HAL_Driver/Src/stm32f7xx_hal_pwr.o
 .debug_macro   0x000047e9      0x261 ./Drivers/STM32F7xx_HAL_Driver/Src/stm32f7xx_hal_pwr_ex.o
 .debug_macro   0x00004a4a      0x26d ./Drivers/STM32F7xx_HAL_Driver/Src/stm32f7xx_hal_rcc.o
 .debug_macro   0x00004cb7      0x249 ./Drivers/STM32F7xx_HAL_Driver/Src/stm32f7xx_hal_rcc_ex.o
 .debug_macro   0x00004f00      0x24f ./Drivers/STM32F7xx_HAL_Driver/Src/stm32f7xx_hal_rng.o
 .debug_macro   0x0000514f      0x258 ./Drivers/STM32F7xx_HAL_Driver/Src/stm32f7xx_hal_spi.o
 .debug_macro   0x000053a7      0x24a ./Drivers/STM32F7xx_HAL_Driver/Src/stm32f7xx_hal_tim.o
 .debug_macro   0x000055f1      0x249 ./Drivers/STM32F7xx_HAL_Driver/Src/stm32f7xx_hal_tim_ex.o
 .debug_macro   0x0000583a      0x266 ./Drivers/STM32F7xx_HAL_Driver/Src/stm32f7xx_hal_uart.o
 .debug_macro   0x00005aa0      0x249 ./Drivers/STM32F7xx_HAL_Driver/Src/stm32f7xx_ll_usb.o

.debug_line     0x00000000    0x21e85
 .debug_line    0x00000000      0xbb5 ./Core/Src/ILI9341_STM32_Driver.o
 .debug_line    0x00000bb5      0x8ec ./Core/Src/adc.o
 .debug_line    0x000014a1      0xa5c ./Core/Src/eth.o
 .debug_line    0x00001efd      0x8dc ./Core/Src/gpio.o
 .debug_line    0x000027d9      0xb82 ./Core/Src/main.o
 .debug_line    0x0000335b      0x8a0 ./Core/Src/rng.o
 .debug_line    0x00003bfb      0x8c5 ./Core/Src/spi.o
 .debug_line    0x000044c0      0x848 ./Core/Src/stm32f7xx_hal_msp.o
 .debug_line    0x00004d08      0x9a2 ./Core/Src/stm32f7xx_it.o
 .debug_line    0x000056aa      0x588 ./Core/Src/sysmem.o
 .debug_line    0x00005c32      0x8bc ./Core/Src/system_stm32f7xx.o
 .debug_line    0x000064ee      0xa46 ./Core/Src/tim.o
 .debug_line    0x00006f34      0x8d5 ./Core/Src/usart.o
 .debug_line    0x00007809      0x8e1 ./Core/Src/usb_otg.o
 .debug_line    0x000080ea       0x7a ./Core/Startup/startup_stm32f767zitx.o
 .debug_line    0x00008164      0xb9f ./Drivers/STM32F7xx_HAL_Driver/Src/stm32f7xx_hal.o
 .debug_line    0x00008d03     0x1334 ./Drivers/STM32F7xx_HAL_Driver/Src/stm32f7xx_hal_adc.o
 .debug_line    0x0000a037      0xf59 ./Drivers/STM32F7xx_HAL_Driver/Src/stm32f7xx_hal_adc_ex.o
 .debug_line    0x0000af90      0xdef ./Drivers/STM32F7xx_HAL_Driver/Src/stm32f7xx_hal_cortex.o
 .debug_line    0x0000bd7f     0x10bc ./Drivers/STM32F7xx_HAL_Driver/Src/stm32f7xx_hal_dma.o
 .debug_line    0x0000ce3b     0x1b4f ./Drivers/STM32F7xx_HAL_Driver/Src/stm32f7xx_hal_eth.o
 .debug_line    0x0000e98a      0xcc9 ./Drivers/STM32F7xx_HAL_Driver/Src/stm32f7xx_hal_gpio.o
 .debug_line    0x0000f653     0x1543 ./Drivers/STM32F7xx_HAL_Driver/Src/stm32f7xx_hal_pcd.o
 .debug_line    0x00010b96      0x95a ./Drivers/STM32F7xx_HAL_Driver/Src/stm32f7xx_hal_pcd_ex.o
 .debug_line    0x000114f0      0xa6f ./Drivers/STM32F7xx_HAL_Driver/Src/stm32f7xx_hal_pwr.o
 .debug_line    0x00011f5f      0xb3f ./Drivers/STM32F7xx_HAL_Driver/Src/stm32f7xx_hal_pwr_ex.o
 .debug_line    0x00012a9e     0x10a6 ./Drivers/STM32F7xx_HAL_Driver/Src/stm32f7xx_hal_rcc.o
 .debug_line    0x00013b44      0xff2 ./Drivers/STM32F7xx_HAL_Driver/Src/stm32f7xx_hal_rcc_ex.o
 .debug_line    0x00014b36      0xab0 ./Drivers/STM32F7xx_HAL_Driver/Src/stm32f7xx_hal_rng.o
 .debug_line    0x000155e6     0x2175 ./Drivers/STM32F7xx_HAL_Driver/Src/stm32f7xx_hal_spi.o
 .debug_line    0x0001775b     0x3e0a ./Drivers/STM32F7xx_HAL_Driver/Src/stm32f7xx_hal_tim.o
 .debug_line    0x0001b565     0x1c75 ./Drivers/STM32F7xx_HAL_Driver/Src/stm32f7xx_hal_tim_ex.o
 .debug_line    0x0001d1da     0x2e5b ./Drivers/STM32F7xx_HAL_Driver/Src/stm32f7xx_hal_uart.o
 .debug_line    0x00020035     0x1e50 ./Drivers/STM32F7xx_HAL_Driver/Src/stm32f7xx_ll_usb.o

.debug_str      0x00000000   0x10cc77
 .debug_str     0x00000000   0x10cc77 ./Core/Src/ILI9341_STM32_Driver.o
                             0x101b24 (size before relaxing)
 .debug_str     0x0010cc77   0x1017ae ./Core/Src/adc.o
 .debug_str     0x0010cc77   0x104c02 ./Core/Src/eth.o
 .debug_str     0x0010cc77   0x10134e ./Core/Src/gpio.o
 .debug_str     0x0010cc77   0x102a39 ./Core/Src/main.o
 .debug_str     0x0010cc77   0x1016b3 ./Core/Src/rng.o
 .debug_str     0x0010cc77   0x1017e3 ./Core/Src/spi.o
 .debug_str     0x0010cc77   0x101271 ./Core/Src/stm32f7xx_hal_msp.o
 .debug_str     0x0010cc77   0x101c11 ./Core/Src/stm32f7xx_it.o
 .debug_str     0x0010cc77     0x77c5 ./Core/Src/sysmem.o
 .debug_str     0x0010cc77   0x10090e ./Core/Src/system_stm32f7xx.o